Script started on Sat Feb 20 15:38:55 2021
[?1034hbash-3.2$ git init
Initialized empty Git repository in /Applications/MAMP/htdocs/js/dearlog/.git/
bash-3.2$ mkdir server[K[K[K[K[K[K[K[K[K[K[K[Kserver[K[K[K[K[K[Kmd[Kkdir server
bash-3.2$ npm init -y
Wrote to /Applications/MAMP/htdocs/js/dearlog/package.json:

{
  "name": "dearlog",
  "version": "1.0.0",
  "description": "",
  "main": "index.js",
  "scripts": {
    "test": "echo \"Error: no test specified\" && exit 1"
  },
  "keywords": [],
  "author": "",
  "license": "ISC"
}


bash-3.2$ ls
_log.txt	package.json	server
bash-3.2$ touch .gitignore
bash-3.2$ npm[K[K[Kgit status
On branch master

No commits yet

Untracked files:
  (use "git add <file>..." to include in what will be committed)

	[31m.DS_Store[m
	[31m.gitignore[m
	[31m_log.txt[m
	[31mpackage.json[m

nothing added to commit but untracked files present (use "git add" to track)
bash-3.2$ git status
On branch master

No commits yet

Untracked files:
  (use "git add <file>..." to include in what will be committed)

	[31m.gitignore[m
	[31m_log.txt[m
	[31mpackage.json[m

nothing added to commit but untracked files present (use "git add" to track)
bash-3.2$ 