Script started on Sat Feb 20 15:38:55 2021
[?1034hbash-3.2$ git init
Initialized empty Git repository in /Applications/MAMP/htdocs/js/dearlog/.git/
bash-3.2$ mkdir server[K[K[K[K[K[K[K[K[K[K[K[Kserver[K[K[K[K[K[Kmd[Kkdir server
bash-3.2$ npm init -y
Wrote to /Applications/MAMP/htdocs/js/dearlog/package.json:

{
  "name": "dearlog",
  "version": "1.0.0",
  "description": "",
  "main": "index.js",
  "scripts": {
    "test": "echo \"Error: no test specified\" && exit 1"
  },
  "keywords": [],
  "author": "",
  "license": "ISC"
}


bash-3.2$ ls
_log.txt	package.json	server
bash-3.2$ touch .gitignore
bash-3.2$ npm[K[K[Kgit status
On branch master

No commits yet

Untracked files:
  (use "git add <file>..." to include in what will be committed)

	[31m.DS_Store[m
	[31m.gitignore[m
	[31m_log.txt[m
	[31mpackage.json[m

nothing added to commit but untracked files present (use "git add" to track)
bash-3.2$ git status
On branch master

No commits yet

Untracked files:
  (use "git add <file>..." to include in what will be committed)

	[31m.gitignore[m
	[31m_log.txt[m
	[31mpackage.json[m

nothing added to commit but untracked files present (use "git add" to track)
bash-3.2$ git add .
bash-3.2$ git add .status
On branch master

No commits yet

Changes to be committed:
  (use "git rm --cached <file>..." to unstage)

	[32mnew file:   .gitignore[m
	[32mnew file:   _log.txt[m
	[32mnew file:   package.json[m

bash-3.2$ git status[1Padd .[K[K[K[K[Kcommit -m é[K"INI[K[Kinit[K[K[K[Knit"
[master (root-commit) 6276873] Init
 Committer: julien himmer <julienhimmer@kgfgfgfgjhkjkljuhuyhythdesxdsxxdfghjvbnjlmp--jjun.local>
Your name and email address were configured automatically based
on your username and hostname. Please check that they are accurate.
You can suppress this message by setting them explicitly. Run the
following command and follow the instructions in your editor to edit
your configuration file:

    git config --global --edit

After doing this, you may fix the identity used for this commit with:

    git commit --amend --reset-author

 3 files changed, 66 insertions(+)
 create mode 100644 .gitignore
 create mode 100644 _log.txt
 create mode 100644 package.json
bash-3.2$ npm start expre[K[K[K[K[K--save express nodemon [K body-parser[C[1P[1P[1P[1P[1P[1@i[1@n[1@s[1@t[1@a[1@l[1@l[C[C[C[C[C[C[C[C[C[C[C[C[C[C[C[C[C[C[C[C[C[C[C[C[C[C[C[C[C[C[C[C[C[C[C sequelize sequelize-cli sqlite3
[?25l⸨[90m░░░░░░░░░░░░░░░░░░[0m⸩ ⠧ rollbackFailedOptional: [34;40mverb[0m [35mnpm-session[0m bd1f460ce938e6ea[0m[K⸨[90m░░░░░░░░░░░░░░░░░░[0m⸩ ⠧ rollbackFailedOptional: [34;40mverb[0m [35mnpm-session[0m bd1f460ce938e6ea[0m[K⸨[90m░░░░░░░░░░░░░░░░░░[0m⸩ ⠧ rollbackFailedOptional: [34;40mverb[0m [35mnpm-session[0m bd1f460ce938e6ea[0m[K⸨[90m░░░░░░░░░░░░░░░░░░[0m⸩ ⠧ rollbackFailedOptional: [34;40mverb[0m [35mnpm-session[0m bd1f460ce938e6ea[0m[K⸨[90m░░░░░░░░░░░░░░░░░░[0m⸩ ⠧ rollbackFailedOptional: [34;40mverb[0m [35mnpm-session[0m bd1f460ce938e6ea[0m[K⸨[90m░░░░░░░░░░░░░░░░░░[0m⸩ ⠧ rollbackFailedOptional: [34;40mverb[0m [35mnpm-session[0m bd1f460ce938e6ea[0m[K⸨[90m░░░░░░░░░░░░░░░░░░[0m⸩ ⠧ rollbackFailedOptional: [34;40mverb[0m [35mnpm-session[0m bd1f460ce938e6ea[0m[K⸨[90m░░░░░░░░░░░░░░░░░░[0m⸩ ⠧ rollbackFailedOptional: [34;40mverb[0m [35mnpm-session[0m bd1f460ce938e6ea[0m[K⸨[90m░░░░░░░░░░░░░░░░░░[0m⸩ ⠧ rollbackFailedOptional: [34;40mverb[0m [35mnpm-session[0m bd1f460ce938e6ea[0m[K⸨[90m░░░░░░░░░░░░░░░░░░[0m⸩ ⠧ rollbackFailedOptional: [34;40mverb[0m [35mnpm-session[0m bd1f460ce938e6ea[0m[K⸨[90m░░░░░░░░░░░░░░░░░░[0m⸩ ⠧ rollbackFailedOptional: [34;40mverb[0m [35mnpm-session[0m bd1f460ce938e6ea[0m[K⸨[90m░░░░░░░░░░░░░░░░░░[0m⸩ ⠧ rollbackFailedOptional: [34;40mverb[0m [35mnpm-session[0m bd1f460ce938e6ea[0m[K⸨[90m░░░░░░░░░░░░░░░░░░[0m⸩ ⠦ rollbackFailedOptional: [34;40mverb[0m [35mnpm-session[0m bd1f460ce938e6ea[0m[K⸨[90m░░░░░░░░░░░░░░░░░░[0m⸩ ⠦ rollbackFailedOptional: [34;40mverb[0m [35mnpm-session[0m bd1f460ce938e6ea[0m[K⸨[90m░░░░░░░░░░░░░░░░░░[0m⸩ ⠦ rollbackFailedOptional: [34;40mverb[0m [35mnpm-session[0m bd1f460ce938e6ea[0m[K⸨[90m░░░░░░░░░░░░░░░░░░[0m⸩ ⠦ rollbackFailedOptional: [34;40mverb[0m [35mnpm-session[0m bd1f460ce938e6ea[0m[K⸨[90m░░░░░░░░░░░░░░░░░░[0m⸩ ⠦ rollbackFailedOptional: [34;40mverb[0m [35mnpm-session[0m bd1f460ce938e6ea[0m[K⸨[90m░░░░░░░░░░░░░░░░░░[0m⸩ ⠦ rollbackFailedOptional: [34;40mverb[0m [35mnpm-session[0m bd1f460ce938e6ea[0m[K⸨[90m░░░░░░░░░░░░░░░░░░[0m⸩ ⠦ rollbackFailedOptional: [34;40mverb[0m [35mnpm-session[0m bd1f460ce938e6ea[0m[K⸨[90m░░░░░░░░░░░░░░░░░░[0m⸩ ⠦ rollbackFailedOptional: [34;40mverb[0m [35mnpm-session[0m bd1f460ce938e6ea[0m[K⸨[90m░░░░░░░░░░░░░░░░░░[0m⸩ ⠦ rollbackFailedOptional: [34;40mverb[0m [35mnpm-session[0m bd1f460ce938e6ea[0m[K⸨[90m░░░░░░░░░░░░░░░░░░[0m⸩ ⠦ rollbackFailedOptional: [34;40mverb[0m [35mnpm-session[0m bd1f460ce938e6ea[0m[K⸨[90m░░░░░░░░░░░░░░░░░░[0m⸩ ⠦ rollbackFailedOptional: [34;40mverb[0m [35mnpm-session[0m bd1f460ce938e6ea[0m[K⸨[90m░░░░░░░░░░░░░░░░░░[0m⸩ ⠦ rollbackFailedOptional: [34;40mverb[0m [35mnpm-session[0m bd1f460ce938e6ea[0m[K⸨[90m░░░░░░░░░░░░░░░░░░[0m⸩ ⠦ rollbackFailedOptional: [34;40mverb[0m [35mnpm-session[0m bd1f460ce938e6ea[0m[K⸨[90m░░░░░░░░░░░░░░░░░░[0m⸩ ⠦ rollbackFailedOptional: [34;40mverb[0m [35mnpm-session[0m bd1f460ce938e6ea[0m[K⸨[90m░░░░░░░░░░░░░░░░░░[0m⸩ ⠦ rollbackFailedOptional: [34;40mverb[0m [35mnpm-session[0m bd1f460ce938e6ea[0m[K⸨[90m░░░░░░░░░░░░░░░░░░[0m⸩ ⠦ rollbackFailedOptional: [34;40mverb[0m [35mnpm-session[0m bd1f460ce938e6ea[0m[K⸨[90m░░░░░░░░░░░░░░░░░░[0m⸩ ⠦ rollbackFailedOptional: [34;40mverb[0m [35mnpm-session[0m bd1f460ce938e6ea[0m[K⸨[90m░░░░░░░░░░░░░░░░░░[0m⸩ ⠦ rollbackFailedOptional: [34;40mverb[0m [35mnpm-session[0m bd1f460ce938e6ea[0m[K⸨[90m░░░░░░░░░░░░░░░░░░[0m⸩ ⠦ rollbackFailedOptional: [34;40mverb[0m [35mnpm-session[0m bd1f460ce938e6ea[0m[K⸨[90m░░░░░░░░░░░░░░░░░░[0m⸩ ⠦ rollbackFailedOptional: [34;40mverb[0m [35mnpm-session[0m bd1f460ce938e6ea[0m[K⸨[90m░░░░░░░░░░░░░░░░░░[0m⸩ ⠦ rollbackFailedOptional: [34;40mverb[0m [35mnpm-session[0m bd1f460ce938e6ea[0m[K⸨[90m░░░░░░░░░░░░░░░░░░[0m⸩ ⠦ rollbackFailedOptional: [34;40mverb[0m [35mnpm-session[0m bd1f460ce938e6ea[0m[K⸨[90m░░░░░░░░░░░░░░░░░░[0m⸩ ⠦ rollbackFailedOptional: [34;40mverb[0m [35mnpm-session[0m bd1f460ce938e6ea[0m[K⸨[90m░░░░░░░░░░░░░░░░░░[0m⸩ ⠦ rollbackFailedOptional: [34;40mverb[0m [35mnpm-session[0m bd1f460ce938e6ea[0m[K⸨[90m░░░░░░░░░░░░░░░░░░[0m⸩ ⠦ rollbackFailedOptional: [34;40mverb[0m [35mnpm-session[0m bd1f460ce938e6ea[0m[K⸨[90m░░░░░░░░░░░░░░░░░░[0m⸩ ⠦ rollbackFailedOptional: [34;40mverb[0m [35mnpm-session[0m bd1f460ce938e6ea[0m[K⸨[90m░░░░░░░░░░░░░░░░░░[0m⸩ ⠦ rollbackFailedOptional: [34;40mverb[0m [35mnpm-session[0m bd1f460ce938e6ea[0m[K⸨[90m░░░░░░░░░░░░░░░░░░[0m⸩ ⠧ rollbackFailedOptional: [34;40mverb[0m [35mnpm-session[0m bd1f460ce938e6ea[0m[K⸨[90m░░░░░░░░░░░░░░░░░░[0m⸩ ⠧ rollbackFailedOptional: [34;40mverb[0m [35mnpm-session[0m bd1f460ce938e6ea[0m[K⸨[90m░░░░░░░░░░░░░░░░░░[0m⸩ ⠧ rollbackFailedOptional: [34;40mverb[0m [35mnpm-session[0m bd1f460ce938e6ea[0m[K⸨[90m░░░░░░░░░░░░░░░░░░[0m⸩ ⠧ rollbackFailedOptional: [34;40mverb[0m [35mnpm-session[0m bd1f460ce938e6ea[0m[K⸨[90m░░░░░░░░░░░░░░░░░░[0m⸩ ⠧ rollbackFailedOptional: [34;40mverb[0m [35mnpm-session[0m bd1f460ce938e6ea[0m[K⸨[90m░░░░░░░░░░░░░░░░░░[0m⸩ ⠧ rollbackFailedOptional: [34;40mverb[0m [35mnpm-session[0m bd1f460ce938e6ea[0m[K⸨[90m░░░░░░░░░░░░░░░░░░[0m⸩ ⠧ rollbackFailedOptional: [34;40mverb[0m [35mnpm-session[0m bd1f460ce938e6ea[0m[K⸨[90m░░░░░░░░░░░░░░░░░░[0m⸩ ⠧ rollbackFailedOptional: [34;40mverb[0m [35mnpm-session[0m bd1f460ce938e6ea[0m[K⸨[90m░░░░░░░░░░░░░░░░░░[0m⸩ ⠧ rollbackFailedOptional: [34;40mverb[0m [35mnpm-session[0m bd1f460ce938e6ea[0m[K⸨[90m░░░░░░░░░░░░░░░░░░[0m⸩ ⠧ rollbackFailedOptional: [34;40mverb[0m [35mnpm-session[0m bd1f460ce938e6ea[0m[K⸨[90m░░░░░░░░░░░░░░░░░░[0m⸩ ⠧ rollbackFailedOptional: [34;40mverb[0m [35mnpm-session[0m bd1f460ce938e6ea[0m[K⸨[90m░░░░░░░░░░░░░░░░░░[0m⸩ ⠏ rollbackFailedOptional: [34;40mverb[0m [35mnpm-session[0m bd1f460ce938e6ea[0m[K⸨[90m░░░░░░░░░░░░░░░░░░[0m⸩ ⠏ rollbackFailedOptional: [34;40mverb[0m [35mnpm-session[0m bd1f460ce938e6ea[0m[K⸨[90m░░░░░░░░░░░░░░░░░░[0m⸩ ⠏ rollbackFailedOptional: [34;40mverb[0m [35mnpm-session[0m bd1f460ce938e6ea[0m[K⸨[90m░░░░░░░░░░░░░░░░░░[0m⸩ ⠏ rollbackFailedOptional: [34;40mverb[0m [35mnpm-session[0m bd1f460ce938e6ea[0m[K⸨[90m░░░░░░░░░░░░░░░░░░[0m⸩ ⠏ rollbackFailedOptional: [34;40mverb[0m [35mnpm-session[0m bd1f460ce938e6ea[0m[K⸨[90m░░░░░░░░░░░░░░░░░░[0m⸩ ⠏ rollbackFailedOptional: [34;40mverb[0m [35mnpm-session[0m bd1f460ce938e6ea[0m[K⸨[90m░░░░░░░░░░░░░░░░░░[0m⸩ ⠏ rollbackFailedOptional: [34;40mverb[0m [35mnpm-session[0m bd1f460ce938e6ea[0m[K⸨[90m░░░░░░░░░░░░░░░░░░[0m⸩ ⠏ rollbackFailedOptional: [34;40mverb[0m [35mnpm-session[0m bd1f460ce938e6ea[0m[K⸨[90m░░░░░░░░░░░░░░░░░░[0m⸩ ⠏ rollbackFailedOptional: [34;40mverb[0m [35mnpm-session[0m bd1f460ce938e6ea[0m[K⸨[90m░░░░░░░░░░░░░░░░░░[0m⸩ ⠏ rollbackFailedOptional: [34;40mverb[0m [35mnpm-session[0m bd1f460ce938e6ea[0m[K⸨[90m░░░░░░░░░░░░░░░░░░[0m⸩ ⠏ rollbackFailedOptional: [34;40mverb[0m [35mnpm-session[0m bd1f460ce938e6ea[0m[K⸨[90m░░░░░░░░░░░░░░░░░░[0m⸩ ⠏ rollbackFailedOptional: [34;40mverb[0m [35mnpm-session[0m bd1f460ce938e6ea[0m[K⸨[90m░░░░░░░░░░░░░░░░░░[0m⸩ ⠏ rollbackFailedOptional: [34;40mverb[0m [35mnpm-session[0m bd1f460ce938e6ea[0m[K⸨[90m░░░░░░░░░░░░░░░░░░[0m⸩ ⠏ rollbackFailedOptional: [34;40mverb[0m [35mnpm-session[0m bd1f460ce938e6ea[0m[K⸨[90m░░░░░░░░░░░░░░░░░░[0m⸩ ⠏ rollbackFailedOptional: [34;40mverb[0m [35mnpm-session[0m bd1f460ce938e6ea[0m[K⸨[90m░░░░░░░░░░░░░░░░░░[0m⸩ ⠏ rollbackFailedOptional: [34;40mverb[0m [35mnpm-session[0m bd1f460ce938e6ea[0m[K⸨[90m░░░░░░░░░░░░░░░░░░[0m⸩ ⠏ rollbackFailedOptional: [34;40mverb[0m [35mnpm-session[0m bd1f460ce938e6ea[0m[K⸨[90m░░░░░░░░░░░░░░░░░░[0m⸩ ⠏ rollbackFailedOptional: [34;40mverb[0m [35mnpm-session[0m bd1f460ce938e6ea[0m[K⸨[90m░░░░░░░░░░░░░░░░░░[0m⸩ ⠏ rollbackFailedOptional: [34;40mverb[0m [35mnpm-session[0m bd1f460ce938e6ea[0m[K⸨[90m░░░░░░░░░░░░░░░░░░[0m⸩ ⠏ rollbackFailedOptional: [34;40mverb[0m [35mnpm-session[0m bd1f460ce938e6ea[0m[K⸨[90m░░░░░░░░░░░░░░░░░░[0m⸩ ⠏ rollbackFailedOptional: [34;40mverb[0m [35mnpm-session[0m bd1f460ce938e6ea[0m[K⸨[90m░░░░░░░░░░░░░░░░░░[0m⸩ ⠏ rollbackFailedOptional: [34;40mverb[0m [35mnpm-session[0m bd1f460ce938e6ea[0m[K⸨[90m░░░░░░░░░░░░░░░░░░[0m⸩ ⠏ rollbackFailedOptional: [34;40mverb[0m [35mnpm-session[0m bd1f460ce938e6ea[0m[K⸨[90m░░░░░░░░░░░░░░░░░░[0m⸩ ⠏ rollbackFailedOptional: [34;40mverb[0m [35mnpm-session[0m bd1f460ce938e6ea[0m[K⸨[90m░░░░░░░░░░░░░░░░░░[0m⸩ ⠏ rollbackFailedOptional: [34;40mverb[0m [35mnpm-session[0m bd1f460ce938e6ea[0m[K⸨[90m░░░░░░░░░░░░░░░░░░[0m⸩ ⠏ rollbackFailedOptional: [34;40mverb[0m [35mnpm-session[0m bd1f460ce938e6ea[0m[K⸨[90m░░░░░░░░░░░░░░░░░░[0m⸩ ⠏ rollbackFailedOptional: [34;40mverb[0m [35mnpm-session[0m bd1f460ce938e6ea[0m[K⸨[90m░░░░░░░░░░░░░░░░░░[0m⸩ ⠏ rollbackFailedOptional: [34;40mverb[0m [35mnpm-session[0m bd1f460ce938e6ea[0m[K⸨[90m░░░░░░░░░░░░░░░░░░[0m⸩ ⠏ rollbackFailedOptional: [34;40mverb[0m [35mnpm-session[0m bd1f460ce938e6ea[0m[K⸨[90m░░░░░░░░░░░░░░░░░░[0m⸩ ⠏ rollbackFailedOptional: [34;40mverb[0m [35mnpm-session[0m bd1f460ce938e6ea[0m[K⸨[90m░░░░░░░░░░░░░░░░░░[0m⸩ ⠏ rollbackFailedOptional: [34;40mverb[0m [35mnpm-session[0m bd1f460ce938e6ea[0m[K⸨[90m░░░░░░░░░░░░░░░░░░[0m⸩ ⠏ rollbackFailedOptional: [34;40mverb[0m [35mnpm-session[0m bd1f460ce938e6ea[0m[K⸨[90m░░░░░░░░░░░░░░░░░░[0m⸩ ⠏ rollbackFailedOptional: [34;40mverb[0m [35mnpm-session[0m bd1f460ce938e6ea[0m[K⸨[90m░░░░░░░░░░░░░░░░░░[0m⸩ ⠏ rollbackFailedOptional: [34;40mverb[0m [35mnpm-session[0m bd1f460ce938e6ea[0m[K⸨[90m░░░░░░░░░░░░░░░░░░[0m⸩ ⠏ rollbackFailedOptional: [34;40mverb[0m [35mnpm-session[0m bd1f460ce938e6ea[0m[K⸨[90m░░░░░░░░░░░░░░░░░░[0m⸩ ⠼ fetchMetadata: [7msill[0m [35mresolveWithNewModule[0m sqlite3@5.0.2 checking installable status[0m[K⸨[90m░░░░░░░░░░░░░░░░░░[0m⸩ ⠼ fetchMetadata: [7msill[0m [35mresolveWithNewModule[0m sqlite3@5.0.2 checking installable status[0m[K⸨[90m░░░░░░░░░░░░░░░░░░[0m⸩ ⠸ fetchMetadata: [7msill[0m [35mresolveWithNewModule[0m sqlite3@5.0.2 checking installable status[0m[K⸨[90m░░░░░░░░░░░░░░░░░░[0m⸩ ⠙ fetchMetadata: [7msill[0m [35mresolveWithNewModule[0m sqlite3@5.0.2 checking installable status[0m[K⸨[90m░░░░░░░░░░░░░░░░░░[0m⸩ ⠼ fetchMetadata: [7msill[0m [35mresolveWithNewModule[0m raw-body@2.4.0 checking installable status[0m[K⸨[90m░░░░░░░░░░░░░░░░░░[0m⸩ ⠧ fetchMetadata: [7msill[0m [35mresolveWithNewModule[0m ms@2.0.0 checking installable status[0m[K⸨[90m░░░░░░░░░░░░░░░░░░[0m⸩ ⠦ fetchMetadata: [7msill[0m [35mresolveWithNewModule[0m ms@2.0.0 checking installable status[0m[K⸨[90m░░░░░░░░░░░░░░░░░░[0m⸩ ⠏ fetchMetadata: [7msill[0m [35mresolveWithNewModule[0m statuses@1.5.0 checking installable status[0m[K⸨[90m░░░░░░░░░░░░░░░░░░[0m⸩ ⠹ fetchMetadata: [7msill[0m [35mresolveWithNewModule[0m safer-buffer@2.1.2 checking installable status[0m[K⸨[90m░░░░░░░░░░░░░░░░░░[0m⸩ ⠹ fetchMetadata: [7msill[0m [35mresolveWithNewModule[0m safer-buffer@2.1.2 checking installable status[0m[K⸨[90m░░░░░░░░░░░░░░░░░░[0m⸩ ⠴ fetchMetadata: [7msill[0m [35mresolveWithNewModule[0m ee-first@1.1.1 checking installable status[0m[K⸨[90m░░░░░░░░░░░░░░░░░░[0m⸩ ⠇ fetchMetadata: [7msill[0m [35mresolveWithNewModule[0m unpipe@1.0.0 checking installable status[0m[K⸨[90m░░░░░░░░░░░░░░░░░░[0m⸩ ⠙ fetchMetadata: [7msill[0m [35mresolveWithNewModule[0m unpipe@1.0.0 checking installable status[0m[K⸨[90m░░░░░░░░░░░░░░░░░░[0m⸩ ⠹ fetchMetadata: [7msill[0m [35mresolveWithNewModule[0m unpipe@1.0.0 checking installable status[0m[K⸨[90m░░░░░░░░░░░░░░░░░░[0m⸩ ⠴ fetchMetadata: [7msill[0m [35mresolveWithNewModule[0m mime-types@2.1.29 checking installable status[0m[K⸨[90m░░░░░░░░░░░░░░░░░░[0m⸩ ⠴ fetchMetadata: [7msill[0m [35mresolveWithNewModule[0m mime-types@2.1.29 checking installable status[0m[K⸨[90m░░░░░░░░░░░░░░░░░░[0m⸩ ⠴ fetchMetadata: [7msill[0m [35mresolveWithNewModule[0m mime-types@2.1.29 checking installable status[0m[K⸨[90m░░░░░░░░░░░░░░░░░░[0m⸩ ⠦ fetchMetadata: [7msill[0m [35mresolveWithNewModule[0m mime-types@2.1.29 checking installable status[0m[K⸨[7m [27m[90m░░░░░░░░░░░░░░░░░[0m⸩ ⠏ fetchMetadata: [7msill[0m [35mresolveWithNewModule[0m mime-db@1.46.0 checking installable status[0m[K⸨[7m [27m[90m░░░░░░░░░░░░░░░░░[0m⸩ ⠏ fetchMetadata: [7msill[0m [35mresolveWithNewModule[0m mime-db@1.46.0 checking installable status[0m[K⸨[7m [27m[90m░░░░░░░░░░░░░░░░░[0m⸩ ⠦ fetchMetadata: [7msill[0m [35mresolveWithNewModule[0m mime-db@1.46.0 checking installable status[0m[K⸨[7m [27m[90m░░░░░░░░░░░░░░░░░[0m⸩ ⠦ fetchMetadata: [7msill[0m [35mresolveWithNewModule[0m mime-db@1.46.0 checking installable status[0m[K⸨[7m [27m[90m░░░░░░░░░░░░░░░░░[0m⸩ ⠼ fetchMetadata: [7msill[0m [35mresolveWithNewModule[0m mime-db@1.46.0 checking installable status[0m[K⸨[7m [27m[90m░░░░░░░░░░░░░░░░░[0m⸩ ⠹ fetchMetadata: [7msill[0m [35mresolveWithNewModule[0m vary@1.1.2 checking installable status[0m[K⸨[7m [27m[90m░░░░░░░░░░░░░░░░░[0m⸩ ⠴ fetchMetadata: [7msill[0m [35mresolveWithNewModule[0m negotiator@0.6.2 checking installable status[0m[K⸨[7m [27m[90m░░░░░░░░░░░░░░░░░[0m⸩ ⠦ fetchMetadata: [7msill[0m [35mresolveWithNewModule[0m negotiator@0.6.2 checking installable status[0m[K⸨[7m [27m[90m░░░░░░░░░░░░░░░░░[0m⸩ ⠸ loadDep:statuses: [7msill[0m [35mresolveWithNewModule[0m forwarded@0.1.2 checking installable status[0m[K⸨[7m [27m[90m░░░░░░░░░░░░░░░░░[0m⸩ ⠦ loadDep:statuses: [7msill[0m [35mresolveWithNewModule[0m forwarded@0.1.2 checking installable status[0m[K⸨[7m [27m[90m░░░░░░░░░░░░░░░░░[0m⸩ ⠙ fetchMetadata: [7msill[0m [35mresolveWithNewModule[0m mime@1.6.0 checking installable status[0m[K⸨[7m [27m[90m░░░░░░░░░░░░░░░░░[0m⸩ ⠇ fetchMetadata: [7msill[0m [35mresolveWithNewModule[0m mime@1.6.0 checking installable status[0m[K⸨[7m [27m[90m░░░░░░░░░░░░░░░░░[0m⸩ ⠼ fetchMetadata: [7msill[0m [35mresolveWithNewModule[0m mime@1.6.0 checking installable status[0m[K⸨[7m [27m[90m░░░░░░░░░░░░░░░░░[0m⸩ ⠇ fetchMetadata: [7msill[0m [35mresolveWithNewModule[0m update-notifier@4.1.3 checking installable status[0m[K⸨[7m [27m[90m░░░░░░░░░░░░░░░░░[0m⸩ ⠴ fetchMetadata: [7msill[0m [35mresolveWithNewModule[0m update-notifier@4.1.3 checking installable status[0m[K⸨[7m [27m[90m░░░░░░░░░░░░░░░░░[0m⸩ ⠋ fetchMetadata: [7msill[0m [35mresolveWithNewModule[0m update-notifier@4.1.3 checking installable status[0m[K⸨[7m [27m[90m░░░░░░░░░░░░░░░░░[0m⸩ ⠹ fetchMetadata: [7msill[0m [35mresolveWithNewModule[0m fsevents@2.3.2 checking installable status[0m[K⸨[7m [27m[90m░░░░░░░░░░░░░░░░░[0m⸩ ⠴ fetchMetadata: [7msill[0m [35mresolveWithNewModule[0m picomatch@2.2.2 checking installable status[0m[K⸨[7m [27m[90m░░░░░░░░░░░░░░░░░[0m⸩ ⠇ fetchMetadata: [7msill[0m [35mresolveWithNewModule[0m fill-range@7.0.1 checking installable status[0m[K⸨[7m [27m[90m░░░░░░░░░░░░░░░░░[0m⸩ ⠏ fetchMetadata: [7msill[0m [35mresolveWithNewModule[0m fill-range@7.0.1 checking installable status[0m[K⸨[7m [27m[90m░░░░░░░░░░░░░░░░░[0m⸩ ⠙ fetchMetadata: [7msill[0m [35mresolveWithNewModule[0m to-regex-range@5.0.1 checking installable status[0m[K⸨[7m [27m[90m░░░░░░░░░░░░░░░░░[0m⸩ ⠼ fetchMetadata: [7msill[0m [35mresolveWithNewModule[0m is-number@7.0.0 checking installable status[0m[K⸨[7m [27m[90m░░░░░░░░░░░░░░░░░[0m⸩ ⠧ fetchMetadata: [7msill[0m [35mresolveWithNewModule[0m is-extglob@2.1.1 checking installable status[0m[K⸨[7m [27m[90m░░░░░░░░░░░░░░░░░[0m⸩ ⠹ fetchMetadata: [7msill[0m [35mresolveWithNewModule[0m ms@2.1.3 checking installable status[0m[K⸨[7m [27m[90m░░░░░░░░░░░░░░░░░[0m⸩ ⠴ fetchMetadata: [7msill[0m [35mresolveWithNewModule[0m brace-expansion@1.1.11 checking installable status[0m[K⸨[7m [27m[90m░░░░░░░░░░░░░░░░░[0m⸩ ⠙ fetchMetadata: [7msill[0m [35mresolveWithNewModule[0m concat-map@0.0.1 checking installable status[0m[K⸨[7m [27m[90m░░░░░░░░░░░░░░░░░[0m⸩ ⠙ fetchMetadata: [7msill[0m [35mresolveWithNewModule[0m concat-map@0.0.1 checking installable status[0m[K⸨[7m [27m[90m░░░░░░░░░░░░░░░░░[0m⸩ ⠼ fetchMetadata: [7msill[0m [35mresolveWithNewModule[0m has-flag@3.0.0 checking installable status[0m[K⸨[7m [27m[90m░░░░░░░░░░░░░░░░░[0m⸩ ⠧ fetchMetadata: [7msill[0m [35mresolveWithNewModule[0m nopt@1.0.10 checking installable status[0m[K⸨[7m  [27m[90m░░░░░░░░░░░░░░░░[0m⸩ ⠋ fetchMetadata: [7msill[0m [35mresolveWithNewModule[0m abbrev@1.1.1 checking installable status[0m[K⸨[7m  [27m[90m░░░░░░░░░░░░░░░░[0m⸩ ⠋ fetchMetadata: [7msill[0m [35mresolveWithNewModule[0m abbrev@1.1.1 checking installable status[0m[K⸨[7m  [27m[90m░░░░░░░░░░░░░░░░[0m⸩ ⠦ fetchMetadata: [7msill[0m [35mresolveWithNewModule[0m abbrev@1.1.1 checking installable status[0m[K⸨[7m  [27m[90m░░░░░░░░░░░░░░░░[0m⸩ ⠏ fetchMetadata: [7msill[0m [35mresolveWithNewModule[0m xdg-basedir@4.0.0 checking installable status[0m[K⸨[7m  [27m[90m░░░░░░░░░░░░░░░░[0m⸩ ⠏ fetchMetadata: [7msill[0m [35mresolveWithNewModule[0m xdg-basedir@4.0.0 checking installable status[0m[K⸨[7m  [27m[90m░░░░░░░░░░░░░░░░[0m⸩ ⠋ fetchMetadata: [7msill[0m [35mresolveWithNewModule[0m type-fest@0.8.1 checking installable status[0m[K⸨[7m  [27m[90m░░░░░░░░░░░░░░░░[0m⸩ ⠴ fetchMetadata: [7msill[0m [35mresolveWithNewModule[0m string-width@3.1.0 checking installable status[0m[K⸨[7m  [27m[90m░░░░░░░░░░░░░░░░[0m⸩ ⠙ fetchMetadata: [7msill[0m [35mresolveWithNewModule[0m strip-ansi@5.2.0 checking installable status[0m[K⸨[7m  [27m[90m░░░░░░░░░░░░░░░░[0m⸩ ⠦ fetchMetadata: [7msill[0m [35mresolveWithNewModule[0m ansi-regex@4.1.0 checking installable status[0m[K⸨[7m  [27m[90m░░░░░░░░░░░░░░░░[0m⸩ ⠏ fetchMetadata: [7msill[0m [35mresolveWithNewModule[0m ansi-styles@4.3.0 checking installable status[0m[K⸨[7m  [27m[90m░░░░░░░░░░░░░░░░[0m⸩ ⠹ fetchMetadata: [7msill[0m [35mresolveWithNewModule[0m color-convert@2.0.1 checking installable status[0m[K⸨[7m  [27m[90m░░░░░░░░░░░░░░░░[0m⸩ ⠸ fetchMetadata: [7msill[0m [35mresolveWithNewModule[0m strip-ansi@6.0.0 checking installable status[0m[K⸨[7m  [27m[90m░░░░░░░░░░░░░░░░[0m⸩ ⠴ loadDep:xdg-basedir: [7msill[0m [35mresolveWithNewModule[0m ansi-regex@5.0.0 checking installable status[0m[K⸨[7m  [27m[90m░░░░░░░░░░░░░░░░[0m⸩ ⠋ fetchMetadata: [7msill[0m [35mresolveWithNewModule[0m make-dir@3.1.0 checking installable status[0m[K⸨[7m  [27m[90m░░░░░░░░░░░░░░░░[0m⸩ ⠴ fetchMetadata: [7msill[0m [35mresolveWithNewModule[0m semver@6.3.0 checking installable status[0m[K⸨[7m  [27m[90m░░░░░░░░░░░░░░░░[0m⸩ ⠦ fetchMetadata: [7msill[0m [35mresolveWithNewModule[0m semver@6.3.0 checking installable status[0m[K⸨[7m  [27m[90m░░░░░░░░░░░░░░░░[0m⸩ ⠇ fetchMetadata: [7msill[0m [35mresolveWithNewModule[0m crypto-random-string@2.0.0 checking installable status[0m[K⸨[7m  [27m[90m░░░░░░░░░░░░░░░░[0m⸩ ⠋ fetchMetadata: [7msill[0m [35mresolveWithNewModule[0m signal-exit@3.0.3 checking installable status[0m[K⸨[7m  [27m[90m░░░░░░░░░░░░░░░░[0m⸩ ⠸ fetchMetadata: [7msill[0m [35mresolveWithNewModule[0m ci-info@2.0.0 checking installable status[0m[K⸨[7m  [27m[90m░░░░░░░░░░░░░░░░[0m⸩ ⠏ fetchMetadata: [7msill[0m [35mresolveWithNewModule[0m is-path-inside@3.0.2 checking installable status[0m[K⸨[7m  [27m[90m░░░░░░░░░░░░░░░░[0m⸩ ⠏ fetchMetadata: [7msill[0m [35mresolveWithNewModule[0m is-path-inside@3.0.2 checking installable status[0m[K⸨[7m  [27m[90m░░░░░░░░░░░░░░░░[0m⸩ ⠹ fetchMetadata: [7msill[0m [35mresolveWithNewModule[0m ini@1.3.7 checking installable status[0m[K⸨[7m  [27m[90m░░░░░░░░░░░░░░░░[0m⸩ ⠧ fetchMetadata: [7msill[0m [35mresolveWithNewModule[0m package-json@6.5.0 checking installable status[0m[K⸨[7m  [27m[90m░░░░░░░░░░░░░░░░[0m⸩ ⠸ fetchMetadata: [7msill[0m [35mresolveWithNewModule[0m package-json@6.5.0 checking installable status[0m[K⸨[7m  [27m[90m░░░░░░░░░░░░░░░░[0m⸩ ⠸ fetchMetadata: [7msill[0m [35mresolveWithNewModule[0m package-json@6.5.0 checking installable status[0m[K⸨[7m  [27m[90m░░░░░░░░░░░░░░░░[0m⸩ ⠦ fetchMetadata: [7msill[0m [35mresolveWithNewModule[0m got@9.6.0 checking installable status[0m[K⸨[7m  [27m[90m░░░░░░░░░░░░░░░░[0m⸩ ⠏ fetchMetadata: [7msill[0m [35mresolveWithNewModule[0m got@9.6.0 checking installable status[0m[K⸨[7m  [27m[90m░░░░░░░░░░░░░░░░[0m⸩ ⠼ fetchMetadata: [7msill[0m [35mresolveWithNewModule[0m got@9.6.0 checking installable status[0m[K⸨[7m  [27m[90m░░░░░░░░░░░░░░░░[0m⸩ ⠧ fetchMetadata: [7msill[0m [35mresolveWithNewModule[0m got@9.6.0 checking installable status[0m[K⸨[7m  [27m[90m░░░░░░░░░░░░░░░░[0m⸩ ⠏ fetchMetadata: [7msill[0m [35mresolveWithNewModule[0m @szmarczak/http-timer@1.1.2 checking installable status[0m[K⸨[7m  [27m[90m░░░░░░░░░░░░░░░░[0m⸩ ⠦ fetchMetadata: [7msill[0m [35mresolveWithNewModule[0m defer-to-connect@1.1.3 checking installable status[0m[K⸨[7m  [27m[90m░░░░░░░░░░░░░░░░[0m⸩ ⠦ fetchMetadata: [7msill[0m [35mresolveWithNewModule[0m defer-to-connect@1.1.3 checking installable status[0m[K⸨[7m  [27m[90m░░░░░░░░░░░░░░░░[0m⸩ ⠏ fetchMetadata: [7msill[0m [35mresolveWithNewModule[0m defer-to-connect@1.1.3 checking installable status[0m[K⸨[7m  [27m[90m░░░░░░░░░░░░░░░░[0m⸩ ⠙ fetchMetadata: [7msill[0m [35mresolveWithNewModule[0m normalize-url@4.5.0 checking installable status[0m[K⸨[7m  [27m[90m░░░░░░░░░░░░░░░░[0m⸩ ⠼ fetchMetadata: [7msill[0m [35mresolveWithNewModule[0m pump@3.0.0 checking installable status[0m[K⸨[7m  [27m[90m░░░░░░░░░░░░░░░░[0m⸩ ⠼ fetchMetadata: [7msill[0m [35mresolveWithNewModule[0m pump@3.0.0 checking installable status[0m[K⸨[7m  [27m[90m░░░░░░░░░░░░░░░░[0m⸩ ⠋ fetchMetadata: [7msill[0m [35mresolveWithNewModule[0m once@1.4.0 checking installable status[0m[K⸨[7m  [27m[90m░░░░░░░░░░░░░░░░[0m⸩ ⠋ fetchMetadata: [7msill[0m [35mresolveWithNewModule[0m once@1.4.0 checking installable status[0m[K⸨[7m  [27m[90m░░░░░░░░░░░░░░░░[0m⸩ ⠸ fetchMetadata: [7msill[0m [35mresolveWithNewModule[0m wrappy@1.0.2 checking installable status[0m[K⸨[7m  [27m[90m░░░░░░░░░░░░░░░░[0m⸩ ⠸ fetchMetadata: [7msill[0m [35mresolveWithNewModule[0m wrappy@1.0.2 checking installable status[0m[K⸨[7m  [27m[90m░░░░░░░░░░░░░░░░[0m⸩ ⠦ fetchMetadata: [7msill[0m [35mresolveWithNewModule[0m json-buffer@3.0.0 checking installable status[0m[K⸨[7m  [27m[90m░░░░░░░░░░░░░░░░[0m⸩ ⠦ fetchMetadata: [7msill[0m [35mresolveWithNewModule[0m json-buffer@3.0.0 checking installable status[0m[K⸨[7m  [27m[90m░░░░░░░░░░░░░░░░[0m⸩ ⠏ fetchMetadata: [7msill[0m [35mresolveWithNewModule[0m prepend-http@2.0.0 checking installable status[0m[K⸨[7m  [27m[90m░░░░░░░░░░░░░░░░[0m⸩ ⠏ fetchMetadata: [7msill[0m [35mresolveWithNewModule[0m prepend-http@2.0.0 checking installable status[0m[K⸨[7m  [27m[90m░░░░░░░░░░░░░░░░[0m⸩ ⠹ fetchMetadata: [7msill[0m [35mresolveWithNewModule[0m rc@1.2.8 checking installable status[0m[K⸨[7m  [27m[90m░░░░░░░░░░░░░░░░[0m⸩ ⠹ fetchMetadata: [7msill[0m [35mresolveWithNewModule[0m rc@1.2.8 checking installable status[0m[K⸨[7m  [27m[90m░░░░░░░░░░░░░░░░[0m⸩ ⠙ fetchMetadata: [7msill[0m [35mresolveWithNewModule[0m deep-extend@0.6.0 checking installable status[0m[K⸨[7m  [27m[90m░░░░░░░░░░░░░░░░[0m⸩ ⠦ fetchMetadata: [7msill[0m [35mresolveWithNewModule[0m semver@6.3.0 checking installable status[0m[K⸨[7m  [27m[90m░░░░░░░░░░░░░░░░[0m⸩ ⠇ fetchMetadata: [7msill[0m [35mresolveWithNewModule[0m semver@6.3.0 checking installable status[0m[K⸨[7m  [27m[90m░░░░░░░░░░░░░░░░[0m⸩ ⠹ fetchMetadata: [7msill[0m [35mresolveWithNewModule[0m semver@6.3.0 checking installable status[0m[K⸨[7m  [27m[90m░░░░░░░░░░░░░░░░[0m⸩ ⠹ fetchMetadata: [7msill[0m [35mresolveWithNewModule[0m semver@6.3.0 checking installable status[0m[K⸨[7m  [27m[90m░░░░░░░░░░░░░░░░[0m⸩ ⠦ fetchMetadata: [7msill[0m [35mresolveWithNewModule[0m semver@6.3.0 checking installable status[0m[K⸨[7m  [27m[90m░░░░░░░░░░░░░░░░[0m⸩ ⠏ fetchMetadata: [7msill[0m [35mresolveWithNewModule[0m semver@6.3.0 checking installable status[0m[K⸨[7m  [27m[90m░░░░░░░░░░░░░░░░[0m⸩ ⠏ fetchMetadata: [7msill[0m [35mresolveWithNewModule[0m semver@6.3.0 checking installable status[0m[K⸨[7m  [27m[90m░░░░░░░░░░░░░░░░[0m⸩ ⠏ fetchMetadata: [7msill[0m [35mresolveWithNewModule[0m semver@6.3.0 checking installable status[0m[K⸨[7m  [27m[90m░░░░░░░░░░░░░░░░[0m⸩ ⠏ fetchMetadata: [7msill[0m [35mresolveWithNewModule[0m semver@6.3.0 checking installable status[0m[K⸨[7m  [27m[90m░░░░░░░░░░░░░░░░[0m⸩ ⠏ fetchMetadata: [7msill[0m [35mresolveWithNewModule[0m semver@6.3.0 checking installable status[0m[K⸨[7m  [27m[90m░░░░░░░░░░░░░░░░[0m⸩ ⠹ fetchMetadata: [7msill[0m [35mresolveWithNewModule[0m semver@6.3.0 checking installable status[0m[K⸨[7m  [27m[90m░░░░░░░░░░░░░░░░[0m⸩ ⠹ fetchMetadata: [7msill[0m [35mresolveWithNewModule[0m semver@6.3.0 checking installable status[0m[K⸨[7m  [27m[90m░░░░░░░░░░░░░░░░[0m⸩ ⠹ fetchMetadata: [7msill[0m [35mresolveWithNewModule[0m semver@6.3.0 checking installable status[0m[K⸨[7m  [27m[90m░░░░░░░░░░░░░░░░[0m⸩ ⠹ fetchMetadata: [7msill[0m [35mresolveWithNewModule[0m semver@6.3.0 checking installable status[0m[K⸨[7m  [27m[90m░░░░░░░░░░░░░░░░[0m⸩ ⠹ fetchMetadata: [7msill[0m [35mresolveWithNewModule[0m semver@6.3.0 checking installable status[0m[K⸨[7m  [27m[90m░░░░░░░░░░░░░░░░[0m⸩ ⠧ fetchMetadata: [7msill[0m [35mresolveWithNewModule[0m ms@2.1.2 checking installable status[0m[K⸨[7m  [27m[90m░░░░░░░░░░░░░░░░[0m⸩ ⠋ fetchMetadata: [7msill[0m [35mresolveWithNewModule[0m any-promise@1.3.0 checking installable status[0m[K⸨[7m  [27m[90m░░░░░░░░░░░░░░░░[0m⸩ ⠋ fetchMetadata: [7msill[0m [35mresolveWithNewModule[0m any-promise@1.3.0 checking installable status[0m[K⸨[7m  [27m[90m░░░░░░░░░░░░░░░░[0m⸩ ⠸ fetchMetadata: [7msill[0m [35mresolveWithNewModule[0m lru-cache@6.0.0 checking installable status[0m[K⸨[7m  [27m[90m░░░░░░░░░░░░░░░░[0m⸩ ⠸ fetchMetadata: [7msill[0m [35mresolveWithNewModule[0m lru-cache@6.0.0 checking installable status[0m[K⸨[7m  [27m[90m░░░░░░░░░░░░░░░░[0m⸩ ⠦ fetchMetadata: [7msill[0m [35mresolveWithNewModule[0m yallist@4.0.0 checking installable status[0m[K⸨[7m  [27m[90m░░░░░░░░░░░░░░░░[0m⸩ ⠦ fetchMetadata: [7msill[0m [35mresolveWithNewModule[0m yallist@4.0.0 checking installable status[0m[K⸨[7m  [27m[90m░░░░░░░░░░░░░░░░[0m⸩ ⠦ fetchMetadata: [7msill[0m [35mresolveWithNewModule[0m yallist@4.0.0 checking installable status[0m[K⸨[7m  [27m[90m░░░░░░░░░░░░░░░░[0m⸩ ⠦ fetchMetadata: [7msill[0m [35mresolveWithNewModule[0m yallist@4.0.0 checking installable status[0m[K⸨[7m  [27m[90m░░░░░░░░░░░░░░░░[0m⸩ ⠦ fetchMetadata: [7msill[0m [35mresolveWithNewModule[0m yallist@4.0.0 checking installable status[0m[K⸨[7m  [27m[90m░░░░░░░░░░░░░░░░[0m⸩ ⠦ fetchMetadata: [7msill[0m [35mresolveWithNewModule[0m yallist@4.0.0 checking installable status[0m[K⸨[7m  [27m[90m░░░░░░░░░░░░░░░░[0m⸩ ⠦ fetchMetadata: [7msill[0m [35mresolveWithNewModule[0m yallist@4.0.0 checking installable status[0m[K⸨[7m  [27m[90m░░░░░░░░░░░░░░░░[0m⸩ ⠦ fetchMetadata: [7msill[0m [35mresolveWithNewModule[0m yallist@4.0.0 checking installable status[0m[K⸨[7m  [27m[90m░░░░░░░░░░░░░░░░[0m⸩ ⠦ fetchMetadata: [7msill[0m [35mresolveWithNewModule[0m yallist@4.0.0 checking installable status[0m[K⸨[7m  [27m[90m░░░░░░░░░░░░░░░░[0m⸩ ⠦ fetchMetadata: [7msill[0m [35mresolveWithNewModule[0m yallist@4.0.0 checking installable status[0m[K⸨[7m  [27m[90m░░░░░░░░░░░░░░░░[0m⸩ ⠦ fetchMetadata: [7msill[0m [35mresolveWithNewModule[0m yallist@4.0.0 checking installable status[0m[K⸨[7m  [27m[90m░░░░░░░░░░░░░░░░[0m⸩ ⠦ fetchMetadata: [7msill[0m [35mresolveWithNewModule[0m yallist@4.0.0 checking installable status[0m[K⸨[7m  [27m[90m░░░░░░░░░░░░░░░░[0m⸩ ⠦ fetchMetadata: [7msill[0m [35mresolveWithNewModule[0m yallist@4.0.0 checking installable status[0m[K⸨[7m  [27m[90m░░░░░░░░░░░░░░░░[0m⸩ ⠦ fetchMetadata: [7msill[0m [35mresolveWithNewModule[0m yallist@4.0.0 checking installable status[0m[K⸨[7m  [27m[90m░░░░░░░░░░░░░░░░[0m⸩ ⠦ fetchMetadata: [7msill[0m [35mresolveWithNewModule[0m yallist@4.0.0 checking installable status[0m[K⸨[7m  [27m[90m░░░░░░░░░░░░░░░░[0m⸩ ⠦ fetchMetadata: [7msill[0m [35mresolveWithNewModule[0m yallist@4.0.0 checking installable status[0m[K⸨[7m  [27m[90m░░░░░░░░░░░░░░░░[0m⸩ ⠦ fetchMetadata: [7msill[0m [35mresolveWithNewModule[0m yallist@4.0.0 checking installable status[0m[K⸨[7m  [27m[90m░░░░░░░░░░░░░░░░[0m⸩ ⠦ fetchMetadata: [7msill[0m [35mresolveWithNewModule[0m yallist@4.0.0 checking installable status[0m[K⸨[7m  [27m[90m░░░░░░░░░░░░░░░░[0m⸩ ⠦ fetchMetadata: [7msill[0m [35mresolveWithNewModule[0m yallist@4.0.0 checking installable status[0m[K⸨[7m  [27m[90m░░░░░░░░░░░░░░░░[0m⸩ ⠦ fetchMetadata: [7msill[0m [35mresolveWithNewModule[0m yallist@4.0.0 checking installable status[0m[K⸨[7m  [27m[90m░░░░░░░░░░░░░░░░[0m⸩ ⠦ fetchMetadata: [7msill[0m [35mresolveWithNewModule[0m yallist@4.0.0 checking installable status[0m[K⸨[7m  [27m[90m░░░░░░░░░░░░░░░░[0m⸩ ⠦ fetchMetadata: [7msill[0m [35mresolveWithNewModule[0m yallist@4.0.0 checking installable status[0m[K⸨[7m  [27m[90m░░░░░░░░░░░░░░░░[0m⸩ ⠦ fetchMetadata: [7msill[0m [35mresolveWithNewModule[0m yallist@4.0.0 checking installable status[0m[K⸨[7m  [27m[90m░░░░░░░░░░░░░░░░[0m⸩ ⠦ fetchMetadata: [7msill[0m [35mresolveWithNewModule[0m yallist@4.0.0 checking installable status[0m[K⸨[7m  [27m[90m░░░░░░░░░░░░░░░░[0m⸩ ⠦ fetchMetadata: [7msill[0m [35mresolveWithNewModule[0m yallist@4.0.0 checking installable status[0m[K⸨[7m  [27m[90m░░░░░░░░░░░░░░░░[0m⸩ ⠦ fetchMetadata: [7msill[0m [35mresolveWithNewModule[0m yallist@4.0.0 checking installable status[0m[K⸨[7m  [27m[90m░░░░░░░░░░░░░░░░[0m⸩ ⠧ fetchMetadata: [7msill[0m [35mresolveWithNewModule[0m yallist@4.0.0 checking installable status[0m[K⸨[7m  [27m[90m░░░░░░░░░░░░░░░░[0m⸩ ⠧ fetchMetadata: [7msill[0m [35mresolveWithNewModule[0m yallist@4.0.0 checking installable status[0m[K⸨[7m  [27m[90m░░░░░░░░░░░░░░░░[0m⸩ ⠧ fetchMetadata: [7msill[0m [35mresolveWithNewModule[0m yallist@4.0.0 checking installable status[0m[K⸨[7m  [27m[90m░░░░░░░░░░░░░░░░[0m⸩ ⠧ fetchMetadata: [7msill[0m [35mresolveWithNewModule[0m yallist@4.0.0 checking installable status[0m[K⸨[7m  [27m[90m░░░░░░░░░░░░░░░░[0m⸩ ⠧ fetchMetadata: [7msill[0m [35mresolveWithNewModule[0m yallist@4.0.0 checking installable status[0m[K⸨[7m  [27m[90m░░░░░░░░░░░░░░░░[0m⸩ ⠧ fetchMetadata: [7msill[0m [35mresolveWithNewModule[0m yallist@4.0.0 checking installable status[0m[K⸨[7m  [27m[90m░░░░░░░░░░░░░░░░[0m⸩ ⠧ fetchMetadata: [7msill[0m [35mresolveWithNewModule[0m yallist@4.0.0 checking installable status[0m[K⸨[7m  [27m[90m░░░░░░░░░░░░░░░░[0m⸩ ⠧ fetchMetadata: [7msill[0m [35mresolveWithNewModule[0m yallist@4.0.0 checking installable status[0m[K⸨[7m  [27m[90m░░░░░░░░░░░░░░░░[0m⸩ ⠧ fetchMetadata: [7msill[0m [35mresolveWithNewModule[0m yallist@4.0.0 checking installable status[0m[K⸨[7m  [27m[90m░░░░░░░░░░░░░░░░[0m⸩ ⠋ fetchMetadata: [7msill[0m [35mresolveWithNewModule[0m @types/node@14.14.31 checking installable status[0m[K⸨[7m  [27m[90m░░░░░░░░░░░░░░░░[0m⸩ ⠋ fetchMetadata: [7msill[0m [35mresolveWithNewModule[0m @types/node@14.14.31 checking installable status[0m[K⸨[7m  [27m[90m░░░░░░░░░░░░░░░░[0m⸩ ⠋ fetchMetadata: [7msill[0m [35mresolveWithNewModule[0m @types/node@14.14.31 checking installable status[0m[K⸨[7m  [27m[90m░░░░░░░░░░░░░░░░[0m⸩ ⠋ fetchMetadata: [7msill[0m [35mresolveWithNewModule[0m @types/node@14.14.31 checking installable status[0m[K⸨[7m  [27m[90m░░░░░░░░░░░░░░░░[0m⸩ ⠧ fetchMetadata: [7msill[0m [35mresolveWithNewModule[0m @types/node@14.14.31 checking installable status[0m[K⸨[7m  [27m[90m░░░░░░░░░░░░░░░░[0m⸩ ⠧ fetchMetadata: [7msill[0m [35mresolveWithNewModule[0m @types/node@14.14.31 checking installable status[0m[K⸨[7m  [27m[90m░░░░░░░░░░░░░░░░[0m⸩ ⠧ fetchMetadata: [7msill[0m [35mresolveWithNewModule[0m @types/node@14.14.31 checking installable status[0m[K⸨[7m  [27m[90m░░░░░░░░░░░░░░░░[0m⸩ ⠧ fetchMetadata: [7msill[0m [35mresolveWithNewModule[0m @types/node@14.14.31 checking installable status[0m[K⸨[7m  [27m[90m░░░░░░░░░░░░░░░░[0m⸩ ⠇ fetchMetadata: [7msill[0m [35mresolveWithNewModule[0m @types/node@14.14.31 checking installable status[0m[K⸨[7m  [27m[90m░░░░░░░░░░░░░░░░[0m⸩ ⠙ fetchMetadata: [7msill[0m [35mresolveWithNewModule[0m @types/node@14.14.31 checking installable status[0m[K⸨[7m  [27m[90m░░░░░░░░░░░░░░░░[0m⸩ ⠙ fetchMetadata: [7msill[0m [35mresolveWithNewModule[0m @types/node@14.14.31 checking installable status[0m[K⸨[7m  [27m[90m░░░░░░░░░░░░░░░░[0m⸩ ⠙ fetchMetadata: [7msill[0m [35mresolveWithNewModule[0m @types/node@14.14.31 checking installable status[0m[K⸨[7m  [27m[90m░░░░░░░░░░░░░░░░[0m⸩ ⠼ fetchMetadata: [7msill[0m [35mresolveWithNewModule[0m @types/node@14.14.31 checking installable status[0m[K⸨[7m  [27m[90m░░░░░░░░░░░░░░░░[0m⸩ ⠼ fetchMetadata: [7msill[0m [35mresolveWithNewModule[0m @types/node@14.14.31 checking installable status[0m[K⸨[7m  [27m[90m░░░░░░░░░░░░░░░░[0m⸩ ⠼ fetchMetadata: [7msill[0m [35mresolveWithNewModule[0m @types/node@14.14.31 checking installable status[0m[K⸨[7m  [27m[90m░░░░░░░░░░░░░░░░[0m⸩ ⠼ fetchMetadata: [7msill[0m [35mresolveWithNewModule[0m @types/node@14.14.31 checking installable status[0m[K⸨[7m  [27m[90m░░░░░░░░░░░░░░░░[0m⸩ ⠼ fetchMetadata: [7msill[0m [35mresolveWithNewModule[0m @types/node@14.14.31 checking installable status[0m[K⸨[7m  [27m[90m░░░░░░░░░░░░░░░░[0m⸩ ⠼ fetchMetadata: [7msill[0m [35mresolveWithNewModule[0m @types/node@14.14.31 checking installable status[0m[K⸨[7m  [27m[90m░░░░░░░░░░░░░░░░[0m⸩ ⠧ fetchMetadata: [7msill[0m [35mresolveWithNewModule[0m @types/node@14.14.31 checking installable status[0m[K⸨[7m  [27m[90m░░░░░░░░░░░░░░░░[0m⸩ ⠧ fetchMetadata: [7msill[0m [35mresolveWithNewModule[0m @types/node@14.14.31 checking installable status[0m[K⸨[7m  [27m[90m░░░░░░░░░░░░░░░░[0m⸩ ⠧ fetchMetadata: [7msill[0m [35mresolveWithNewModule[0m @types/node@14.14.31 checking installable status[0m[K⸨[7m  [27m[90m░░░░░░░░░░░░░░░░[0m⸩ ⠋ fetchMetadata: [7msill[0m [35mresolveWithNewModule[0m js-beautify@1.13.5 checking installable status[0m[K⸨[7m  [27m[90m░░░░░░░░░░░░░░░░[0m⸩ ⠹ fetchMetadata: [7msill[0m [35mresolveWithNewModule[0m js-beautify@1.13.5 checking installable status[0m[K⸨[7m  [27m[90m░░░░░░░░░░░░░░░░[0m⸩ ⠹ fetchMetadata: [7msill[0m [35mresolveWithNewModule[0m js-beautify@1.13.5 checking installable status[0m[K⸨[7m  [27m[90m░░░░░░░░░░░░░░░░[0m⸩ ⠹ fetchMetadata: [7msill[0m [35mresolveWithNewModule[0m js-beautify@1.13.5 checking installable status[0m[K⸨[7m  [27m[90m░░░░░░░░░░░░░░░░[0m⸩ ⠹ fetchMetadata: [7msill[0m [35mresolveWithNewModule[0m js-beautify@1.13.5 checking installable status[0m[K⸨[7m  [27m[90m░░░░░░░░░░░░░░░░[0m⸩ ⠹ fetchMetadata: [7msill[0m [35mresolveWithNewModule[0m js-beautify@1.13.5 checking installable status[0m[K⸨[7m  [27m[90m░░░░░░░░░░░░░░░░[0m⸩ ⠧ fetchMetadata: [7msill[0m [35mresolveWithNewModule[0m js-beautify@1.13.5 checking installable status[0m[K⸨[7m  [27m[90m░░░░░░░░░░░░░░░░[0m⸩ ⠴ fetchMetadata: [7msill[0m [35mresolveWithNewModule[0m js-beautify@1.13.5 checking installable status[0m[K⸨[7m  [27m[90m░░░░░░░░░░░░░░░░[0m⸩ ⠴ fetchMetadata: [7msill[0m [35mresolveWithNewModule[0m js-beautify@1.13.5 checking installable status[0m[K⸨[7m  [27m[90m░░░░░░░░░░░░░░░░[0m⸩ ⠴ fetchMetadata: [7msill[0m [35mresolveWithNewModule[0m js-beautify@1.13.5 checking installable status[0m[K⸨[7m  [27m[90m░░░░░░░░░░░░░░░░[0m⸩ ⠇ fetchMetadata: [7msill[0m [35mresolveWithNewModule[0m memoizee@0.4.15 checking installable status[0m[K⸨[7m  [27m[90m░░░░░░░░░░░░░░░░[0m⸩ ⠇ fetchMetadata: [7msill[0m [35mresolveWithNewModule[0m memoizee@0.4.15 checking installable status[0m[K⸨[7m  [27m[90m░░░░░░░░░░░░░░░░[0m⸩ ⠇ fetchMetadata: [7msill[0m [35mresolveWithNewModule[0m memoizee@0.4.15 checking installable status[0m[K⸨[7m  [27m[90m░░░░░░░░░░░░░░░░[0m⸩ ⠇ fetchMetadata: [7msill[0m [35mresolveWithNewModule[0m memoizee@0.4.15 checking installable status[0m[K⸨[7m  [27m[90m░░░░░░░░░░░░░░░░[0m⸩ ⠙ fetchMetadata: [7msill[0m [35mresolveWithNewModule[0m type@1.2.0 checking installable status[0m[K⸨[7m  [27m[90m░░░░░░░░░░░░░░░░[0m⸩ ⠙ fetchMetadata: [7msill[0m [35mresolveWithNewModule[0m type@1.2.0 checking installable status[0m[K⸨[7m  [27m[90m░░░░░░░░░░░░░░░░[0m⸩ ⠙ fetchMetadata: [7msill[0m [35mresolveWithNewModule[0m type@1.2.0 checking installable status[0m[K⸨[7m  [27m[90m░░░░░░░░░░░░░░░░[0m⸩ ⠙ fetchMetadata: [7msill[0m [35mresolveWithNewModule[0m type@1.2.0 checking installable status[0m[K⸨[7m  [27m[90m░░░░░░░░░░░░░░░░[0m⸩ ⠧ fetchMetadata: [7msill[0m [35mresolveWithNewModule[0m es6-symbol@3.1.3 checking installable status[0m[K⸨[7m  [27m[90m░░░░░░░░░░░░░░░░[0m⸩ ⠇ fetchMetadata: [7msill[0m [35mresolveWithNewModule[0m es6-symbol@3.1.3 checking installable status[0m[K⸨[7m  [27m[90m░░░░░░░░░░░░░░░░[0m⸩ ⠋ fetchMetadata: [7msill[0m [35mresolveWithNewModule[0m ext@1.4.0 checking installable status[0m[K⸨[7m  [27m[90m░░░░░░░░░░░░░░░░[0m⸩ ⠸ loadDep:timers-ext: [7msill[0m [35mresolveWithNewModule[0m type@2.3.0 checking installable status[0m[K⸨[7m  [27m[90m░░░░░░░░░░░░░░░░[0m⸩ ⠇ fetchMetadata: [7msill[0m [35mresolveWithNewModule[0m event-emitter@0.3.5 checking installable status[0m[K⸨[7m  [27m[90m░░░░░░░░░░░░░░░░[0m⸩ ⠇ fetchMetadata: [7msill[0m [35mresolveWithNewModule[0m event-emitter@0.3.5 checking installable status[0m[K⸨[7m  [27m[90m░░░░░░░░░░░░░░░░[0m⸩ ⠦ fetchMetadata: [7msill[0m [35mresolveWithNewModule[0m jsonfile@4.0.0 checking installable status[0m[K⸨[7m  [27m[90m░░░░░░░░░░░░░░░░[0m⸩ ⠦ fetchMetadata: [7msill[0m [35mresolveWithNewModule[0m jsonfile@4.0.0 checking installable status[0m[K⸨[7m  [27m[90m░░░░░░░░░░░░░░░░[0m⸩ ⠇ loadDep:ini: [7msill[0m [35mresolveWithNewModule[0m mkdirp@1.0.4 checking installable status[0m[K⸨[7m  [27m[90m░░░░░░░░░░░░░░░░[0m⸩ ⠸ fetchMetadata: [7msill[0m [35mresolveWithNewModule[0m proto-list@1.2.4 checking installable status[0m[K⸨[7m  [27m[90m░░░░░░░░░░░░░░░░[0m⸩ ⠦ fetchMetadata: [7msill[0m [35mresolveWithNewModule[0m proto-list@1.2.4 checking installable status[0m[K⸨[7m  [27m[90m░░░░░░░░░░░░░░░░[0m⸩ ⠦ fetchMetadata: [7msill[0m [35mresolveWithNewModule[0m proto-list@1.2.4 checking installable status[0m[K⸨[7m  [27m[90m░░░░░░░░░░░░░░░░[0m⸩ ⠙ fetchMetadata: [7msill[0m [35mresolveWithNewModule[0m commander@2.20.3 checking installable status[0m[K⸨[7m  [27m[90m░░░░░░░░░░░░░░░░[0m⸩ ⠼ fetchMetadata: [7msill[0m [35mresolveWithNewModule[0m pseudomap@1.0.2 checking installable status[0m[K⸨[7m  [27m[90m░░░░░░░░░░░░░░░░[0m⸩ ⠸ fetchMetadata: [7msill[0m [35mresolveWithNewModule[0m fs.realpath@1.0.0 checking installable status[0m[K⸨[7m  [27m[90m░░░░░░░░░░░░░░░░[0m⸩ ⠏ fetchMetadata: [7msill[0m [35mresolveWithNewModule[0m is-core-module@2.2.0 checking installable status[0m[K⸨[7m  [27m[90m░░░░░░░░░░░░░░░░[0m⸩ ⠹ fetchMetadata: [7msill[0m [35mresolveWithNewModule[0m has@1.0.3 checking installable status[0m[K⸨[7m  [27m[90m░░░░░░░░░░░░░░░░[0m⸩ ⠹ fetchMetadata: [7msill[0m [35mresolveWithNewModule[0m has@1.0.3 checking installable status[0m[K⸨[7m   [27m[90m░░░░░░░░░░░░░░░[0m⸩ ⠴ fetchMetadata: [7msill[0m [35mresolveWithNewModule[0m function-bind@1.1.1 checking installable status[0m[K⸨[7m   [27m[90m░░░░░░░░░░░░░░░[0m⸩ ⠋ fetchMetadata: [7msill[0m [35mresolveWithNewModule[0m bluebird@3.7.2 checking installable status[0m[K⸨[7m   [27m[90m░░░░░░░░░░░░░░░[0m⸩ ⠹ fetchMetadata: [7msill[0m [35mresolveWithNewModule[0m bluebird@3.7.2 checking installable status[0m[K⸨[7m   [27m[90m░░░░░░░░░░░░░░░[0m⸩ ⠇ fetchMetadata: [7msill[0m [35mresolveWithNewModule[0m bluebird@3.7.2 checking installable status[0m[K⸨[7m   [27m[90m░░░░░░░░░░░░░░░[0m⸩ ⠏ fetchMetadata: [7msill[0m [35mresolveWithNewModule[0m yargs-parser@13.1.2 checking installable status[0m[K⸨[7m   [27m[90m░░░░░░░░░░░░░░░[0m⸩ ⠏ fetchMetadata: [7msill[0m [35mresolveWithNewModule[0m yargs-parser@13.1.2 checking installable status[0m[K⸨[7m   [27m[90m░░░░░░░░░░░░░░░[0m⸩ ⠏ fetchMetadata: [7msill[0m [35mresolveWithNewModule[0m yargs-parser@13.1.2 checking installable status[0m[K⸨[7m   [27m[90m░░░░░░░░░░░░░░░[0m⸩ ⠋ fetchMetadata: [7msill[0m [35mresolveWithNewModule[0m color-name@1.1.3 checking installable status[0m[K⸨[7m   [27m[90m░░░░░░░░░░░░░░░[0m⸩ ⠙ fetchMetadata: [7msill[0m [35mresolveWithNewModule[0m color-name@1.1.3 checking installable status[0m[K⸨[7m   [27m[90m░░░░░░░░░░░░░░░[0m⸩ ⠸ fetchMetadata: [7msill[0m [35mresolveWithNewModule[0m locate-path@3.0.0 checking installable status[0m[K⸨[7m   [27m[90m░░░░░░░░░░░░░░░[0m⸩ ⠏ fetchMetadata: [7msill[0m [35mresolveWithNewModule[0m p-locate@3.0.0 checking installable status[0m[K⸨[7m   [27m[90m░░░░░░░░░░░░░░░[0m⸩ ⠹ fetchMetadata: [7msill[0m [35mresolveWithNewModule[0m p-limit@2.3.0 checking installable status[0m[K⸨[7m   [27m[90m░░░░░░░░░░░░░░░[0m⸩ ⠴ fetchMetadata: [7msill[0m [35mresolveWithNewModule[0m p-try@2.2.0 checking installable status[0m[K⸨[7m   [27m[90m░░░░░░░░░░░░░░░[0m⸩ ⠇ fetchMetadata: [7msill[0m [35mresolveWithNewModule[0m decamelize@1.2.0 checking installable status[0m[K⸨[7m   [27m[90m░░░░░░░░░░░░░░░[0m⸩ ⠇ fetchMetadata: [7msill[0m [35mresolveWithNewModule[0m decamelize@1.2.0 checking installable status[0m[K⸨[7m   [27m[90m░░░░░░░░░░░░░░░[0m⸩ ⠙ fetchMetadata: [7msill[0m [35mresolveWithNewModule[0m decamelize@1.2.0 checking installable status[0m[K⸨[7m   [27m[90m░░░░░░░░░░░░░░░[0m⸩ ⠴ fetchMetadata: [7msill[0m [35mresolveWithNewModule[0m decamelize@1.2.0 checking installable status[0m[K⸨[7m   [27m[90m░░░░░░░░░░░░░░░[0m⸩ ⠴ fetchMetadata: [7msill[0m [35mresolveWithNewModule[0m decamelize@1.2.0 checking installable status[0m[K⸨[7m   [27m[90m░░░░░░░░░░░░░░░[0m⸩ ⠴ fetchMetadata: [7msill[0m [35mresolveWithNewModule[0m decamelize@1.2.0 checking installable status[0m[K⸨[7m   [27m[90m░░░░░░░░░░░░░░░[0m⸩ ⠴ fetchMetadata: [7msill[0m [35mresolveWithNewModule[0m decamelize@1.2.0 checking installable status[0m[K⸨[7m   [27m[90m░░░░░░░░░░░░░░░[0m⸩ ⠇ fetchMetadata: [7msill[0m [35mresolveWithNewModule[0m node-addon-api@3.1.0 checking installable status[0m[K⸨[7m   [27m[90m░░░░░░░░░░░░░░░[0m⸩ ⠴ fetchMetadata: [7msill[0m [35mresolveWithNewModule[0m node-addon-api@3.1.0 checking installable status[0m[K[K[?25h[37;40mnpm[0m [0m[30;43mWARN[0m [0m[35mdeprecated[0m request@2.88.2: request has been deprecated, see https://github.com/request/request/issues/3142
[0m[?25l⸨[7m   [27m[90m░░░░░░░░░░░░░░░[0m⸩ ⠇ loadDep:set-blocking: [7msill[0m [35mresolveWithNewModule[0m mkdirp@0.5.5 checking installable status[0m[K⸨[7m   [27m[90m░░░░░░░░░░░░░░░[0m⸩ ⠙ loadDep:set-blocking: [7msill[0m [35mresolveWithNewModule[0m mkdirp@0.5.5 checking installable status[0m[K⸨[7m   [27m[90m░░░░░░░░░░░░░░░[0m⸩ ⠧ fetchMetadata: [7msill[0m [35mresolveWithNewModule[0m gauge@2.7.4 checking installable status[0m[K⸨[7m   [27m[90m░░░░░░░░░░░░░░░[0m⸩ ⠙ fetchMetadata: [7msill[0m [35mresolveWithNewModule[0m gauge@2.7.4 checking installable status[0m[K⸨[7m   [27m[90m░░░░░░░░░░░░░░░[0m⸩ ⠸ fetchMetadata: [7msill[0m [35mresolveWithNewModule[0m readable-stream@2.3.7 checking installable status[0m[K⸨[7m   [27m[90m░░░░░░░░░░░░░░░[0m⸩ ⠴ fetchMetadata: [7msill[0m [35mresolveWithNewModule[0m readable-stream@2.3.7 checking installable status[0m[K⸨[7m   [27m[90m░░░░░░░░░░░░░░░[0m⸩ ⠹ fetchMetadata: [7msill[0m [35mresolveWithNewModule[0m string_decoder@1.1.1 checking installable status[0m[K⸨[7m   [27m[90m░░░░░░░░░░░░░░░[0m⸩ ⠦ loadDep:strip-ansi: [7msill[0m [35mresolveWithNewModule[0m object-assign@4.1.1 checking installable status[0m[K⸨[7m   [27m[90m░░░░░░░░░░░░░░░[0m⸩ ⠏ fetchMetadata: [7msill[0m [35mresolveWithNewModule[0m code-point-at@1.1.0 checking installable status[0m[K⸨[7m   [27m[90m░░░░░░░░░░░░░░░[0m⸩ ⠇ fetchMetadata: [7msill[0m [35mresolveWithNewModule[0m strip-ansi@4.0.0 checking installable status[0m[K⸨[7m   [27m[90m░░░░░░░░░░░░░░░[0m⸩ ⠋ fetchMetadata: [7msill[0m [35mresolveWithNewModule[0m ansi-regex@3.0.0 checking installable status[0m[K⸨[7m   [27m[90m░░░░░░░░░░░░░░░[0m⸩ ⠦ fetchMetadata: [7msill[0m [35mresolveWithNewModule[0m os-homedir@1.0.2 checking installable status[0m[K⸨[7m   [27m[90m░░░░░░░░░░░░░░░[0m⸩ ⠋ fetchMetadata: [7msill[0m [35mresolveWithNewModule[0m os-homedir@1.0.2 checking installable status[0m[K⸨[7m   [27m[90m░░░░░░░░░░░░░░░[0m⸩ ⠦ fetchMetadata: [7msill[0m [35mresolveWithNewModule[0m os-homedir@1.0.2 checking installable status[0m[K[K[?25h[37;40mnpm[0m [0m[30;43mWARN[0m [0m[35mdeprecated[0m har-validator@5.1.5: this library is no longer supported
[0m[?25l⸨[7m   [27m[90m░░░░░░░░░░░░░░░[0m⸩ ⠦ fetchMetadata: [7msill[0m [35mresolveWithNewModule[0m tunnel-agent@0.6.0 checking installable status[0m[K⸨[7m   [27m[90m░░░░░░░░░░░░░░░[0m⸩ ⠏ loadDep:mime-types: [7msill[0m [35mresolveWithNewModule[0m delayed-stream@1.0.0 checking installable status[0m[K⸨[7m   [27m[90m░░░░░░░░░░░░░░░[0m⸩ ⠏ loadDep:mime-types: [7msill[0m [35mresolveWithNewModule[0m delayed-stream@1.0.0 checking installable status[0m[K⸨[7m   [27m[90m░░░░░░░░░░░░░░░[0m⸩ ⠹ fetchMetadata: [7msill[0m [35mresolveWithNewModule[0m asynckit@0.4.0 checking installable status[0m[K⸨[7m   [27m[90m░░░░░░░░░░░░░░░[0m⸩ ⠴ fetchMetadata: [7msill[0m [35mresolveWithNewModule[0m asynckit@0.4.0 checking installable status[0m[K⸨[7m   [27m[90m░░░░░░░░░░░░░░░[0m⸩ ⠴ fetchMetadata: [7msill[0m [35mresolveWithNewModule[0m asynckit@0.4.0 checking installable status[0m[K⸨[7m   [27m[90m░░░░░░░░░░░░░░░[0m⸩ ⠴ fetchMetadata: [7msill[0m [35mresolveWithNewModule[0m asynckit@0.4.0 checking installable status[0m[K⸨[7m   [27m[90m░░░░░░░░░░░░░░░[0m⸩ ⠴ fetchMetadata: [7msill[0m [35mresolveWithNewModule[0m asynckit@0.4.0 checking installable status[0m[K⸨[7m   [27m[90m░░░░░░░░░░░░░░░[0m⸩ ⠴ fetchMetadata: [7msill[0m [35mresolveWithNewModule[0m asynckit@0.4.0 checking installable status[0m[K⸨[7m   [27m[90m░░░░░░░░░░░░░░░[0m⸩ ⠇ fetchMetadata: [7msill[0m [35mresolveWithNewModule[0m ajv@6.12.6 checking installable status[0m[K⸨[7m   [27m[90m░░░░░░░░░░░░░░░[0m⸩ ⠋ fetchMetadata: [7msill[0m [35mresolveWithNewModule[0m uri-js@4.4.1 checking installable status[0m[K⸨[7m   [27m[90m░░░░░░░░░░░░░░░[0m⸩ ⠋ fetchMetadata: [7msill[0m [35mresolveWithNewModule[0m uri-js@4.4.1 checking installable status[0m[K⸨[7m   [27m[90m░░░░░░░░░░░░░░░[0m⸩ ⠸ fetchMetadata: [7msill[0m [35mresolveWithNewModule[0m punycode@2.1.1 checking installable status[0m[K⸨[7m   [27m[90m░░░░░░░░░░░░░░░[0m⸩ ⠹ fetchMetadata: [7msill[0m [35mresolveWithNewModule[0m sshpk@1.16.1 checking installable status[0m[K⸨[7m   [27m[90m░░░░░░░░░░░░░░░[0m⸩ ⠇ fetchMetadata: [7msill[0m [35mresolveWithNewModule[0m sshpk@1.16.1 checking installable status[0m[K⸨[7m   [27m[90m░░░░░░░░░░░░░░░[0m⸩ ⠙ fetchMetadata: [7msill[0m [35mresolveWithNewModule[0m verror@1.10.0 checking installable status[0m[K⸨[7m   [27m[90m░░░░░░░░░░░░░░░[0m⸩ ⠸ fetchMetadata: [7msill[0m [35mresolveWithNewModule[0m verror@1.10.0 checking installable status[0m[K⸨[7m   [27m[90m░░░░░░░░░░░░░░░[0m⸩ ⠹ loadDep:punycode: [7msill[0m [35mresolveWithNewModule[0m bcrypt-pbkdf@1.0.2 checking installable status[0m[K⸨[7m   [27m[90m░░░░░░░░░░░░░░░[0m⸩ ⠴ loadDep:inherits: [7msill[0m [35mresolveWithNewModule[0m psl@1.8.0 checking installable status[0m[K⸨[7m   [27m[90m░░░░░░░░░░░░░░░[0m⸩ ⠇ fetchMetadata: [7msill[0m [35mresolveWithNewModule[0m block-stream@0.0.9 checking installable status[0m[K⸨[7m   [27m[90m░░░░░░░░░░░░░░░[0m⸩ ⠧ fetchMetadata: [7msill[0m [35mresolveWithNewModule[0m isexe@2.0.0 checking installable status[0m[K⸨[7m   [27m[90m░░░░░░░░░░░░░░░[0m⸩ ⠋ fetchMetadata: [7msill[0m [35mresolveWithNewModule[0m isexe@2.0.0 checking installable status[0m[K⸨[7m   [27m[90m░░░░░░░░░░░░░░░[0m⸩ ⠸ fetchMetadata: [7msill[0m [35mresolveWithNewModule[0m isexe@2.0.0 checking installable status[0m[K⸨[7m   [27m[90m░░░░░░░░░░░░░░░[0m⸩ ⠼ fetchMetadata: [7msill[0m [35mresolveWithNewModule[0m isexe@2.0.0 checking installable status[0m[K⸨[7m   [27m[90m░░░░░░░░░░░░░░░[0m⸩ ⠼ fetchMetadata: [7msill[0m [35mresolveWithNewModule[0m isexe@2.0.0 checking installable status[0m[K⸨[7m   [27m[90m░░░░░░░░░░░░░░░[0m⸩ ⠏ fetchMetadata: [7msill[0m [35mresolveWithNewModule[0m needle@2.6.0 checking installable status[0m[K⸨[7m   [27m[90m░░░░░░░░░░░░░░░[0m⸩ ⠹ fetchMetadata: [7msill[0m [35mresolveWithNewModule[0m sax@1.2.4 checking installable status[0m[K⸨[7m   [27m[90m░░░░░░░░░░░░░░░[0m⸩ ⠼ fetchMetadata: [7msill[0m [35mresolveWithNewModule[0m ms@2.1.3 checking installable status[0m[K⸨[7m   [27m[90m░░░░░░░░░░░░░░░[0m⸩ ⠸ fetchMetadata: [7msill[0m [35mresolveWithNewModule[0m npm-bundled@1.1.1 checking installable status[0m[K⸨[7m   [27m[90m░░░░░░░░░░░░░░░[0m⸩ ⠴ fetchMetadata: [7msill[0m [35mresolveWithNewModule[0m npm-bundled@1.1.1 checking installable status[0m[K⸨[7m      [27m[90m░░░░░░░░░░░░[0m⸩ ⠼ diffTrees: [7msill[0m [35minstall[0m generateActionsToTake[0m[K⸨[7m       [27m[90m░░░░░░░░░░░[0m⸩ ⠧ postinstall: [7msill[0m [35minstall[0m executeActions[0m[K⸨[7m       [27m[90m░░░░░░░░░░░[0m⸩ ⠴ extract:sequelize-cli: [34;40mverb[0m [35mlock[0m using /Users/julienhimmer/.npm/_locks/staging-23c06d81d95126f9.lock for /Applications/MAMP/htdocs/js/dearl[0m[K⸨[7m       [27m[90m░░░░░░░░░░░[0m⸩ ⠏ extract:sequelize-cli: [34;40mverb[0m [35mlock[0m using /Users/julienhimmer/.npm/_locks/staging-23c06d81d95126f9.lock for /Applications/MAMP/htdocs/js/dearl[0m[K⸨[7m       [27m[90m░░░░░░░░░░░[0m⸩ ⠏ extract:sequelize-cli: [34;40mverb[0m [35mlock[0m using /Users/julienhimmer/.npm/_locks/staging-23c06d81d95126f9.lock for /Applications/MAMP/htdocs/js/dearl[0m[K⸨[7m       [27m[90m░░░░░░░░░░░[0m⸩ ⠏ extract:sequelize-cli: [34;40mverb[0m [35mlock[0m using /Users/julienhimmer/.npm/_locks/staging-23c06d81d95126f9.lock for /Applications/MAMP/htdocs/js/dearl[0m[K⸨[7m       [27m[90m░░░░░░░░░░░[0m⸩ ⠏ extract:sequelize-cli: [34;40mverb[0m [35mlock[0m using /Users/julienhimmer/.npm/_locks/staging-23c06d81d95126f9.lock for /Applications/MAMP/htdocs/js/dearl[0m[K⸨[7m       [27m[90m░░░░░░░░░░░[0m⸩ ⠏ extract:sequelize-cli: [34;40mverb[0m [35mlock[0m using /Users/julienhimmer/.npm/_locks/staging-23c06d81d95126f9.lock for /Applications/MAMP/htdocs/js/dearl[0m[K⸨[7m       [27m[90m░░░░░░░░░░░[0m⸩ ⠏ extract:sequelize-cli: [34;40mverb[0m [35mlock[0m using /Users/julienhimmer/.npm/_locks/staging-23c06d81d95126f9.lock for /Applications/MAMP/htdocs/js/dearl[0m[K⸨[7m       [27m[90m░░░░░░░░░░░[0m⸩ ⠏ extract:sequelize-cli: [34;40mverb[0m [35mlock[0m using /Users/julienhimmer/.npm/_locks/staging-23c06d81d95126f9.lock for /Applications/MAMP/htdocs/js/dearl[0m[K⸨[7m       [27m[90m░░░░░░░░░░░[0m⸩ ⠹ extract:sequelize-cli: [34;40mverb[0m [35mlock[0m using /Users/julienhimmer/.npm/_locks/staging-23c06d81d95126f9.lock for /Applications/MAMP/htdocs/js/dearl[0m[K⸨[7m       [27m[90m░░░░░░░░░░░[0m⸩ ⠼ extract:destroy: [7msill[0m [35mextract[0m abbrev@1 extracted to /Applications/MAMP/htdocs/js/dearlog/node_modules/.staging/abbrev-65f0ad0f (490ms)[0m[K⸨[7m       [27m[90m░░░░░░░░░░░[0m⸩ ⠏ extract:ee-first: [7msill[0m [35mextract[0m yargs@13.3.2[0m[K⸨[7m       [27m[90m░░░░░░░░░░░[0m⸩ ⠋ extract:encodeurl: [7msill[0m [35mextract[0m code-point-at@^1.0.0 extracted to /Applications/MAMP/htdocs/js/dearlog/node_modules/.staging/code-point-at-[0m[K⸨[7m       [27m[90m░░░░░░░░░░░[0m⸩ ⠦ extract:decamelize: [7msill[0m [35mtarball[0m trying wkx@^0.5.0 by hash: sha512-Xng/d4Ichh8uN4l0FToV/258EjMGU9MGcA0HV2d9B/ZpZB3lqQm7nkOdZdm5GhKtLLhAE7Pi[0m[K⸨[7m       [27m[90m░░░░░░░░░░░[0m⸩ ⠹ extract:ansi-styles: [7msill[0m [35mextract[0m raw-body@2.4.0[0m[K⸨[7m        [27m[90m░░░░░░░░░░[0m⸩ ⠋ extract:defer-to-connect: [7msill[0m [35mextract[0m color-convert@^2.0.1 extracted to /Applications/MAMP/htdocs/js/dearlog/node_modules/.staging/color-c[0m[K⸨[7m        [27m[90m░░░░░░░░░░[0m⸩ ⠼ extract:detect-libc: [7msill[0m [35mextract[0m commander@^2.19.0 extracted to /Applications/MAMP/htdocs/js/dearlog/node_modules/.staging/commander-7cb5a[0m[K⸨[7m        [27m[90m░░░░░░░░░░[0m⸩ ⠇ extract:commander: [7msill[0m [35mextract[0m finalhandler@1.1.2[0m[K⸨[7m        [27m[90m░░░░░░░░░░[0m⸩ ⠹ extract:commander: [7msill[0m [35mextract[0m finalhandler@1.1.2[0m[K⸨[7m        [27m[90m░░░░░░░░░░[0m⸩ ⠙ extract:utils-merge: [7msill[0m [35mextract[0m cookie@0.4.0[0m[K⸨[7m        [27m[90m░░░░░░░░░░[0m⸩ ⠹ extract:type-is: [7msill[0m [35mtarball[0m trying content-type@~1.0.4 by hash: sha512-hIP3EEPs8tB9AT1L+NUqtwOAps4mk2Zob89MWXMHjHWg9milF/j4osnnQLXBCBFBk/[0m[K⸨[7m        [27m[90m░░░░░░░░░░[0m⸩ ⠸ extract:path-to-regexp: [7msill[0m [35mextract[0m lru-cache@6.0.0[0m[K⸨[7m        [27m[90m░░░░░░░░░░[0m⸩ ⠹ extract:raw-body: [7msill[0m [35mtarball[0m trying y18n@^4.0.0 by hash: sha512-wNcy4NvjMYL8gogWWYAO7ZFWFfHcbdbE57tZO8e4cbpj8tfUcwrwqSl3ad8HxpYWCdXcJUCeK[0m[K⸨[7m        [27m[90m░░░░░░░░░░[0m⸩ ⠏ extract:debug: [7msill[0m [35mextract[0m xdg-basedir@4.0.0[0m[K⸨[7m        [27m[90m░░░░░░░░░░[0m⸩ ⠧ extract:merge-descriptors: [7msill[0m [35mtarball[0m trying latest-version@^5.0.0 by hash: sha512-weT+r0kTkRQdCdYCNtkMwWXQTMEswKrFBkm4ckQOMVhhqhIMI1UT2h[0m[K⸨[7m        [27m[90m░░░░░░░░░░[0m⸩ ⠙ extract:dottie: [7msill[0m [35mtarball[0m trying got@^9.6.0 by hash: sha512-R7eWptXuGYxwijs0eV+v3o6+XH1IqVK8dJOEecQfTmkncw9AV4dcw/Dhxi8MdlqPthxxpZyizMzy[0m[K⸨[7m        [27m[90m░░░░░░░░░░[0m⸩ ⠼ extract:finalhandler: [7msill[0m [35mextract[0m get-stream@4.1.0[0m[K⸨[7m        [27m[90m░░░░░░░░░░[0m⸩ ⠴ extract:finalhandler: [7msill[0m [35mextract[0m get-stream@4.1.0[0m[K⸨[7m        [27m[90m░░░░░░░░░░[0m⸩ ⠇ extract:finalhandler: [7msill[0m [35mextract[0m get-stream@4.1.0[0m[K⸨[7m        [27m[90m░░░░░░░░░░[0m⸩ ⠼ extract:content-type: [7msill[0m [35mextract[0m tar@2.2.2[0m[K⸨[7m        [27m[90m░░░░░░░░░░[0m⸩ ⠋ extract:cookie: [7msill[0m [35mtarball[0m trying get-stream@^5.1.0 by hash: sha512-nBF+F1rAZVCu/p7rjzgA+Yb4lfYXrpl7a6VmJrU8wF9I1CKvP/QwPNZHnOlwbTkY6dvtF[0m[K⸨[7m        [27m[90m░░░░░░░░░░[0m⸩ ⠇ extract:inflection: [7msill[0m [35mextract[0m end-of-stream@1.4.4[0m[K⸨[7m        [27m[90m░░░░░░░░░░[0m⸩ ⠦ extract:yallist: [7msill[0m [35mextract[0m wrap-ansi@5.1.0[0m[K⸨[7m        [27m[90m░░░░░░░░░░[0m⸩ ⠼ extract:pstree.remy: [7msill[0m [35mtarball[0m trying wrap-ansi@^5.1.0 by hash: sha512-QC1/iN/2/RPVJ5jYK8BGttj5z83LmSKmvbvrXPNCLZSEb32KKVDJDl/MOt2N01qU2[0m[K⸨[7m        [27m[90m░░░░░░░░░░[0m⸩ ⠸ extract:latest-version: [7msill[0m [35mextract[0m widest-line@3.1.0[0m[K⸨[7m        [27m[90m░░░░░░░░░░[0m⸩ ⠹ extract:package-json: [7msill[0m [35mtarball[0m trying gauge@~2.7.3 by hash: sha1-LANAXHU4w51+s3sxcCLjJfsBi/c=[0m[K⸨[7m        [27m[90m░░░░░░░░░░[0m⸩ ⠧ extract:get-stream: [7msill[0m [35mextract[0m yargs-parser@^13.1.2 extracted to /Applications/MAMP/htdocs/js/dearlog/node_modules/.staging/yargs-parser-[0m[K⸨[7m        [27m[90m░░░░░░░░░░[0m⸩ ⠙ extract:yargs-parser: [7msill[0m [35mtarball[0m trying string-width@^1.0.2 || 2 by hash: sha512-nOqH59deCq9SRHlxq1Aw85Jnt4w6KvLKqWVik6oA9ZklXLNIOlqg4F2y[0m[K⸨[7m        [27m[90m░░░░░░░░░░[0m⸩ ⠹ extract:yargs-parser: [7msill[0m [35mtarball[0m trying string-width@^1.0.2 || 2 by hash: sha512-nOqH59deCq9SRHlxq1Aw85Jnt4w6KvLKqWVik6oA9ZklXLNIOlqg4F2y[0m[K⸨[7m        [27m[90m░░░░░░░░░░[0m⸩ ⠸ extract:yargs-parser: [7msill[0m [35mtarball[0m trying string-width@^1.0.2 || 2 by hash: sha512-nOqH59deCq9SRHlxq1Aw85Jnt4w6KvLKqWVik6oA9ZklXLNIOlqg4F2y[0m[K⸨[7m        [27m[90m░░░░░░░░░░[0m⸩ ⠼ extract:cacheable-request: [7msill[0m [35mextract[0m cacheable-request@^6.0.0 extracted to /Applications/MAMP/htdocs/js/dearlog/node_modules/.staging/ca[0m[K⸨[7m        [27m[90m░░░░░░░░░░[0m⸩ ⠴ extract:cacheable-request: [7msill[0m [35mextract[0m cacheable-request@^6.0.0 extracted to /Applications/MAMP/htdocs/js/dearlog/node_modules/.staging/ca[0m[K⸨[7m        [27m[90m░░░░░░░░░░[0m⸩ ⠦ extract:cacheable-request: [7msill[0m [35mextract[0m cacheable-request@^6.0.0 extracted to /Applications/MAMP/htdocs/js/dearlog/node_modules/.staging/ca[0m[K⸨[7m        [27m[90m░░░░░░░░░░[0m⸩ ⠙ extract:inflight: [7msill[0m [35mextract[0m pump@^3.0.0 extracted to /Applications/MAMP/htdocs/js/dearlog/node_modules/.staging/pump-f7bb9a8d (722ms)[0m[K⸨[7m        [27m[90m░░░░░░░░░░[0m⸩ ⠇ extract:pump: [7msill[0m [35mextract[0m verror@1.10.0[0m[K⸨[7m        [27m[90m░░░░░░░░░░[0m⸩ ⠙ extract:chokidar: [7msill[0m [35mtarball[0m trying http-signature@~1.2.0 by hash: sha1-muzZJRFHcvPZW2WmCruPfBj7rOE=[0m[K⸨[7m        [27m[90m░░░░░░░░░░[0m⸩ ⠦ extract:ansi-styles: [7msill[0m [35mextract[0m ajv@6.12.6[0m[K⸨[7m        [27m[90m░░░░░░░░░░[0m⸩ ⠸ extract:express: [7msill[0m [35mextract[0m cliui@^5.0.0 extracted to /Applications/MAMP/htdocs/js/dearlog/node_modules/.staging/cliui-dcef7950 (739ms)[0m[K⸨[7m         [27m[90m░░░░░░░░░[0m⸩ ⠇ extract:boxen: [7msill[0m [35mextract[0m unique-string@2.0.0[0m[K⸨[7m         [27m[90m░░░░░░░░░[0m⸩ ⠴ extract:color-name: [7msill[0m [35mextract[0m wide-align@^1.1.0 extracted to /Applications/MAMP/htdocs/js/dearlog/node_modules/.staging/wide-align-6d3f3[0m[K⸨[7m         [27m[90m░░░░░░░░░[0m⸩ ⠴ extract:npmlog: [7msill[0m [35mtarball[0m trying es5-ext@^0.10.46 by hash: sha512-Xs2Stw6NiNHWypzRTY1MtaG/uJlwCk8kH81920ma8mvN8Xq1gsfhZvpkImLQArw8AHnv8M[0m[K⸨[7m         [27m[90m░░░░░░░░░[0m⸩ ⠋ extract:which-module: [7msill[0m [35mtarball[0m trying es6-symbol@~3.1.3 by hash: sha512-NJ6Yn3FuDinBaBRWl/q5X/s4koRHBrgKAu+yGI6JCBeiu3qrcbJhwT2GeR/EXVf[0m[K⸨[7m         [27m[90m░░░░░░░░░[0m⸩ ⠹ extract:wkx: [7msill[0m [35mtarball[0m trying d@1 by hash: sha512-m62ShEObQ39CfralilEQRjH6oAMtNCV1xJyEx5LpRYUVN+EviphDgUc/F3hnYbADmkiNs67Y+3ylmlG7Lnu+FA[0m[K⸨[7m         [27m[90m░░░░░░░░░[0m⸩ ⠸ extract:wkx: [7msill[0m [35mtarball[0m trying d@1 by hash: sha512-m62ShEObQ39CfralilEQRjH6oAMtNCV1xJyEx5LpRYUVN+EviphDgUc/F3hnYbADmkiNs67Y+3ylmlG7Lnu+FA[0m[K⸨[7m         [27m[90m░░░░░░░░░[0m⸩ ⠼ extract:wkx: [7msill[0m [35mtarball[0m trying d@1 by hash: sha512-m62ShEObQ39CfralilEQRjH6oAMtNCV1xJyEx5LpRYUVN+EviphDgUc/F3hnYbADmkiNs67Y+3ylmlG7Lnu+FA[0m[K⸨[7m         [27m[90m░░░░░░░░░[0m⸩ ⠦ extract:url-parse-lax: [7msill[0m [35mextract[0m url-parse-lax@^3.0.0 extracted to /Applications/MAMP/htdocs/js/dearlog/node_modules/.staging/url-parse-[0m[K⸨[7m         [27m[90m░░░░░░░░░[0m⸩ ⠏ extract:which: [7msill[0m [35mextract[0m util-deprecate@~1.0.1 extracted to /Applications/MAMP/htdocs/js/dearlog/node_modules/.staging/util-deprecate-3d[0m[K⸨[7m         [27m[90m░░░░░░░░░[0m⸩ ⠼ extract:util-deprecate: [7msill[0m [35mextract[0m bcrypt-pbkdf@1.0.2[0m[K⸨[7m         [27m[90m░░░░░░░░░[0m⸩ ⠏ extract:got: [7msill[0m [35mextract[0m tough-cookie@2.5.0[0m[K⸨[7m         [27m[90m░░░░░░░░░[0m⸩ ⠴ extract:unique-string: [7msill[0m [35mextract[0m jsprim@^1.2.2 extracted to /Applications/MAMP/htdocs/js/dearlog/node_modules/.staging/jsprim-c4109291 ([0m[K⸨[7m         [27m[90m░░░░░░░░░[0m⸩ ⠋ extract:har-validator: [7msill[0m [35mextract[0m are-we-there-yet@~1.1.2 extracted to /Applications/MAMP/htdocs/js/dearlog/node_modules/.staging/are-we-[0m[K⸨[7m         [27m[90m░░░░░░░░░[0m⸩ ⠦ extract:verror: [7msill[0m [35mtarball[0m trying fill-range@^7.0.1 by hash: sha512-qOo9F+dMUmC2Lcb4BbVvnKJxTPjCm+RRpe4gDuGrzkL7mEVl/djYSu2OdQ2Pa302N4oqk[0m[K⸨[7m         [27m[90m░░░░░░░░░[0m⸩ ⠋ extract:node-pre-gyp: [7msill[0m [35mextract[0m to-readable-stream@1.0.0[0m[K⸨[7m         [27m[90m░░░░░░░░░[0m⸩ ⠼ extract:gauge: [7msill[0m [35mtarball[0m trying term-size@^2.1.0 by hash: sha512-wK0Ri4fOGjv/XPy8SBHZChl8CM7uMc5VML7SqiQ0zG7+J5Vr+RMQDoHa2CNT6KHUnTGIXH3[0m[K⸨[7m         [27m[90m░░░░░░░░░[0m⸩ ⠦ extract:gauge: [7msill[0m [35mtarball[0m trying term-size@^2.1.0 by hash: sha512-wK0Ri4fOGjv/XPy8SBHZChl8CM7uMc5VML7SqiQ0zG7+J5Vr+RMQDoHa2CNT6KHUnTGIXH3[0m[K⸨[7m         [27m[90m░░░░░░░░░[0m⸩ ⠇ extract:fstream: [7msill[0m [35mtarball[0m trying registry-url@^5.0.0 by hash: sha512-8acYXXTI0AkQv6RAOjE3vOaIXZkT9wo4LOFbBKYQEEnnMNBpKqdUrI6S4NT0KPIo/W[0m[K⸨[7m         [27m[90m░░░░░░░░░[0m⸩ ⠸ extract:http-signature: [7msill[0m [35mtarball[0m trying rc@^1.2.8 by hash: sha512-y3bGgqKj3QBdxLbLkomlohkvsA8gdAiUQlSBJnBhfn+BPxg4bc62d8TcBW15wavDfgexC[0m[K⸨[7m         [27m[90m░░░░░░░░░[0m⸩ ⠋ extract:tunnel-agent: [7msill[0m [35mextract[0m bcrypt-pbkdf@^1.0.0 extracted to /Applications/MAMP/htdocs/js/dearlog/node_modules/.staging/bcrypt-pbkdf[0m[K⸨[7m         [27m[90m░░░░░░░░░[0m⸩ ⠧ extract:toidentifier: [7msill[0m [35mtarball[0m trying ansi-align@^3.0.0 by hash: sha512-ZpClVKqXN3RGBmKibdfWzqCY4lnjEuoNzU5T0oEFpfd/z5qJHVarukridD4juLO[0m[K⸨[7m         [27m[90m░░░░░░░░░[0m⸩ ⠹ extract:http-errors: [7msill[0m [35mtarball[0m trying string-width@^4.1.0 by hash: sha512-zUz5JD+tgqtuDjMhwIg5uFVV3dtqZ9yQJlZVfq4I01/K5Paj5UHj7VyrQOJvza[0m[K⸨[7m         [27m[90m░░░░░░░░░[0m⸩ ⠼ extract:http-errors: [7msill[0m [35mtarball[0m trying string-width@^4.1.0 by hash: sha512-zUz5JD+tgqtuDjMhwIg5uFVV3dtqZ9yQJlZVfq4I01/K5Paj5UHj7VyrQOJvza[0m[K⸨[7m         [27m[90m░░░░░░░░░[0m⸩ ⠏ extract:fill-range: [7msill[0m [35mextract[0m is-fullwidth-code-point@3.0.0[0m[K⸨[7m         [27m[90m░░░░░░░░░[0m⸩ ⠧ extract:d: [7msill[0m [35mextract[0m string_decoder@1.1.1[0m[K⸨[7m         [27m[90m░░░░░░░░░[0m⸩ ⠼ extract:registry-url: [7msill[0m [35mtarball[0m trying signal-exit@^3.0.2 by hash: sha512-VUJ49FC8U1OxwZLxIbTTrDvLnf/6TDgxZcK8wxR8zs13xpx7xbG60ndBlhNrFi[0m[K⸨[7m         [27m[90m░░░░░░░░░[0m⸩ ⠇ extract:type-fest: [7msill[0m [35mtarball[0m trying sigmund@^1.0.1 by hash: sha1-P/IfGYytIXX587eBhT/ZTQ0ZtZA=[0m[K⸨[7m         [27m[90m░░░░░░░░░[0m⸩ ⠙ extract:strip-json-comments: [7msill[0m [35mtarball[0m trying setprototypeof@1.1.1 by hash: sha512-JvdAWfbXeIGaZ9cILp38HntZSFSo3mWg6xGcJJsd+d4aRMOqauag1[0m[K⸨[7m         [27m[90m░░░░░░░░░[0m⸩ ⠼ extract:string-width: [7msill[0m [35mextract[0m semver-diff@3.1.1[0m[K⸨[7m         [27m[90m░░░░░░░░░[0m⸩ ⠸ extract:ansi-align: [7msill[0m [35mextract[0m strip-ansi@^5.1.0 extracted to /Applications/MAMP/htdocs/js/dearlog/node_modules/.staging/strip-ansi-c82a6[0m[K⸨[7m         [27m[90m░░░░░░░░░[0m⸩ ⠦ extract:strip-ansi: [7msill[0m [35mextract[0m is-fullwidth-code-point@^3.0.0 extracted to /Applications/MAMP/htdocs/js/dearlog/node_modules/.staging/is-[0m[K⸨[7m         [27m[90m░░░░░░░░░[0m⸩ ⠙ extract:is-fullwidth-code-point: [7msill[0m [35mextract[0m tweetnacl@~0.14.0 extracted to /Applications/MAMP/htdocs/js/dearlog/node_modules/.staging/twe[0m[K⸨[7m         [27m[90m░░░░░░░░░[0m⸩ ⠋ extract:memoizee: [7msill[0m [35mextract[0m timers-ext@^0.1.5 extracted to /Applications/MAMP/htdocs/js/dearlog/node_modules/.staging/timers-ext-0467f56[0m[K⸨[7m         [27m[90m░░░░░░░░░[0m⸩ ⠇ extract:signal-exit: [7msill[0m [35mextract[0m nodemon@latest extracted to /Applications/MAMP/htdocs/js/dearlog/node_modules/.staging/nodemon-581daa99 ([0m[K⸨[7m         [27m[90m░░░░░░░░░[0m⸩ ⠋ extract:statuses: [7msill[0m [35mtarball[0m trying require-directory@^2.1.1 by hash: sha1-jGStX9MNqxyXbiNE/+f3kqam30I=[0m[K⸨[7m          [27m[90m░░░░░░░░[0m⸩ ⠸ extract:cli-color: [7msill[0m [35mextract[0m lru-cache@4.1.5[0m[K⸨[7m          [27m[90m░░░░░░░░[0m⸩ ⠏ extract:sigmund: [7msill[0m [35mextract[0m anymatch@3.1.1[0m[K⸨[7m          [27m[90m░░░░░░░░[0m⸩ ⠼ extract:sigmund: [7msill[0m [35mextract[0m anymatch@3.1.1[0m[K⸨[7m          [27m[90m░░░░░░░░[0m⸩ ⠦ extract:sigmund: [7msill[0m [35mextract[0m anymatch@3.1.1[0m[K⸨[7m          [27m[90m░░░░░░░░[0m⸩ ⠙ extract:minizlib: [7msill[0m [35mextract[0m performance-now@2.1.0[0m[K⸨[7m          [27m[90m░░░░░░░░[0m⸩ ⠇ extract:sax: [7msill[0m [35mextract[0m path-is-absolute@1.0.1[0m[K⸨[7m          [27m[90m░░░░░░░░[0m⸩ ⠧ extract:safe-buffer: [7msill[0m [35mextract[0m parseurl@1.3.3[0m[K⸨[7m          [27m[90m░░░░░░░░[0m⸩ ⠸ extract:responselike: [7msill[0m [35mtarball[0m trying semver@^6.2.0 by hash: sha512-b39TBaTSfV6yBrapU89p5fKekE2m/NwnDocOVruQFS1/veMgdzuPcnOM34M6CwxW8jH[0m[K⸨[7m          [27m[90m░░░░░░░░[0m⸩ ⠏ extract:fs-extra: [7msill[0m [35mtarball[0m trying p-limit@^2.0.0 by hash: sha512-//88mFWSJx8lxCzwdAABTJL2MyWB12+eIY7MDL2SqLmAkeKU9qxRvWuSyTjm3FUmpBEMuF[0m[K⸨[7m          [27m[90m░░░░░░░░[0m⸩ ⠇ extract:require-directory: [7msill[0m [35mextract[0m config-chain@^1.1.12 extracted to /Applications/MAMP/htdocs/js/dearlog/node_modules/.staging/config[0m[K⸨[7m          [27m[90m░░░░░░░░[0m⸩ ⠧ extract:process-nextick-args: [7msill[0m [35mextract[0m object-assign@4.1.1[0m[K⸨[7m          [27m[90m░░░░░░░░[0m⸩ ⠴ extract:pseudomap: [7msill[0m [35mextract[0m proto-list@~1.2.1 extracted to /Applications/MAMP/htdocs/js/dearlog/node_modules/.staging/proto-list-765111[0m[K⸨[7m          [27m[90m░░░░░░░░[0m⸩ ⠹ extract:path-is-absolute: [7msill[0m [35mextract[0m path-parse@^1.0.6 extracted to /Applications/MAMP/htdocs/js/dearlog/node_modules/.staging/path-parse[0m[K⸨[7m          [27m[90m░░░░░░░░[0m⸩ ⠙ extract:path-exists: [7msill[0m [35mextract[0m p-locate@^3.0.0 extracted to /Applications/MAMP/htdocs/js/dearlog/node_modules/.staging/p-locate-7838ba3a[0m[K⸨[7m          [27m[90m░░░░░░░░[0m⸩ ⠧ extract:p-locate: [7msill[0m [35mextract[0m parseurl@~1.3.3 extracted to /Applications/MAMP/htdocs/js/dearlog/node_modules/.staging/parseurl-4ed0fa11 (3[0m[K⸨[7m          [27m[90m░░░░░░░░[0m⸩ ⠼ extract:p-limit: [7msill[0m [35mtarball[0m trying mkdirp@^0.5.0 by hash: sha512-NKmAlESf6jMGym1++R0Ra7wvhV+wFW63FaSOFPwRahvea0gMUcGUhVeAg/0BC0wiv9ih5NYP[0m[K⸨[7m          [27m[90m░░░░░░░░[0m⸩ ⠼ extract:p-cancelable: [7msill[0m [35mextract[0m oauth-sign@~0.9.0 extracted to /Applications/MAMP/htdocs/js/dearlog/node_modules/.staging/oauth-sign-16f[0m[K⸨[7m          [27m[90m░░░░░░░░[0m⸩ ⠸ extract:oauth-sign: [7msill[0m [35mtarball[0m trying debug@2.6.9 by hash: sha512-bC7ElrdJaJnPbAP+1EotYvqZsb3ecl5wi6Bfi6BJTUcNowp6cvspg0jXznRTKDjm/E7AdgF[0m[K⸨[7m          [27m[90m░░░░░░░░[0m⸩ ⠋ extract:npm-bundled: [7msill[0m [35mtarball[0m trying minimist@^1.2.0 by hash: sha512-FM9nNUYrRBAELZQT3xeZQ7fmMOBg6nWNmJKTcgsJeaLstP/UODVpGsr5OhXhhXg6f+[0m[K⸨[7m          [27m[90m░░░░░░░░[0m⸩ ⠧ extract:normalize-path: [7msill[0m [35mextract[0m normalize-url@^4.1.0 extracted to /Applications/MAMP/htdocs/js/dearlog/node_modules/.staging/normalize[0m[K⸨[7m          [27m[90m░░░░░░░░[0m⸩ ⠹ extract:normalize-url: [7msill[0m [35mextract[0m form-data@2.3.3[0m[K⸨[7m          [27m[90m░░░░░░░░[0m⸩ ⠏ extract:ms: [7msill[0m [35mtarball[0m trying mime-db@1.46.0 by hash: sha512-svXaP8UQRZ5K7or+ZmfNhg2xX3yKDMUzqadsSqi4NCH/KomcH75MAMYAGVlvXn4+b/xOPhS3I2uH[0m[K⸨[7m          [27m[90m░░░░░░░░[0m⸩ ⠼ extract:moment-timezone: [7msill[0m [35mextract[0m media-typer@0.3.0[0m[K⸨[7m          [27m[90m░░░░░░░░[0m⸩ ⠇ extract:yallist: [7msill[0m [35mextract[0m make-dir@3.1.0[0m[K⸨[7m          [27m[90m░░░░░░░░[0m⸩ ⠙ extract:yallist: [7msill[0m [35mextract[0m make-dir@3.1.0[0m[K⸨[7m          [27m[90m░░░░░░░░[0m⸩ ⠋ extract:ms: [7msill[0m [35mextract[0m json-stringify-safe@5.0.1[0m[K⸨[7m           [27m[90m░░░░░░░[0m⸩ ⠹ extract:decompress-response: [7msill[0m [35mextract[0m json-buffer@3.0.0[0m[K⸨[7m           [27m[90m░░░░░░░[0m⸩ ⠼ extract:qs: [7msill[0m [35mtarball[0m trying jsbn@~0.1.0 by hash: sha1-peZUwuWi3rXyAdls77yoDA7y9RM=[0m[K⸨[7m           [27m[90m░░░░░░░[0m⸩ ⠼ extract:semver: [7msill[0m [35mextract[0m is-typedarray@1.0.0[0m[K⸨[7m           [27m[90m░░░░░░░[0m⸩ ⠙ extract:mkdirp: [7msill[0m [35mextract[0m is-path-inside@3.0.2[0m[K⸨[7m           [27m[90m░░░░░░░[0m⸩ ⠏ extract:negotiator: [7msill[0m [35mtarball[0m trying dot-prop@^5.2.0 by hash: sha512-QM8q3zDe58hqUqjraQOmzZ1LIH9SWQJTlEKCH4kJ2oQvLZk7RbQXvtDM2XEq3fwkV9C[0m[K⸨[7m           [27m[90m░░░░░░░[0m⸩ ⠧ extract:uri-js: [7msill[0m [35mextract[0m is-npm@4.0.0[0m[K⸨[7m           [27m[90m░░░░░░░[0m⸩ ⠦ extract:debug: [7msill[0m [35mextract[0m is-extglob@2.1.1[0m[K⸨[7m           [27m[90m░░░░░░░[0m⸩ ⠧ extract:debug: [7msill[0m [35mextract[0m is-extglob@2.1.1[0m[K⸨[7m           [27m[90m░░░░░░░[0m⸩ ⠋ extract:lowercase-keys: [7msill[0m [35mextract[0m nopt@2 || 3 extracted to /Applications/MAMP/htdocs/js/dearlog/node_modules/.staging/nopt-4c6071c7 (101[0m[K⸨[7m           [27m[90m░░░░░░░[0m⸩ ⠧ extract:iconv-lite: [7msill[0m [35mextract[0m ipaddr.js@1.9.1[0m[K⸨[7m           [27m[90m░░░░░░░[0m⸩ ⠙ extract:jsonfile: [7msill[0m [35mtarball[0m trying global-dirs@^2.0.1 by hash: sha512-MG6kdOUh/xBnyo9cJFeIKkLEc1AyFq42QTU4XiX51i2NEdxLxLWXIjEjmqKeSuKR7p[0m[K⸨[7m           [27m[90m░░░░░░░[0m⸩ ⠴ extract:keyv: [7msill[0m [35mtarball[0m trying ini@1.3.7 by hash: sha512-iKpRpXP+CrP2jyrxvg1kMUpXDyRUFDWurxbnVT1vQPx+Wz9uCYsMIqYuSBLV+PAaZG/d7kRLKRFc9oD[0m[K⸨[7m           [27m[90m░░░░░░░[0m⸩ ⠼ extract:is-typedarray: [7msill[0m [35mtarball[0m trying inherits@2.0.3 by hash: sha1-Yzwsg+PaQqUC9SRmAiSA9CCCYd4=[0m[K⸨[7m           [27m[90m░░░░░░░[0m⸩ ⠙ extract:semver: [7msill[0m [35mtarball[0m trying imurmurhash@^0.1.4 by hash: sha1-khi5srkoojixPcT7a21XbyMUU+o=[0m[K⸨[7m           [27m[90m░░░░░░░[0m⸩ ⠏ extract:jsbn: [7msill[0m [35mextract[0m fs.realpath@1.0.0[0m[K⸨[7m           [27m[90m░░░░░░░[0m⸩ ⠦ extract:isexe: [7msill[0m [35mtarball[0m trying fast-json-stable-stringify@^2.0.0 by hash: sha512-lhd/wF+Lk98HZoTCtlVraHtfh5XYijIjalXck7saUtuanSDyLMxnHh[0m[K⸨[7m           [27m[90m░░░░░░░[0m⸩ ⠦ extract:json-schema-traverse: [7msill[0m [35mextract[0m etag@1.8.1[0m[K⸨[7m           [27m[90m░░░░░░░[0m⸩ ⠴ extract:node-addon-api: [7msill[0m [35mextract[0m escape-html@1.0.3[0m[K⸨[7m           [27m[90m░░░░░░░[0m⸩ ⠦ extract:ini: [7msill[0m [35mextract[0m ini@1.3.7 extracted to /Applications/MAMP/htdocs/js/dearlog/node_modules/.staging/ini-5800e379 (370ms)[0m[K⸨[7m           [27m[90m░░░░░░░[0m⸩ ⠧ extract:block-stream: [7msill[0m [35mextract[0m block-stream@* extracted to /Applications/MAMP/htdocs/js/dearlog/node_modules/.staging/block-stream-8675[0m[K⸨[7m           [27m[90m░░░░░░░[0m⸩ ⠸ extract:has-flag: [7msill[0m [35mextract[0m strip-ansi@^3.0.1 extracted to /Applications/MAMP/htdocs/js/dearlog/node_modules/.staging/strip-ansi-99762a5[0m[K⸨[7m           [27m[90m░░░░░░░[0m⸩ ⠋ extract:ipaddr.js: [7msill[0m [35mextract[0m fresh@0.5.2 extracted to /Applications/MAMP/htdocs/js/dearlog/node_modules/.staging/fresh-2061431c (338ms)[0m[K⸨[7m            [27m[90m░░░░░░[0m⸩ ⠇ extract:needle: [7msill[0m [35mextract[0m etag@~1.8.1 extracted to /Applications/MAMP/htdocs/js/dearlog/node_modules/.staging/etag-545ba915 (308ms)[0m[K⸨[7m            [27m[90m░░░░░░[0m⸩ ⠏ extract:escape-goat: [7msill[0m [35mextract[0m escape-goat@^2.0.0 extracted to /Applications/MAMP/htdocs/js/dearlog/node_modules/.staging/escape-goat-80[0m[K⸨[7m            [27m[90m░░░░░░[0m⸩ ⠙ extract:is-core-module: [7msill[0m [35mextract[0m is-core-module@^2.2.0 extracted to /Applications/MAMP/htdocs/js/dearlog/node_modules/.staging/is-core-[0m[K⸨[7m            [27m[90m░░░░░░[0m⸩ ⠴ extract:fast-deep-equal: [7msill[0m [35mextract[0m fast-deep-equal@^3.1.1 extracted to /Applications/MAMP/htdocs/js/dearlog/node_modules/.staging/fast-d[0m[K⸨[7m            [27m[90m░░░░░░[0m⸩ ⠴ extract:fast-deep-equal: [7msill[0m [35mextract[0m fast-deep-equal@^3.1.1 extracted to /Applications/MAMP/htdocs/js/dearlog/node_modules/.staging/fast-d[0m[K⸨[7m            [27m[90m░░░░░░[0m⸩ ⠦ extract:har-schema: [7msill[0m [35mextract[0m har-schema@^2.0.0 extracted to /Applications/MAMP/htdocs/js/dearlog/node_modules/.staging/har-schema-d8cd1[0m[K⸨[7m            [27m[90m░░░░░░[0m⸩ ⠧ extract:fast-json-stable-stringify: [7msill[0m [35mextract[0m fast-json-stable-stringify@^2.0.0 extracted to /Applications/MAMP/htdocs/js/dearlog/node_m[0m[K⸨[7m            [27m[90m░░░░░░[0m⸩ ⠧ extract:fast-json-stable-stringify: [7msill[0m [35mextract[0m fast-json-stable-stringify@^2.0.0 extracted to /Applications/MAMP/htdocs/js/dearlog/node_m[0m[K⸨[7m            [27m[90m░░░░░░[0m⸩ ⠧ extract:fast-json-stable-stringify: [7msill[0m [35mextract[0m fast-json-stable-stringify@^2.0.0 extracted to /Applications/MAMP/htdocs/js/dearlog/node_m[0m[K⸨[7m            [27m[90m░░░░░░[0m⸩ ⠇ extract:json-schema: [7msill[0m [35mextract[0m json-schema@0.2.3 extracted to /Applications/MAMP/htdocs/js/dearlog/node_modules/.staging/json-schema-506[0m[K⸨[7m            [27m[90m░░░░░░[0m⸩ ⠇ extract:json-schema: [7msill[0m [35mextract[0m json-schema@0.2.3 extracted to /Applications/MAMP/htdocs/js/dearlog/node_modules/.staging/json-schema-506[0m[K⸨[7m            [27m[90m░░░░░░[0m⸩ ⠏ extract:ajv: [7msill[0m [35mextract[0m ajv@^6.12.3 extracted to /Applications/MAMP/htdocs/js/dearlog/node_modules/.staging/ajv-33dc6d58 (4823ms)[0m[K⸨[7m            [27m[90m░░░░░░[0m⸩ ⠏ extract:ajv: [7msill[0m [35mextract[0m ajv@^6.12.3 extracted to /Applications/MAMP/htdocs/js/dearlog/node_modules/.staging/ajv-33dc6d58 (4823ms)[0m[K⸨[7m            [27m[90m░░░░░░[0m⸩ ⠏ extract:ajv: [7msill[0m [35mextract[0m ajv@^6.12.3 extracted to /Applications/MAMP/htdocs/js/dearlog/node_modules/.staging/ajv-33dc6d58 (4823ms)[0m[K⸨[7m            [27m[90m░░░░░░[0m⸩ ⠏ extract:ajv: [7msill[0m [35mextract[0m ajv@^6.12.3 extracted to /Applications/MAMP/htdocs/js/dearlog/node_modules/.staging/ajv-33dc6d58 (4823ms)[0m[K⸨[7m            [27m[90m░░░░░░[0m⸩ ⠋ extract:tar: [7msill[0m [35mextract[0m tar@^2.0.0 extracted to /Applications/MAMP/htdocs/js/dearlog/node_modules/.staging/tar-9d73f9dc (5890ms)[0m[K⸨[7m            [27m[90m░░░░░░[0m⸩ ⠋ extract:tar: [7msill[0m [35mextract[0m tar@^2.0.0 extracted to /Applications/MAMP/htdocs/js/dearlog/node_modules/.staging/tar-9d73f9dc (5890ms)[0m[K⸨[7m            [27m[90m░░░░░░[0m⸩ ⠋ extract:tar: [7msill[0m [35mextract[0m tar@^2.0.0 extracted to /Applications/MAMP/htdocs/js/dearlog/node_modules/.staging/tar-9d73f9dc (5890ms)[0m[K⸨[7m            [27m[90m░░░░░░[0m⸩ ⠙ extract:sqlite3: [7msill[0m [35mextract[0m sqlite3@latest extracted to /Applications/MAMP/htdocs/js/dearlog/node_modules/.staging/sqlite3-acf27848 (6810[0m[K⸨[7m            [27m[90m░░░░░░[0m⸩ ⠙ extract:sqlite3: [7msill[0m [35mextract[0m sqlite3@latest extracted to /Applications/MAMP/htdocs/js/dearlog/node_modules/.staging/sqlite3-acf27848 (6810[0m[K⸨[7m            [27m[90m░░░░░░[0m⸩ ⠙ extract:sqlite3: [7msill[0m [35mextract[0m sqlite3@latest extracted to /Applications/MAMP/htdocs/js/dearlog/node_modules/.staging/sqlite3-acf27848 (6810[0m[K⸨[7m            [27m[90m░░░░░░[0m⸩ ⠙ extract:sqlite3: [7msill[0m [35mextract[0m sqlite3@latest extracted to /Applications/MAMP/htdocs/js/dearlog/node_modules/.staging/sqlite3-acf27848 (6810[0m[K⸨[7m            [27m[90m░░░░░░[0m⸩ ⠙ extract:sqlite3: [7msill[0m [35mextract[0m sqlite3@latest extracted to /Applications/MAMP/htdocs/js/dearlog/node_modules/.staging/sqlite3-acf27848 (6810[0m[K⸨[7m            [27m[90m░░░░░░[0m⸩ ⠸ extract:resolve: [7msill[0m [35mextract[0m resolve@^1.5.0 extracted to /Applications/MAMP/htdocs/js/dearlog/node_modules/.staging/resolve-c9e550e2 (7058[0m[K⸨[7m            [27m[90m░░░░░░[0m⸩ ⠸ extract:resolve: [7msill[0m [35mextract[0m resolve@^1.5.0 extracted to /Applications/MAMP/htdocs/js/dearlog/node_modules/.staging/resolve-c9e550e2 (7058[0m[K⸨[7m            [27m[90m░░░░░░[0m⸩ ⠦ extract:sequelize: [7msill[0m [35mextract[0m sequelize@latest extracted to /Applications/MAMP/htdocs/js/dearlog/node_modules/.staging/sequelize-cab79109[0m[K⸨[7m            [27m[90m░░░░░░[0m⸩ ⠧ extract:type: [7msill[0m [35mextract[0m type@^2.0.0 extracted to /Applications/MAMP/htdocs/js/dearlog/node_modules/.staging/type-c6be02ae (1589ms)[0m[K⸨[7m            [27m[90m░░░░░░[0m⸩ ⠇ extract:type: [7msill[0m [35mextract[0m type@^1.0.1 extracted to /Applications/MAMP/htdocs/js/dearlog/node_modules/.staging/type-8dc6233d (5294ms)[0m[K⸨[7m            [27m[90m░░░░░░[0m⸩ ⠇ extract:type: [7msill[0m [35mextract[0m type@^1.0.1 extracted to /Applications/MAMP/htdocs/js/dearlog/node_modules/.staging/type-8dc6233d (5294ms)[0m[K⸨[7m            [27m[90m░░░░░░[0m⸩ ⠇ extract:type: [7msill[0m [35mextract[0m type@^1.0.1 extracted to /Applications/MAMP/htdocs/js/dearlog/node_modules/.staging/type-8dc6233d (5294ms)[0m[K⸨[7m            [27m[90m░░░░░░[0m⸩ ⠇ extract:type: [7msill[0m [35mextract[0m type@^1.0.1 extracted to /Applications/MAMP/htdocs/js/dearlog/node_modules/.staging/type-8dc6233d (5294ms)[0m[K⸨[7m            [27m[90m░░░░░░[0m⸩ ⠇ extract:type: [7msill[0m [35mextract[0m type@^1.0.1 extracted to /Applications/MAMP/htdocs/js/dearlog/node_modules/.staging/type-8dc6233d (5294ms)[0m[K⸨[7m            [27m[90m░░░░░░[0m⸩ ⠇ extract:type: [7msill[0m [35mextract[0m type@^1.0.1 extracted to /Applications/MAMP/htdocs/js/dearlog/node_modules/.staging/type-8dc6233d (5294ms)[0m[K⸨[7m            [27m[90m░░░░░░[0m⸩ ⠇ extract:type: [7msill[0m [35mextract[0m type@^1.0.1 extracted to /Applications/MAMP/htdocs/js/dearlog/node_modules/.staging/type-8dc6233d (5294ms)[0m[K⸨[7m            [27m[90m░░░░░░[0m⸩ ⠇ extract:type: [7msill[0m [35mextract[0m type@^1.0.1 extracted to /Applications/MAMP/htdocs/js/dearlog/node_modules/.staging/type-8dc6233d (5294ms)[0m[K⸨[7m            [27m[90m░░░░░░[0m⸩ ⠇ extract:type: [7msill[0m [35mextract[0m type@^1.0.1 extracted to /Applications/MAMP/htdocs/js/dearlog/node_modules/.staging/type-8dc6233d (5294ms)[0m[K⸨[7m            [27m[90m░░░░░░[0m⸩ ⠇ extract:type: [7msill[0m [35mextract[0m type@^1.0.1 extracted to /Applications/MAMP/htdocs/js/dearlog/node_modules/.staging/type-8dc6233d (5294ms)[0m[K⸨[7m            [27m[90m░░░░░░[0m⸩ ⠇ extract:type: [7msill[0m [35mextract[0m type@^1.0.1 extracted to /Applications/MAMP/htdocs/js/dearlog/node_modules/.staging/type-8dc6233d (5294ms)[0m[K⸨[7m            [27m[90m░░░░░░[0m⸩ ⠇ extract:type: [7msill[0m [35mextract[0m type@^1.0.1 extracted to /Applications/MAMP/htdocs/js/dearlog/node_modules/.staging/type-8dc6233d (5294ms)[0m[K⸨[7m            [27m[90m░░░░░░[0m⸩ ⠇ extract:type: [7msill[0m [35mextract[0m type@^1.0.1 extracted to /Applications/MAMP/htdocs/js/dearlog/node_modules/.staging/type-8dc6233d (5294ms)[0m[K⸨[7m            [27m[90m░░░░░░[0m⸩ ⠇ extract:type: [7msill[0m [35mextract[0m type@^1.0.1 extracted to /Applications/MAMP/htdocs/js/dearlog/node_modules/.staging/type-8dc6233d (5294ms)[0m[K⸨[7m            [27m[90m░░░░░░[0m⸩ ⠇ extract:type: [7msill[0m [35mextract[0m type@^1.0.1 extracted to /Applications/MAMP/htdocs/js/dearlog/node_modules/.staging/type-8dc6233d (5294ms)[0m[K⸨[7m            [27m[90m░░░░░░[0m⸩ ⠇ extract:type: [7msill[0m [35mextract[0m type@^1.0.1 extracted to /Applications/MAMP/htdocs/js/dearlog/node_modules/.staging/type-8dc6233d (5294ms)[0m[K⸨[7m            [27m[90m░░░░░░[0m⸩ ⠇ extract:type: [7msill[0m [35mextract[0m type@^1.0.1 extracted to /Applications/MAMP/htdocs/js/dearlog/node_modules/.staging/type-8dc6233d (5294ms)[0m[K⸨[7m            [27m[90m░░░░░░[0m⸩ ⠇ extract:type: [7msill[0m [35mextract[0m type@^1.0.1 extracted to /Applications/MAMP/htdocs/js/dearlog/node_modules/.staging/type-8dc6233d (5294ms)[0m[K⸨[7m            [27m[90m░░░░░░[0m⸩ ⠇ extract:type: [7msill[0m [35mextract[0m type@^1.0.1 extracted to /Applications/MAMP/htdocs/js/dearlog/node_modules/.staging/type-8dc6233d (5294ms)[0m[K⸨[7m            [27m[90m░░░░░░[0m⸩ ⠇ extract:type: [7msill[0m [35mextract[0m type@^1.0.1 extracted to /Applications/MAMP/htdocs/js/dearlog/node_modules/.staging/type-8dc6233d (5294ms)[0m[K⸨[7m            [27m[90m░░░░░░[0m⸩ ⠇ extract:type: [7msill[0m [35mextract[0m type@^1.0.1 extracted to /Applications/MAMP/htdocs/js/dearlog/node_modules/.staging/type-8dc6233d (5294ms)[0m[K⸨[7m            [27m[90m░░░░░░[0m⸩ ⠇ extract:type: [7msill[0m [35mextract[0m type@^1.0.1 extracted to /Applications/MAMP/htdocs/js/dearlog/node_modules/.staging/type-8dc6233d (5294ms)[0m[K⸨[7m            [27m[90m░░░░░░[0m⸩ ⠇ extract:type: [7msill[0m [35mextract[0m type@^1.0.1 extracted to /Applications/MAMP/htdocs/js/dearlog/node_modules/.staging/type-8dc6233d (5294ms)[0m[K⸨[7m            [27m[90m░░░░░░[0m⸩ ⠇ extract:type: [7msill[0m [35mextract[0m type@^1.0.1 extracted to /Applications/MAMP/htdocs/js/dearlog/node_modules/.staging/type-8dc6233d (5294ms)[0m[K⸨[7m            [27m[90m░░░░░░[0m⸩ ⠇ extract:type: [7msill[0m [35mextract[0m type@^1.0.1 extracted to /Applications/MAMP/htdocs/js/dearlog/node_modules/.staging/type-8dc6233d (5294ms)[0m[K⸨[7m            [27m[90m░░░░░░[0m⸩ ⠇ extract:type: [7msill[0m [35mextract[0m type@^1.0.1 extracted to /Applications/MAMP/htdocs/js/dearlog/node_modules/.staging/type-8dc6233d (5294ms)[0m[K⸨[7m            [27m[90m░░░░░░[0m⸩ ⠇ extract:type: [7msill[0m [35mextract[0m type@^1.0.1 extracted to /Applications/MAMP/htdocs/js/dearlog/node_modules/.staging/type-8dc6233d (5294ms)[0m[K⸨[7m            [27m[90m░░░░░░[0m⸩ ⠏ extract:moment: [7msill[0m [35mextract[0m moment@^2.26.0 extracted to /Applications/MAMP/htdocs/js/dearlog/node_modules/.staging/moment-b18cbe55 (4284ms[0m[K⸨[7m            [27m[90m░░░░░░[0m⸩ ⠏ extract:moment: [7msill[0m [35mextract[0m moment@^2.26.0 extracted to /Applications/MAMP/htdocs/js/dearlog/node_modules/.staging/moment-b18cbe55 (4284ms[0m[K⸨[7m            [27m[90m░░░░░░[0m⸩ ⠋ extract:lodash: [7msill[0m [35mextract[0m lodash@^4.17.20 extracted to /Applications/MAMP/htdocs/js/dearlog/node_modules/.staging/lodash-2940906a (8616m[0m[K⸨[7m            [27m[90m░░░░░░[0m⸩ ⠋ extract:lodash: [7msill[0m [35mextract[0m lodash@^4.17.20 extracted to /Applications/MAMP/htdocs/js/dearlog/node_modules/.staging/lodash-2940906a (8616m[0m[K⸨[7m            [27m[90m░░░░░░[0m⸩ ⠋ extract:lodash: [7msill[0m [35mextract[0m lodash@^4.17.20 extracted to /Applications/MAMP/htdocs/js/dearlog/node_modules/.staging/lodash-2940906a (8616m[0m[K⸨[7m            [27m[90m░░░░░░[0m⸩ ⠋ extract:lodash: [7msill[0m [35mextract[0m lodash@^4.17.20 extracted to /Applications/MAMP/htdocs/js/dearlog/node_modules/.staging/lodash-2940906a (8616m[0m[K⸨[7m            [27m[90m░░░░░░[0m⸩ ⠋ extract:lodash: [7msill[0m [35mextract[0m lodash@^4.17.20 extracted to /Applications/MAMP/htdocs/js/dearlog/node_modules/.staging/lodash-2940906a (8616m[0m[K⸨[7m            [27m[90m░░░░░░[0m⸩ ⠋ extract:lodash: [7msill[0m [35mextract[0m lodash@^4.17.20 extracted to /Applications/MAMP/htdocs/js/dearlog/node_modules/.staging/lodash-2940906a (8616m[0m[K⸨[7m            [27m[90m░░░░░░[0m⸩ ⠧ finalize:sequelize-cli: [7msill[0m [35mdoSerial[0m finalize 2824[0m[K⸨[7m            [27m[90m░░░░░░[0m⸩ ⠴ finalize:defer-to-connect: [7msill[0m [35mfinalize[0m /Applications/MAMP/htdocs/js/dearlog/node_modules/defer-to-connect[0m[K⸨[7m            [27m[90m░░░░░░[0m⸩ ⠹ finalize:function-bind: [7msill[0m [35mfinalize[0m /Applications/MAMP/htdocs/js/dearlog/node_modules/function-bind[0m[K⸨[7m            [27m[90m░░░░░░[0m⸩ ⠏ finalize:semver: [7msill[0m [35mfinalize[0m /Applications/MAMP/htdocs/js/dearlog/node_modules/make-dir/node_modules/semver[0m[K⸨[7m            [27m[90m░░░░░░[0m⸩ ⠹ finalize:locate-path: [7msill[0m [35mfinalize[0m /Applications/MAMP/htdocs/js/dearlog/node_modules/locate-path[0m[K⸨[7m            [27m[90m░░░░░░[0m⸩ ⠹ finalize:setprototypeof: [7msill[0m [35mfinalize[0m /Applications/MAMP/htdocs/js/dearlog/node_modules/setprototypeof[0m[K⸨[7m            [27m[90m░░░░░░[0m⸩ ⠴ finalize:d: [7msill[0m [35mfinalize[0m /Applications/MAMP/htdocs/js/dearlog/node_modules/d[0m[K⸨[7m            [27m[90m░░░░░░[0m⸩ ⠴ finalize:wide-align: [7msill[0m [35mfinalize[0m /Applications/MAMP/htdocs/js/dearlog/node_modules/wide-align[0m[K⸨[7m            [27m[90m░░░░░░[0m⸩ ⠼ finalize:y18n: [7msill[0m [35mfinalize[0m /Applications/MAMP/htdocs/js/dearlog/node_modules/y18n[0m[K⸨[7m            [27m[90m░░░░░░[0m⸩ ⠏ finalize:debug: [7msill[0m [35mfinalize[0m /Applications/MAMP/htdocs/js/dearlog/node_modules/sequelize/node_modules/debug[0m[K⸨[7m            [27m[90m░░░░░░[0m⸩ ⠙ refresh-package-json:sequelize-cli: [32;40mtiming[0m [35maction:finalize[0m Completed in 476ms[0m[K⸨[7m            [27m[90m░░░░░░[0m⸩ ⠙ refresh-package-json:sequelize-cli: [32;40mtiming[0m [35maction:finalize[0m Completed in 476ms[0m[K⸨[7m            [27m[90m░░░░░░[0m⸩ ⠙ refresh-package-json:has-flag: [7msill[0m [35mrefresh-package-json[0m /Applications/MAMP/htdocs/js/dearlog/node_modules/cli-color[0m[K⸨[7m            [27m[90m░░░░░░[0m⸩ ⠙ refresh-package-json:has-flag: [7msill[0m [35mrefresh-package-json[0m /Applications/MAMP/htdocs/js/dearlog/node_modules/cli-color[0m[K⸨[7m            [27m[90m░░░░░░[0m⸩ ⠏ refresh-package-json:debug: [7msill[0m [35mrefresh-package-json[0m /Applications/MAMP/htdocs/js/dearlog/node_modules/readable-stream[0m[K⸨[7m            [27m[90m░░░░░░[0m⸩ ⠙ refresh-package-json:touch: [7msill[0m [35mrefresh-package-json[0m /Applications/MAMP/htdocs/js/dearlog/node_modules/url-parse-lax[0m[K⸨[7m            [27m[90m░░░░░░[0m⸩ ⠹ refresh-package-json:array-flatten: [7msill[0m [35mrefresh-package-json[0m /Applications/MAMP/htdocs/js/dearlog/node_modules/har-validator[0m[K⸨[7m            [27m[90m░░░░░░[0m⸩ ⠙ refresh-package-json:har-validator: [7msill[0m [35mrefresh-package-json[0m /Applications/MAMP/htdocs/js/dearlog/node_modules/setprototypeof[0m[K⸨[7m            [27m[90m░░░░░░[0m⸩ ⠙ refresh-package-json:har-validator: [7msill[0m [35mrefresh-package-json[0m /Applications/MAMP/htdocs/js/dearlog/node_modules/setprototypeof[0m[K⸨[7m            [27m[90m░░░░░░[0m⸩ ⠇ refresh-package-json:is-fullwidth-code-point: [7msill[0m [35mrefresh-package-json[0m /Applications/MAMP/htdocs/js/dearlog/node_modules/p-cancelable[0m[K⸨[7m            [27m[90m░░░░░░[0m⸩ ⠙ refresh-package-json:ansi-regex: [7msill[0m [35mrefresh-package-json[0m /Applications/MAMP/htdocs/js/dearlog/node_modules/os-tmpdir[0m[K⸨[7m            [27m[90m░░░░░░[0m⸩ ⠇ refresh-package-json:p-cancelable: [7msill[0m [35mrefresh-package-json[0m /Applications/MAMP/htdocs/js/dearlog/node_modules/json-stringify-safe[0m[K⸨[7m            [27m[90m░░░░░░[0m⸩ ⠙ refresh-package-json:nopt: [7msill[0m [35mrefresh-package-json[0m /Applications/MAMP/htdocs/js/dearlog/node_modules/json-buffer[0m[K⸨[7m            [27m[90m░░░░░░[0m⸩ ⠧ refresh-package-json:json-schema: [7msill[0m [35mrefresh-package-json[0m /Applications/MAMP/htdocs/js/dearlog/node_modules/fast-json-stable-stringify[0m[K⸨[7m            [27m[90m░░░░░░[0m⸩ ⠙ refresh-package-json:jsbn: [7msill[0m [35mrefresh-package-json[0m /Applications/MAMP/htdocs/js/dearlog/node_modules/ext[0m[K⸨[7m            [27m[90m░░░░░░[0m⸩ ⠦ preinstall:sequelize-cli: [32;40mtiming[0m [35maction:refresh-package-json[0m Completed in 855ms[0m[K⸨[7m            [27m[90m░░░░░░[0m⸩ ⠋ build:destroy: [7msill[0m [35mlinkStuff[0m destroy@1.0.4 has /Applications/MAMP/htdocs/js/dearlog/node_modules as its parent node_modules[0m[K⸨[7m            [27m[90m░░░░░░[0m⸩ ⠙ build:qs: [7msill[0m [35mlinkStuff[0m qs@6.5.2 has /Applications/MAMP/htdocs/js/dearlog/node_modules/request/node_modules as its parent node_modules[0m[K⸨[7m            [27m[90m░░░░░░[0m⸩ ⠴ build:update-notifier: [7msill[0m [35mlinkStuff[0m update-notifier@4.1.3 has /Applications/MAMP/htdocs/js/dearlog/node_modules as its parent node_module[0m[K⸨[7m            [27m[90m░░░░░░[0m⸩ ⠦ install:number-is-nan: [32minfo[0m [35mlifecycle[0m number-is-nan@1.0.1~install: number-is-nan@1.0.1[0m[K[K[?25h
> sqlite3@5.0.2 install /Applications/MAMP/htdocs/js/dearlog/node_modules/sqlite3
> node-pre-gyp install --fallback-to-build

[37;40mnode-pre-gyp[0m [0m[30;43mWARN[0m [0m[35mUsing request for node-pre-gyp https download[0m 
[0m[sqlite3] Success: "/Applications/MAMP/htdocs/js/dearlog/node_modules/sqlite3/lib/binding/napi-v3-darwin-x64/node_sqlite3.node" is installed via remote
[?25l⸨[7m            [27m[90m░░░░░░[0m⸩ ⠧ postinstall:editorconfig: [32minfo[0m [35mlifecycle[0m editorconfig@0.15.3~postinstall: editorconfig@0.15.3[0m[K[K[?25h
> nodemon@2.0.7 postinstall /Applications/MAMP/htdocs/js/dearlog/node_modules/nodemon
> node bin/postinstall || exit 0

[?25l⸨[7m            [27m[90m░░░░░░[0m⸩ ⠏ postinstall: [32minfo[0m [35mlifecycle[0m sequelize-cli@6.2.0~postinstall: sequelize-cli@6.2.0[0m[K⸨[7m            [27m[90m░░░░░░[0m⸩ ⠹ postinstall: [32minfo[0m [35mlifecycle[0m sequelize-cli@6.2.0~postinstall: sequelize-cli@6.2.0[0m[K[K[?25h[37;40mnpm[0m [0m[34;40mnotice[0m[35m[0m created a lockfile as package-lock.json. You should commit this file.
[0m[37;40mnpm[0m [0m[30;43mWARN[0m[35m[0m dearlog@1.0.0 No description
[0m[37;40mnpm[0m [0m[30;43mWARN[0m[35m[0m dearlog@1.0.0 No repository field.
[0m
+ body-parser@1.19.0
+ nodemon@2.0.7
+ sequelize-cli@6.2.0
+ express@4.17.1
+ sequelize@6.5.0
+ sqlite3@5.0.2
added 353 packages from 336 contributors and audited 353 packages in 36.14s
found [92m0[0m vulnerabilities

bash-3.2$ git status
On branch master
Changes not staged for commit:
  (use "git add <file>..." to update what will be committed)
  (use "git checkout -- <file>..." to discard changes in working directory)

	[31mmodified:   _log.txt[m
	[31mmodified:   package.json[m

Untracked files:
  (use "git add <file>..." to include in what will be committed)

	[31mpackage-lock.json[m

no changes added to commit (use "git add" and/or "git commit -a")
bash-3.2$ git status
On branch master
Changes not staged for commit:
  (use "git add <file>..." to update what will be committed)
  (use "git checkout -- <file>..." to discard changes in working directory)

	[31mmodified:   .gitignore[m
	[31mmodified:   _log.txt[m
	[31mmodified:   package.json[m

no changes added to commit (use "git add" and/or "git commit -a")
bash-3.2$ git add .
bash-3.2$ git add .status
On branch master
Changes to be committed:
  (use "git reset HEAD <file>..." to unstage)

	[32mmodified:   .gitignore[m
	[32mmodified:   _log.txt[m
	[32mmodified:   package.json[m

bash-3.2$ git commit -m ""i"n"s"t"a"l"l"i"n"g" "n"p"m" "p"a"c"k"a"g"e"s"
[master 8a0472c] installing npm packages
 Committer: julien himmer <julienhimmer@kgfgfgfgjhkjkljuhuyhythdesxdsxxdfghjvbnjlmp--jjun.local>
Your name and email address were configured automatically based
on your username and hostname. Please check that they are accurate.
You can suppress this message by setting them explicitly. Run the
following command and follow the instructions in your editor to edit
your configuration file:

    git config --global --edit

After doing this, you may fix the identity used for this commit with:

    git commit --amend --reset-author

 3 files changed, 94 insertions(+), 1 deletion(-)
bash-3.2$ npm start

> dearlog@1.0.0 start /Applications/MAMP/htdocs/js/dearlog
> nodemon server/index.js

[33m[nodemon] 2.0.7[39m
[33m[nodemon] to restart at any time, enter `rs`[39m
[33m[nodemon] watching path(s): *.*[39m
[33m[nodemon] watching extensions: js,mjs,json[39m
[32m[nodemon] starting `node server/index.js`[39m
hello
[32m[nodemon] clean exit - waiting for changes before restart[39m
^C
bash-3.2$ git status
On branch master
Changes not staged for commit:
  (use "git add <file>..." to update what will be committed)
  (use "git checkout -- <file>..." to discard changes in working directory)

	[31mmodified:   _log.txt[m
	[31mmodified:   package.json[m

Untracked files:
  (use "git add <file>..." to include in what will be committed)

	[31mserver/[m

no changes added to commit (use "git add" and/or "git commit -a")
bash-3.2$ gitt[K status[1Pnpm startgit commit -m "installing npm packages"[C[C[C[C[C[C[C[C[C[C[C[C[C[Cstatus[K[1Padd .
bash-3.2$ git add .status
On branch master
Changes to be committed:
  (use "git reset HEAD <file>..." to unstage)

	[32mmodified:   _log.txt[m
	[32mmodified:   package.json[m
	[32mnew file:   server/index.js[m

Changes not staged for commit:
  (use "git add <file>..." to update what will be committed)
  (use "git checkout -- <file>..." to discard changes in working directory)

	[31mmodified:   _log.txt[m

bash-3.2$ git status[1Padd .status
On branch master
Changes to be committed:
  (use "git reset HEAD <file>..." to unstage)

	[32mmodified:   _log.txt[m
	[32mmodified:   package.json[m
	[32mnew file:   server/index.js[m

Changes not staged for commit:
  (use "git add <file>..." to update what will be committed)
  (use "git checkout -- <file>..." to discard changes in working directory)

	[31mmodified:   _log.txt[m

bash-3.2$ git status[1Padd .
bash-3.2$ git add .status
On branch master
Changes to be committed:
  (use "git reset HEAD <file>..." to unstage)

	[32mmodified:   _log.txt[m
	[32mmodified:   package.json[m
	[32mnew file:   server/index.js[m

bash-3.2$ gt[Kit commn[Kit -m ""g"e"n"e"r"a"t"e" "i"n"d"e"x"."j"s" "a"n"d" "u"p"d"a"t"e" "p"a"c"k"a"g"e"."j"s"o"n" "w"i"t"h" "n"o"d"e"m"o"n"
[master cfe44a2] generate index.js and update package.json with nodemon
 Committer: julien himmer <julienhimmer@kgfgfgfgjhkjkljuhuyhythdesxdsxxdfghjvbnjlmp--jjun.local>
Your name and email address were configured automatically based
on your username and hostname. Please check that they are accurate.
You can suppress this message by setting them explicitly. Run the
following command and follow the instructions in your editor to edit
your configuration file:

    git config --global --edit

After doing this, you may fix the identity used for this commit with:

    git commit --amend --reset-author

 3 files changed, 57 insertions(+)
 create mode 100644 server/index.js
bash-3.2$ node_modules/.bin/sequelize init

[4mSequelize CLI [Node: 12.13.0, CLI: 6.2.0, ORM: 6.5.0][24m

Created "config/config.json"
Successfully created models folder at "/Applications/MAMP/htdocs/js/dearlog/models".
Successfully created migrations folder at "/Applications/MAMP/htdocs/js/dearlog/migrations".
Successfully created seeders folder at "/Applications/MAMP/htdocs/js/dearlog/seeders".
bash-3.2$ mkdir [K[K[K[K[K[Kls
_log.txt		migrations		node_modules		package.json		server
config			models			package-lock.json	seeders
bash-3.2$ mkdir db
bash-3.2$ node_modules/.bin/sequelize model:generate --name Log --attributes title:string,content:text,created_at:date,heart:boolean,namespace:string,tag:string

[4mSequelize CLI [Node: 12.13.0, CLI: 6.2.0, ORM: 6.5.0][24m

New model was created at [94m/Applications/MAMP/htdocs/js/dearlog/models/log.js[39m .
New migration was created at [94m/Applications/MAMP/htdocs/js/dearlog/migrations/20210220150841-create-log.js[39m .
bash-3.2$ node_modules/.bin/sequelize db:migrate

[4mSequelize CLI [Node: 12.13.0, CLI: 6.2.0, ORM: 6.5.0][24m

Loaded configuration file "config/config.json".
Using environment "development".
== 20210220150841-create-log: migrating =======
== 20210220150841-create-log: migrated (0.015s)

bash-3.2$ sqlite3 database.sqlite3
SQLite version 3.8.5 2014-08-15 22:37:57
Enter ".help" for usage hints.
sqlite> exit
   ...> ;
Error: near "exit": syntax error
sqlite> .exit
bash-3.2$ ls
_log.txt		database.sqlite3	migrations		node_modules		package.json		server
config			db			models			package-lock.json	seeders
bash-3.2$ rm database.sqlite3 
bash-3.2$ rm database.sqlite3 [C[C[C[C[C[C[C[C[C[Cls[Ksqlite3 database.sqlite3[K[K[K[K[K[K[K[K[K[K[K[K[K[K[K[K./db/database-dev.sqlite3 
SQLite version 3.8.5 2014-08-15 22:37:57
Enter ".help" for usage hints.
sqlite> .schema
CREATE TABLE `SequelizeMeta` (`name` VARCHAR(255) NOT NULL UNIQUE PRIMARY KEY);
CREATE TABLE `Logs` (`id` INTEGER PRIMARY KEY AUTOINCREMENT, `title` VARCHAR(255), `content` TEXT, `created_at` DATETIME, `heart` TINYINT(1), `namespace` VARCHAR(255), `tag` VARCHAR(255), `createdAt` DATETIME NOT NULL, `updatedAt` DATETIME NOT NULL);
sqlite> .schema[9G[K.schema[K[K[K[K[K[Kexit
bash-3.2$ sqlite3 ./db/database-dev.sqlite3 [C[C[C[C[C[C[C[C[C[C[14Prm database[C[C[C[C[C[C[C[C[C[C[C[C[C[C[C[C[C[C[Cls[Ksqlite3 database.sqlite3[C[C[C[C[C[C[C[C[C[Cnode_modules/.bin/sequelize db:migrate

[4mSequelize CLI [Node: 12.13.0, CLI: 6.2.0, ORM: 6.5.0][24m

Loaded configuration file "config/config.json".
Using environment "development".
No migrations were executed, database schema was already up to date.
bash-3.2$ node_modules/.bin/sequelize db:migrate

[4mSequelize CLI [Node: 12.13.0, CLI: 6.2.0, ORM: 6.5.0][24m

Loaded configuration file "config/config.json".
Using environment "development".
No migrations were executed, database schema was already up to date.
bash-3.2$ node_modules/.bin/sequelize db:migrate

[4mSequelize CLI [Node: 12.13.0, CLI: 6.2.0, ORM: 6.5.0][24m

Loaded configuration file "config/config.json".
Using environment "development".
No migrations were executed, database schema was already up to date.
bash-3.2$ node_modules/.bin/sequelize db:migrate

[4mSequelize CLI [Node: 12.13.0, CLI: 6.2.0, ORM: 6.5.0][24m

Loaded configuration file "config/config.json".
Using environment "development".
No migrations were executed, database schema was already up to date.
bash-3.2$ node_modules/.bin/sequelize db:migrate

[4mSequelize CLI [Node: 12.13.0, CLI: 6.2.0, ORM: 6.5.0][24m

Loaded configuration file "config/config.json".
Using environment "development".
No migrations were executed, database schema was already up to date.
bash-3.2$ node_modules/.bin/sequelize db:migrate

[4mSequelize CLI [Node: 12.13.0, CLI: 6.2.0, ORM: 6.5.0][24m

Loaded configuration file "config/config.json".
Using environment "development".
== 20210220150841-create-log: migrating =======
== 20210220150841-create-log: migrated (0.019s)

bash-3.2$ node_modules/.bin/sequelize db:migrate[C[C[C[C[C[C[C[C[C[C[4Psqlite3 ./db/database-dev.sqlite3 [C[C[C[C[C[C[C[C[C[C[14Prm database[C[C[C[C[C[C[C[C[C[C[C[C[C[C[C[C[C[C[C[14@sqlite3 ./db/database-dev[C[C[C[C[C[C[C[C[C
SQLite version 3.8.5 2014-08-15 22:37:57
Enter ".help" for usage hints.
sqlite> .schema
CREATE TABLE `SequelizeMeta` (`name` VARCHAR(255) NOT NULL UNIQUE PRIMARY KEY);
CREATE TABLE `Logs` (`id` INTEGER PRIMARY KEY AUTOINCREMENT, `title` VARCHAR(255), `content` TEXT, `heart` TINYINT(1), `namespace` VARCHAR(255), `tag` VARCHAR(255), `createdAt` DATETIME NOT NULL, `updatedAt` DATETIME NOT NULL);
sqlite> .exit
bash-3.2$ node_modules/.bin/sequelize seed:generate --name seed-contact


[4mSequelize CLI [Node: 12.13.0, CLI: 6.2.0, ORM: 6.5.0][24m

seeders folder at "/Applications/MAMP/htdocs/js/dearlog/seeders" already exists.
New seed was created at [94m/Applications/MAMP/htdocs/js/dearlog/seeders/20210220152051-seed-contact.js[39m .
bash-3.2$ 
bash-3.2$ node_modules/.bin/sequelize seed:generate --name seed-contact[K[K[K[K[K[K[Klog

[4mSequelize CLI [Node: 12.13.0, CLI: 6.2.0, ORM: 6.5.0][24m

seeders folder at "/Applications/MAMP/htdocs/js/dearlog/seeders" already exists.
New seed was created at [94m/Applications/MAMP/htdocs/js/dearlog/seeders/20210220152118-seed-log.js[39m .
bash-3.2$ node_modules/.bin/sequelize db:seed:all

[4mSequelize CLI [Node: 12.13.0, CLI: 6.2.0, ORM: 6.5.0][24m

Loaded configuration file "config/config.json".
Using environment "development".
== 20210220152118-seed-log: migrating =======

[31mERROR:[39m SQLITE_ERROR: no such table: Log

bash-3.2$ node_modules/.bin/sequelize db:seed:allseed:generate --name seed-logcontact[C[C[C[C[C[C[C[C[C[C[27Psqlite3 ./db/database-dev.sqlite3 [K
SQLite version 3.8.5 2014-08-15 22:37:57
Enter ".help" for usage hints.
sqlite> .schema
CREATE TABLE `SequelizeMeta` (`name` VARCHAR(255) NOT NULL UNIQUE PRIMARY KEY);
CREATE TABLE `Logs` (`id` INTEGER PRIMARY KEY AUTOINCREMENT, `title` VARCHAR(255), `content` TEXT, `heart` TINYINT(1), `namespace` VARCHAR(255), `tag` VARCHAR(255), `createdAt` DATETIME NOT NULL, `updatedAt` DATETIME NOT NULL);
sqlite> .exit
bash-3.2$ sqlite3 ./db/database-dev.sqlite3[C[C[C[C[C[C[C[C[C[Cnode_modules/.bin/sequelize db:seed:all

[4mSequelize CLI [Node: 12.13.0, CLI: 6.2.0, ORM: 6.5.0][24m

Loaded configuration file "config/config.json".
Using environment "development".
== 20210220152118-seed-log: migrating =======
== 20210220152118-seed-log: migrated (0.007s)

bash-3.2$ mp[K[Knpm install --save moe[Kment
[?25l⸨[90m░░░░░░░░░░░░░░░░░░[0m⸩ ⠧ rollbackFailedOptional: [34;40mverb[0m [35mnpm-session[0m 544b27c8b12a2eb8[0m[K⸨[90m░░░░░░░░░░░░░░░░░░[0m⸩ ⠧ rollbackFailedOptional: [34;40mverb[0m [35mnpm-session[0m 544b27c8b12a2eb8[0m[K⸨[90m░░░░░░░░░░░░░░░░░░[0m⸩ ⠧ rollbackFailedOptional: [34;40mverb[0m [35mnpm-session[0m 544b27c8b12a2eb8[0m[K⸨[90m░░░░░░░░░░░░░░░░░░[0m⸩ ⠧ rollbackFailedOptional: [34;40mverb[0m [35mnpm-session[0m 544b27c8b12a2eb8[0m[K⸨[90m░░░░░░░░░░░░░░░░░░[0m⸩ ⠧ rollbackFailedOptional: [34;40mverb[0m [35mnpm-session[0m 544b27c8b12a2eb8[0m[K⸨[90m░░░░░░░░░░░░░░░░░░[0m⸩ ⠧ rollbackFailedOptional: [34;40mverb[0m [35mnpm-session[0m 544b27c8b12a2eb8[0m[K⸨[90m░░░░░░░░░░░░░░░░░░[0m⸩ ⠧ rollbackFailedOptional: [34;40mverb[0m [35mnpm-session[0m 544b27c8b12a2eb8[0m[K⸨[90m░░░░░░░░░░░░░░░░░░[0m⸩ ⠧ rollbackFailedOptional: [34;40mverb[0m [35mnpm-session[0m 544b27c8b12a2eb8[0m[K⸨[90m░░░░░░░░░░░░░░░░░░[0m⸩ ⠧ rollbackFailedOptional: [34;40mverb[0m [35mnpm-session[0m 544b27c8b12a2eb8[0m[K⸨[90m░░░░░░░░░░░░░░░░░░[0m⸩ ⠧ rollbackFailedOptional: [34;40mverb[0m [35mnpm-session[0m 544b27c8b12a2eb8[0m[K⸨[90m░░░░░░░░░░░░░░░░░░[0m⸩ ⠧ rollbackFailedOptional: [34;40mverb[0m [35mnpm-session[0m 544b27c8b12a2eb8[0m[K⸨[90m░░░░░░░░░░░░░░░░░░[0m⸩ ⠧ rollbackFailedOptional: [34;40mverb[0m [35mnpm-session[0m 544b27c8b12a2eb8[0m[K⸨[90m░░░░░░░░░░░░░░░░░░[0m⸩ ⠧ rollbackFailedOptional: [34;40mverb[0m [35mnpm-session[0m 544b27c8b12a2eb8[0m[K⸨[90m░░░░░░░░░░░░░░░░░░[0m⸩ ⠧ rollbackFailedOptional: [34;40mverb[0m [35mnpm-session[0m 544b27c8b12a2eb8[0m[K⸨[90m░░░░░░░░░░░░░░░░░░[0m⸩ ⠧ rollbackFailedOptional: [34;40mverb[0m [35mnpm-session[0m 544b27c8b12a2eb8[0m[K⸨[90m░░░░░░░░░░░░░░░░░░[0m⸩ ⠧ rollbackFailedOptional: [34;40mverb[0m [35mnpm-session[0m 544b27c8b12a2eb8[0m[K⸨[90m░░░░░░░░░░░░░░░░░░[0m⸩ ⠧ rollbackFailedOptional: [34;40mverb[0m [35mnpm-session[0m 544b27c8b12a2eb8[0m[K⸨[90m░░░░░░░░░░░░░░░░░░[0m⸩ ⠏ rollbackFailedOptional: [34;40mverb[0m [35mnpm-session[0m 544b27c8b12a2eb8[0m[K⸨[90m░░░░░░░░░░░░░░░░░░[0m⸩ ⠴ loadIdealTree:loadAllDepsIntoIdealTree: [7msill[0m [35minstall[0m loadIdealTree[0m[K⸨[7m      [27m[90m░░░░░░░░░░░░[0m⸩ ⠏ loadExtraneous: [7msill[0m [35mremoveObsoleteDep[0m removing moment@2.29.1 from the tree as its been replaced by a newer version or is no longer require[0m[K⸨[7m      [27m[90m░░░░░░░░░░░░[0m⸩ ⠏ loadExtraneous: [7msill[0m [35mremoveObsoleteDep[0m removing moment@2.29.1 from the tree as its been replaced by a newer version or is no longer require[0m[K⸨[7m      [27m[90m░░░░░░░░░░░░[0m⸩ ⠏ loadExtraneous: [7msill[0m [35mremoveObsoleteDep[0m removing moment@2.29.1 from the tree as its been replaced by a newer version or is no longer require[0m[K⸨[7m      [27m[90m░░░░░░░░░░░░[0m⸩ ⠏ loadExtraneous: [7msill[0m [35mremoveObsoleteDep[0m removing moment@2.29.1 from the tree as its been replaced by a newer version or is no longer require[0m[K⸨[7m      [27m[90m░░░░░░░░░░░░[0m⸩ ⠏ loadExtraneous: [7msill[0m [35mremoveObsoleteDep[0m removing moment@2.29.1 from the tree as its been replaced by a newer version or is no longer require[0m[K⸨[7m      [27m[90m░░░░░░░░░░░░[0m⸩ ⠏ loadExtraneous: [7msill[0m [35mremoveObsoleteDep[0m removing moment@2.29.1 from the tree as its been replaced by a newer version or is no longer require[0m[K⸨[7m      [27m[90m░░░░░░░░░░░░[0m⸩ ⠏ loadExtraneous: [7msill[0m [35mremoveObsoleteDep[0m removing moment@2.29.1 from the tree as its been replaced by a newer version or is no longer require[0m[K⸨[7m      [27m[90m░░░░░░░░░░░░[0m⸩ ⠏ loadExtraneous: [7msill[0m [35mremoveObsoleteDep[0m removing moment@2.29.1 from the tree as its been replaced by a newer version or is no longer require[0m[K⸨[7m      [27m[90m░░░░░░░░░░░░[0m⸩ ⠼ diffTrees: [7msill[0m [35minstall[0m generateActionsToTake[0m[K⸨[7m       [27m[90m░░░░░░░░░░░[0m⸩ ⠙ postinstall: [7msill[0m [35minstall[0m executeActions[0m[K⸨[7m       [27m[90m░░░░░░░░░░░[0m⸩ ⠴ extract:moment: [34;40mverb[0m [35mlock[0m using /Users/julienhimmer/.npm/_locks/staging-23c06d81d95126f9.lock for /Applications/MAMP/htdocs/js/dearlog/node[0m[K⸨[7m       [27m[90m░░░░░░░░░░░[0m⸩ ⠴ extract:moment: [34;40mverb[0m [35mlock[0m using /Users/julienhimmer/.npm/_locks/staging-23c06d81d95126f9.lock for /Applications/MAMP/htdocs/js/dearlog/node[0m[K⸨[7m       [27m[90m░░░░░░░░░░░[0m⸩ ⠴ extract:moment: [34;40mverb[0m [35mlock[0m using /Users/julienhimmer/.npm/_locks/staging-23c06d81d95126f9.lock for /Applications/MAMP/htdocs/js/dearlog/node[0m[K⸨[7m       [27m[90m░░░░░░░░░░░[0m⸩ ⠴ extract:moment: [34;40mverb[0m [35mlock[0m using /Users/julienhimmer/.npm/_locks/staging-23c06d81d95126f9.lock for /Applications/MAMP/htdocs/js/dearlog/node[0m[K⸨[7m       [27m[90m░░░░░░░░░░░[0m⸩ ⠴ extract:moment: [34;40mverb[0m [35mlock[0m using /Users/julienhimmer/.npm/_locks/staging-23c06d81d95126f9.lock for /Applications/MAMP/htdocs/js/dearlog/node[0m[K⸨[7m       [27m[90m░░░░░░░░░░░[0m⸩ ⠴ extract:moment: [34;40mverb[0m [35mlock[0m using /Users/julienhimmer/.npm/_locks/staging-23c06d81d95126f9.lock for /Applications/MAMP/htdocs/js/dearlog/node[0m[K⸨[7m       [27m[90m░░░░░░░░░░░[0m⸩ ⠴ extract:moment: [34;40mverb[0m [35mlock[0m using /Users/julienhimmer/.npm/_locks/staging-23c06d81d95126f9.lock for /Applications/MAMP/htdocs/js/dearlog/node[0m[K⸨[7m       [27m[90m░░░░░░░░░░░[0m⸩ ⠴ extract:moment: [34;40mverb[0m [35mlock[0m using /Users/julienhimmer/.npm/_locks/staging-23c06d81d95126f9.lock for /Applications/MAMP/htdocs/js/dearlog/node[0m[K⸨[7m       [27m[90m░░░░░░░░░░░[0m⸩ ⠴ extract:moment: [34;40mverb[0m [35mlock[0m using /Users/julienhimmer/.npm/_locks/staging-23c06d81d95126f9.lock for /Applications/MAMP/htdocs/js/dearlog/node[0m[K⸨[7m       [27m[90m░░░░░░░░░░░[0m⸩ ⠴ extract:moment: [34;40mverb[0m [35mlock[0m using /Users/julienhimmer/.npm/_locks/staging-23c06d81d95126f9.lock for /Applications/MAMP/htdocs/js/dearlog/node[0m[K⸨[7m       [27m[90m░░░░░░░░░░░[0m⸩ ⠴ extract:moment: [34;40mverb[0m [35mlock[0m using /Users/julienhimmer/.npm/_locks/staging-23c06d81d95126f9.lock for /Applications/MAMP/htdocs/js/dearlog/node[0m[K⸨[7m       [27m[90m░░░░░░░░░░░[0m⸩ ⠴ extract:moment: [34;40mverb[0m [35mlock[0m using /Users/julienhimmer/.npm/_locks/staging-23c06d81d95126f9.lock for /Applications/MAMP/htdocs/js/dearlog/node[0m[K⸨[7m       [27m[90m░░░░░░░░░░░[0m⸩ ⠴ extract:moment: [34;40mverb[0m [35mlock[0m using /Users/julienhimmer/.npm/_locks/staging-23c06d81d95126f9.lock for /Applications/MAMP/htdocs/js/dearlog/node[0m[K⸨[7m       [27m[90m░░░░░░░░░░░[0m⸩ ⠴ extract:moment: [34;40mverb[0m [35mlock[0m using /Users/julienhimmer/.npm/_locks/staging-23c06d81d95126f9.lock for /Applications/MAMP/htdocs/js/dearlog/node[0m[K⸨[7m       [27m[90m░░░░░░░░░░░[0m⸩ ⠴ extract:moment: [34;40mverb[0m [35mlock[0m using /Users/julienhimmer/.npm/_locks/staging-23c06d81d95126f9.lock for /Applications/MAMP/htdocs/js/dearlog/node[0m[K⸨[7m       [27m[90m░░░░░░░░░░░[0m⸩ ⠴ extract:moment: [34;40mverb[0m [35mlock[0m using /Users/julienhimmer/.npm/_locks/staging-23c06d81d95126f9.lock for /Applications/MAMP/htdocs/js/dearlog/node[0m[K⸨[7m       [27m[90m░░░░░░░░░░░[0m⸩ ⠴ extract:moment: [34;40mverb[0m [35mlock[0m using /Users/julienhimmer/.npm/_locks/staging-23c06d81d95126f9.lock for /Applications/MAMP/htdocs/js/dearlog/node[0m[K⸨[7m       [27m[90m░░░░░░░░░░░[0m⸩ ⠴ extract:moment: [34;40mverb[0m [35mlock[0m using /Users/julienhimmer/.npm/_locks/staging-23c06d81d95126f9.lock for /Applications/MAMP/htdocs/js/dearlog/node[0m[K⸨[7m       [27m[90m░░░░░░░░░░░[0m⸩ ⠴ extract:moment: [34;40mverb[0m [35mlock[0m using /Users/julienhimmer/.npm/_locks/staging-23c06d81d95126f9.lock for /Applications/MAMP/htdocs/js/dearlog/node[0m[K⸨[7m       [27m[90m░░░░░░░░░░░[0m⸩ ⠴ extract:moment: [34;40mverb[0m [35mlock[0m using /Users/julienhimmer/.npm/_locks/staging-23c06d81d95126f9.lock for /Applications/MAMP/htdocs/js/dearlog/node[0m[K⸨[7m       [27m[90m░░░░░░░░░░░[0m⸩ ⠴ extract:moment: [34;40mverb[0m [35mlock[0m using /Users/julienhimmer/.npm/_locks/staging-23c06d81d95126f9.lock for /Applications/MAMP/htdocs/js/dearlog/node[0m[K⸨[7m       [27m[90m░░░░░░░░░░░[0m⸩ ⠴ extract:moment: [34;40mverb[0m [35mlock[0m using /Users/julienhimmer/.npm/_locks/staging-23c06d81d95126f9.lock for /Applications/MAMP/htdocs/js/dearlog/node[0m[K⸨[7m       [27m[90m░░░░░░░░░░░[0m⸩ ⠴ extract:moment: [34;40mverb[0m [35mlock[0m using /Users/julienhimmer/.npm/_locks/staging-23c06d81d95126f9.lock for /Applications/MAMP/htdocs/js/dearlog/node[0m[K⸨[7m       [27m[90m░░░░░░░░░░░[0m⸩ ⠴ extract:moment: [34;40mverb[0m [35mlock[0m using /Users/julienhimmer/.npm/_locks/staging-23c06d81d95126f9.lock for /Applications/MAMP/htdocs/js/dearlog/node[0m[K⸨[7m       [27m[90m░░░░░░░░░░░[0m⸩ ⠴ extract:moment: [34;40mverb[0m [35mlock[0m using /Users/julienhimmer/.npm/_locks/staging-23c06d81d95126f9.lock for /Applications/MAMP/htdocs/js/dearlog/node[0m[K⸨[7m       [27m[90m░░░░░░░░░░░[0m⸩ ⠴ extract:moment: [34;40mverb[0m [35mlock[0m using /Users/julienhimmer/.npm/_locks/staging-23c06d81d95126f9.lock for /Applications/MAMP/htdocs/js/dearlog/node[0m[K⸨[7m       [27m[90m░░░░░░░░░░░[0m⸩ ⠴ extract:moment: [34;40mverb[0m [35mlock[0m using /Users/julienhimmer/.npm/_locks/staging-23c06d81d95126f9.lock for /Applications/MAMP/htdocs/js/dearlog/node[0m[K⸨[7m       [27m[90m░░░░░░░░░░░[0m⸩ ⠴ extract:moment: [34;40mverb[0m [35mlock[0m using /Users/julienhimmer/.npm/_locks/staging-23c06d81d95126f9.lock for /Applications/MAMP/htdocs/js/dearlog/node[0m[K⸨[7m       [27m[90m░░░░░░░░░░░[0m⸩ ⠴ extract:moment: [34;40mverb[0m [35mlock[0m using /Users/julienhimmer/.npm/_locks/staging-23c06d81d95126f9.lock for /Applications/MAMP/htdocs/js/dearlog/node[0m[K⸨[7m       [27m[90m░░░░░░░░░░░[0m⸩ ⠴ extract:moment: [34;40mverb[0m [35mlock[0m using /Users/julienhimmer/.npm/_locks/staging-23c06d81d95126f9.lock for /Applications/MAMP/htdocs/js/dearlog/node[0m[K⸨[7m       [27m[90m░░░░░░░░░░░[0m⸩ ⠴ extract:moment: [34;40mverb[0m [35mlock[0m using /Users/julienhimmer/.npm/_locks/staging-23c06d81d95126f9.lock for /Applications/MAMP/htdocs/js/dearlog/node[0m[K⸨[7m       [27m[90m░░░░░░░░░░░[0m⸩ ⠴ extract:moment: [34;40mverb[0m [35mlock[0m using /Users/julienhimmer/.npm/_locks/staging-23c06d81d95126f9.lock for /Applications/MAMP/htdocs/js/dearlog/node[0m[K⸨[7m       [27m[90m░░░░░░░░░░░[0m⸩ ⠇ extract:moment: [34;40mverb[0m [35mlock[0m using /Users/julienhimmer/.npm/_locks/staging-23c06d81d95126f9.lock for /Applications/MAMP/htdocs/js/dearlog/node[0m[K⸨[7m       [27m[90m░░░░░░░░░░░[0m⸩ ⠇ extract:moment: [34;40mverb[0m [35mlock[0m using /Users/julienhimmer/.npm/_locks/staging-23c06d81d95126f9.lock for /Applications/MAMP/htdocs/js/dearlog/node[0m[K⸨[7m       [27m[90m░░░░░░░░░░░[0m⸩ ⠇ extract:moment: [34;40mverb[0m [35mlock[0m using /Users/julienhimmer/.npm/_locks/staging-23c06d81d95126f9.lock for /Applications/MAMP/htdocs/js/dearlog/node[0m[K⸨[7m       [27m[90m░░░░░░░░░░░[0m⸩ ⠇ extract:moment: [34;40mverb[0m [35mlock[0m using /Users/julienhimmer/.npm/_locks/staging-23c06d81d95126f9.lock for /Applications/MAMP/htdocs/js/dearlog/node[0m[K⸨[7m       [27m[90m░░░░░░░░░░░[0m⸩ ⠇ extract:moment: [34;40mverb[0m [35mlock[0m using /Users/julienhimmer/.npm/_locks/staging-23c06d81d95126f9.lock for /Applications/MAMP/htdocs/js/dearlog/node[0m[K⸨[7m       [27m[90m░░░░░░░░░░░[0m⸩ ⠇ extract:moment: [34;40mverb[0m [35mlock[0m using /Users/julienhimmer/.npm/_locks/staging-23c06d81d95126f9.lock for /Applications/MAMP/htdocs/js/dearlog/node[0m[K⸨[7m            [27m[90m░░░░░░[0m⸩ ⠏ remove:moment: [7msill[0m [35mdoSerial[0m remove 10[0m[K⸨[7m            [27m[90m░░░░░░[0m⸩ ⠏ remove:moment: [7msill[0m [35mdoSerial[0m remove 10[0m[K⸨[7m            [27m[90m░░░░░░[0m⸩ ⠸ finalize:moment: [7msill[0m [35mdoSerial[0m finalize 10[0m[K⸨[7m            [27m[90m░░░░░░[0m⸩ ⠹ postinstall: [32minfo[0m [35mlifecycle[0m moment@2.29.1~postinstall: moment@2.29.1[0m[K⸨[7m            [27m[90m░░░░░░[0m⸩ ⠴ postinstall: [32minfo[0m [35mlifecycle[0m moment@2.29.1~postinstall: moment@2.29.1[0m[K[K[?25h[37;40mnpm[0m [0m[30;43mWARN[0m[35m[0m dearlog@1.0.0 No description
[0m[37;40mnpm[0m [0m[30;43mWARN[0m[35m[0m dearlog@1.0.0 No repository field.
[0m
+ moment@2.29.1
updated 1 package and audited 354 packages in 4.8s
found [92m0[0m vulnerabilities

bash-3.2$ touch[K[K[K[K[Kmkdir sandboc[Kx
bash-3.2$ touch s
sandbox/ seeders/ server/  
bash-3.2$ touch sandbox/moment.js
bash-3.2$ node sanf[Kdbox/moment.js 
bash-3.2$ node sandbox/moment.js 
2021-02-20 16:33:49
bash-3.2$ node sandbox/moment.js [C[C[C[C[C[C[C[C[C[Ctouch sandbox/moment.js[C[C[C[C[C[C[C[C[C[C[10Pmkdir sandbox[C[C[C[C[C[C[C[C[C[Cnpm install --save moment[C[C[C[C[C[C[C[C[C[C[Code_modules/.bin/sequelize db:seed:all[K[K[Kudno[K[K[Kndo

[4mSequelize CLI [Node: 12.13.0, CLI: 6.2.0, ORM: 6.5.0][24m

Loaded configuration file "config/config.json".
Using environment "development".
== 20210220152118-seed-log: reverting =======
== 20210220152118-seed-log: reverted (0.003s)

bash-3.2$ node_modules/.bin/sequelize db:seed:undo

[4mSequelize CLI [Node: 12.13.0, CLI: 6.2.0, ORM: 6.5.0][24m

Loaded configuration file "config/config.json".
Using environment "development".
== 20210220152118-seed-log: reverting =======
Options:
  --version          Affiche le numéro de version                                                                                                         [booléen]
  --help             Affiche de l'aide                                                                                                                    [booléen]
  --env              The environment to run the command in                                                            [chaine de caractère] [défaut: "development"]
  --config           The path to the config file                                                                                              [chaine de caractère]
  --options-path     The path to a JSON file with additional options                                                                          [chaine de caractère]
  --migrations-path  The path to the migrations folder                                                                 [chaine de caractère] [défaut: "migrations"]
  --seeders-path     The path to the seeders folder                                                                       [chaine de caractère] [défaut: "seeders"]
  --models-path      The path to the models folder                                                                         [chaine de caractère] [défaut: "models"]
  --url              The database connection string to use. Alternative to using --config files                                               [chaine de caractère]
  --debug            When available show various debug information                                                                        [booléen] [défaut: false]
  --seed             List of seed files                                                                                                                   [tableau]

Error: Cannot find module 'sequelize/types/lib/operators'
Require stack:
- /Applications/MAMP/htdocs/js/dearlog/seeders/20210220152118-seed-log.js
- /Applications/MAMP/htdocs/js/dearlog/node_modules/umzug/lib/migration.js
- /Applications/MAMP/htdocs/js/dearlog/node_modules/umzug/lib/index.js
- /Applications/MAMP/htdocs/js/dearlog/node_modules/sequelize-cli/lib/core/migrator.js
- /Applications/MAMP/htdocs/js/dearlog/node_modules/sequelize-cli/lib/commands/migrate.js
- /Applications/MAMP/htdocs/js/dearlog/node_modules/sequelize-cli/lib/sequelize
[90m    at Function.Module._resolveFilename (internal/modules/cjs/loader.js:794:15)[39m
[90m    at Function.Module._load (internal/modules/cjs/loader.js:687:27)[39m
[90m    at Module.require (internal/modules/cjs/loader.js:849:19)[39m
[90m    at require (internal/modules/cjs/helpers.js:74:18)[39m
    at Object.<anonymous> (/Applications/MAMP/htdocs/js/dearlog/seeders/20210220152118-seed-log.js:5:16)
[90m    at Module._compile (internal/modules/cjs/loader.js:956:30)[39m
[90m    at Object.Module._extensions..js (internal/modules/cjs/loader.js:973:10)[39m
[90m    at Module.load (internal/modules/cjs/loader.js:812:32)[39m
[90m    at Function.Module._load (internal/modules/cjs/loader.js:724:14)[39m
[90m    at Module.require (internal/modules/cjs/loader.js:849:19)[39m
[90m    at require (internal/modules/cjs/helpers.js:74:18)[39m
    at Migration.migration (/Applications/MAMP/htdocs/js/dearlog/node_modules/[4mumzug[24m/lib/migration.js:75:12)
    at /Applications/MAMP/htdocs/js/dearlog/node_modules/[4mumzug[24m/lib/migration.js:121:37
    at Generator.next (<anonymous>)
    at asyncGeneratorStep (/Applications/MAMP/htdocs/js/dearlog/node_modules/[4mumzug[24m/lib/migration.js:9:103)
    at _next (/Applications/MAMP/htdocs/js/dearlog/node_modules/[4mumzug[24m/lib/migration.js:11:194) {
  code: [32m'MODULE_NOT_FOUND'[39m,
  requireStack: [
    [32m'/Applications/MAMP/htdocs/js/dearlog/seeders/20210220152118-seed-log.js'[39m,
    [32m'/Applications/MAMP/htdocs/js/dearlog/node_modules/umzug/lib/migration.js'[39m,
    [32m'/Applications/MAMP/htdocs/js/dearlog/node_modules/umzug/lib/index.js'[39m,
    [32m'/Applications/MAMP/htdocs/js/dearlog/node_modules/sequelize-cli/lib/core/migrator.js'[39m,
    [32m'/Applications/MAMP/htdocs/js/dearlog/node_modules/sequelize-cli/lib/commands/migrate.js'[39m,
    [32m'/Applications/MAMP/htdocs/js/dearlog/node_modules/sequelize-cli/lib/sequelize'[39m
  ]
}
bash-3.2$ node_modules/.bin/sequelize db:seed:undo

[4mSequelize CLI [Node: 12.13.0, CLI: 6.2.0, ORM: 6.5.0][24m

Loaded configuration file "config/config.json".
Using environment "development".
== 20210220152118-seed-log: reverting =======
Options:
  --version          Affiche le numéro de version                                                                                                         [booléen]
  --help             Affiche de l'aide                                                                                                                    [booléen]
  --env              The environment to run the command in                                                            [chaine de caractère] [défaut: "development"]
  --config           The path to the config file                                                                                              [chaine de caractère]
  --options-path     The path to a JSON file with additional options                                                                          [chaine de caractère]
  --migrations-path  The path to the migrations folder                                                                 [chaine de caractère] [défaut: "migrations"]
  --seeders-path     The path to the seeders folder                                                                       [chaine de caractère] [défaut: "seeders"]
  --models-path      The path to the models folder                                                                         [chaine de caractère] [défaut: "models"]
  --url              The database connection string to use. Alternative to using --config files                                               [chaine de caractère]
  --debug            When available show various debug information                                                                        [booléen] [défaut: false]
  --seed             List of seed files                                                                                                                   [tableau]

Error: Cannot find module 'sequelize/types/lib/operators'
Require stack:
- /Applications/MAMP/htdocs/js/dearlog/seeders/20210220152118-seed-log.js
- /Applications/MAMP/htdocs/js/dearlog/node_modules/umzug/lib/migration.js
- /Applications/MAMP/htdocs/js/dearlog/node_modules/umzug/lib/index.js
- /Applications/MAMP/htdocs/js/dearlog/node_modules/sequelize-cli/lib/core/migrator.js
- /Applications/MAMP/htdocs/js/dearlog/node_modules/sequelize-cli/lib/commands/migrate.js
- /Applications/MAMP/htdocs/js/dearlog/node_modules/sequelize-cli/lib/sequelize
[90m    at Function.Module._resolveFilename (internal/modules/cjs/loader.js:794:15)[39m
[90m    at Function.Module._load (internal/modules/cjs/loader.js:687:27)[39m
[90m    at Module.require (internal/modules/cjs/loader.js:849:19)[39m
[90m    at require (internal/modules/cjs/helpers.js:74:18)[39m
    at Object.<anonymous> (/Applications/MAMP/htdocs/js/dearlog/seeders/20210220152118-seed-log.js:5:16)
[90m    at Module._compile (internal/modules/cjs/loader.js:956:30)[39m
[90m    at Object.Module._extensions..js (internal/modules/cjs/loader.js:973:10)[39m
[90m    at Module.load (internal/modules/cjs/loader.js:812:32)[39m
[90m    at Function.Module._load (internal/modules/cjs/loader.js:724:14)[39m
[90m    at Module.require (internal/modules/cjs/loader.js:849:19)[39m
[90m    at require (internal/modules/cjs/helpers.js:74:18)[39m
    at Migration.migration (/Applications/MAMP/htdocs/js/dearlog/node_modules/[4mumzug[24m/lib/migration.js:75:12)
    at /Applications/MAMP/htdocs/js/dearlog/node_modules/[4mumzug[24m/lib/migration.js:121:37
    at Generator.next (<anonymous>)
    at asyncGeneratorStep (/Applications/MAMP/htdocs/js/dearlog/node_modules/[4mumzug[24m/lib/migration.js:9:103)
    at _next (/Applications/MAMP/htdocs/js/dearlog/node_modules/[4mumzug[24m/lib/migration.js:11:194) {
  code: [32m'MODULE_NOT_FOUND'[39m,
  requireStack: [
    [32m'/Applications/MAMP/htdocs/js/dearlog/seeders/20210220152118-seed-log.js'[39m,
    [32m'/Applications/MAMP/htdocs/js/dearlog/node_modules/umzug/lib/migration.js'[39m,
    [32m'/Applications/MAMP/htdocs/js/dearlog/node_modules/umzug/lib/index.js'[39m,
    [32m'/Applications/MAMP/htdocs/js/dearlog/node_modules/sequelize-cli/lib/core/migrator.js'[39m,
    [32m'/Applications/MAMP/htdocs/js/dearlog/node_modules/sequelize-cli/lib/commands/migrate.js'[39m,
    [32m'/Applications/MAMP/htdocs/js/dearlog/node_modules/sequelize-cli/lib/sequelize'[39m
  ]
}
bash-3.2$ node_modules/.bin/sequelize db:seed:undo:all

[4mSequelize CLI [Node: 12.13.0, CLI: 6.2.0, ORM: 6.5.0][24m

Loaded configuration file "config/config.json".
Using environment "development".
== 20210220152118-seed-log: reverting =======

[31mERROR:[39m Cannot find module 'sequelize/types/lib/operators'
Require stack:
- /Applications/MAMP/htdocs/js/dearlog/seeders/20210220152118-seed-log.js
- /Applications/MAMP/htdocs/js/dearlog/node_modules/umzug/lib/migration.js
- /Applications/MAMP/htdocs/js/dearlog/node_modules/umzug/lib/index.js
- /Applications/MAMP/htdocs/js/dearlog/node_modules/sequelize-cli/lib/core/migrator.js
- /Applications/MAMP/htdocs/js/dearlog/node_modules/sequelize-cli/lib/commands/migrate.js
- /Applications/MAMP/htdocs/js/dearlog/node_modules/sequelize-cli/lib/sequelize

bash-3.2$ node_modules/.bin/sequelize db:seed:undo:all

[4mSequelize CLI [Node: 12.13.0, CLI: 6.2.0, ORM: 6.5.0][24m

Loaded configuration file "config/config.json".
Using environment "development".
== 20210220152118-seed-log: reverting =======
== 20210220152118-seed-log: reverted (0.002s)

bash-3.2$ node_modules/.bin/sequelize db:seed:undo:all

[4mSequelize CLI [Node: 12.13.0, CLI: 6.2.0, ORM: 6.5.0][24m

Loaded configuration file "config/config.json".
Using environment "development".
== 20210220152118-seed-log: reverting =======
DOWN
== 20210220152118-seed-log: reverted (0.001s)

bash-3.2$ node_modules/.bin/sequelize db:seed:undo:all

[4mSequelize CLI [Node: 12.13.0, CLI: 6.2.0, ORM: 6.5.0][24m

Loaded configuration file "config/config.json".
Using environment "development".
== 20210220152118-seed-log: reverting =======
== 20210220152118-seed-log: reverted (0.008s)

bash-3.2$ node_modules/.bin/sequelize db:seed:undo:all[K[C[C[C[C[C[C[C[C[C[C[C[C[C[C[17P sandbox/moment.js [C[C[C[C[C[C[C[C[C[Ctouch sandbox/moment.js[C[C[C[C[C[C[C[C[C[C[10Pmkdir sandbox[C[C[C[C[C[C[C[C[C[Cnpm install --save moment[C[C[C[C[C[C[C[C[C[C[Code_modules/.bin/sequelize db:seed:all[C[C[C[C[C[C[C[C[C[C[6Psqlite3 ./db/database-dev.sqlite3[C[C[C[C[C[C[C[C[C[Cnode_modules/.bin/sequelize db:seed:all

[4mSequelize CLI [Node: 12.13.0, CLI: 6.2.0, ORM: 6.5.0][24m

Loaded configuration file "config/config.json".
Using environment "development".
== 20210220152118-seed-log: migrating =======

[31mERROR:[39m SQLITE_ERROR: no such table: Logs

bash-3.2$ node_modules/.bin/sequelize db:seed:allundo:all[K[C[C[C[C[C[C[C[C[C[C[C[C[C[C[17P sandbox/moment.js [C[C[C[C[C[C[C[C[C[Ctouch sandbox/moment.js[C[C[C[C[C[C[C[C[C[C[10Pmkdir sandbox[C[C[C[C[C[C[C[C[C[Cnpm install --save moment[C[C[C[C[C[C[C[C[C[C[Code_modules/.bin/sequelize db:seed:all[C[C[C[C[C[C[C[C[C[C[6Psqlite3 ./db/database-dev.sqlite3[C[C[C[C[C[C[C[C[C[Cnode_modules/.bin/sequelize db:seed:allseed:generate --name seed-log

[4mSequelize CLI [Node: 12.13.0, CLI: 6.2.0, ORM: 6.5.0][24m

seeders folder at "/Applications/MAMP/htdocs/js/dearlog/seeders" already exists.
New seed was created at [94m/Applications/MAMP/htdocs/js/dearlog/seeders/20210220154527-seed-log.js[39m .
bash-3.2$ node_modules/.bin/sequelize seed:generate --name seed-log[18Pdb:seed:allundo:all[K[C[C[C[C[C[C[C[C[C[C[C[C[C[C[17P sandbox/moment.js [C[C[C[C[C[C[C[C[C[C[C[C[C[C_modules/.bin/sequelize db:seed:undo[C[C[C[C[C[C[C[C[C[C[C[C[C[C[17P sandbox/moment.js [C[C[C[C[C[C[C[C[C[Ctouch sandbox/moment.js[C[C[C[C[C[C[C[C[C[C[10Pmkdir sandbox[C[C[C[C[C[C[C[C[C[Cnpm install --save moment[C[C[C[C[C[C[C[C[C[C[Code_modules/.bin/sequelize db:seed:all[C[C[C[C[C[C[C[C[C[C[6Psqlite3 ./db/database-dev.sqlite3[C[C[C[C[C[C[C[C[C[Cnode_modules/.bin/sequelize db:seed:allseed:generate --name seed-logcontact[C[C[C[C[C[C[C[C[C[C[27Psqlite3 ./db/database-dev.sqlite3 [C[C[C[C[C[C[C[C[C[Cnode_modules/.bin/sequelize db:migrate[C[C[C[C[C[C[C[C[C[C[4Psqlite3 ./db/database-dev.sqlite3 [C[C[C[C[C[C[C[C[C[Cnode_modules/.bin/sequelize seed:generate --name seed-contact[4Plog[18Pdb:seed:all[C[C[C[C[C[C[C[C[C[C[6Psqlite3 ./db/database-dev.sqlite3[C[C[C[C[C[C[C[C[C[Cnode_modules/.bin/sequelize db:seed:all[C[C[C[C[C[C[C[C[C[C[C[14Ppm install --save moment[C[C[C[C[C[C[C[C[C[C[12Pmkdir sandbox[C[C[C[C[C[C[C[C[C[Ctouch sandbox/moment.js[C[C[C[C[C[C[C[C[C[Cnode sandbox/moment.js [C[C[C[C[C[C[C[C[C[C[C[C[C[C_modules/.bin/sequelize db:seed:undo:all[5Pallseed:generate --name seed-log[C[C[C[C[C[C[C[C[C[C[Knode_modules/.bin/sequelize seed:generate --name seed-log[18Pdb:seed:allundo:all[K[C[C[C[C[C[C[C[C[C[C[C[C[C[C[17P sandbox/moment.js [C[C[C[C[C[C[C[C[C[Ctouch sandbox/moment.js[C[C[C[C[C[C[C[C[C[C[10Pmkdir sandbox[C[C[C[C[C[C[C[C[C[Cnpm install --save moment[C[C[C[C[C[C[C[C[C[C[Code_modules/.bin/sequelize db:seed:all[C[C[C[C[C[C[C[C[C[C[6Psqlite3 ./db/database-dev.sqlite3[C[C[C[C[C[C[C[C[C[Cnode_modules/.bin/sequelize db:seed:allseed:generate --name seed-logcontact[C[C[C[C[C[C[C[C[C[C[27Psqlite3 ./db/database-dev.sqlite3 [C[C[C[C[C[C[C[C[C[Cnode_modules/.bin/sequelize db:migrate[C[C[C[C[C[C[C[C[C[C[4Psqlite3 ./db/database-dev.sqlite3 [C[C[C[C[C[C[C[C[C[Cnode_modules/.bin/sequelize db:migrate

[4mSequelize CLI [Node: 12.13.0, CLI: 6.2.0, ORM: 6.5.0][24m

Loaded configuration file "config/config.json".
Using environment "development".
No migrations were executed, database schema was already up to date.
bash-3.2$ node_modules/.bin/sequelize db:migrateseed:generate --name seed-log[18Pdb:seed:allundo:all[K[C[C[C[C[C[C[C[C[C[C[C[C[C[C[17P sandbox/moment.js [C[C[C[C[C[C[C[C[C[Ctouch sandbox/moment.js[C[C[C[C[C[C[C[C[C[C[10Pmkdir sandbox[C[C[C[C[C[C[C[C[C[Cnpm install --save moment[C[C[C[C[C[C[C[C[C[C[Code_modules/.bin/sequelize db:seed:all[C[C[C[C[C[C[C[C[C[C[6Psqlite3 ./db/database-dev.sqlite3[C[C[C[C[C[C[C[C[C[Cnode_modules/.bin/sequelize db:seed:allseed:generate --name seed-logcontact[C[C[C[C[C[C[C[C[C[C[27Psqlite3 ./db/database-dev.sqlite3 [C[C[C[C[C[C[C[C[C[Cnode_modules/.bin/sequelize db:migrate[C[C[C[C[C[C[C[C[C[C[4Psqlite3 ./db/database-dev.sqlite3 [C[C[C[C[C[C[C[C[C[C[14Prm database[C[C[C[C[C[C[C[C[C[C[C[C[C[C[C[C[C[C[Cls[Ksqlite3 database.sqlite3[C[C[C[C[C[C[C[C[C[Cnode_modules/.bin/sequelize db:migratemodel:generate --name Log --attributes title:string,content:text,created_at:date,heart:boolean,namespace:string,tag:string

[4mSequelize CLI [Node: 12.13.0, CLI: 6.2.0, ORM: 6.5.0][24m


[31mERROR:[39m The file [94m/Applications/MAMP/htdocs/js/dearlog/models/log.js[39m already exists. Run command with --force to overwrite it.

bash-3.2$ node_modules/.bin/sequelize model:generate --name Log --attributes title:string,content:text,created_at:date,heart:boolean,namespace:string,tag:string[C[C[C[C[C[C[C[C[C[C[C[C[C[C[C[C[C[C[C[C[C[C[C[C[C[C[C[C[C[C[C[C[C[C[C[C[C[Cdb:migrate[Kseed:generate --name seed-log[18Pdb:seed:allundo:all[5Pall

[4mSequelize CLI [Node: 12.13.0, CLI: 6.2.0, ORM: 6.5.0][24m

Loaded configuration file "config/config.json".
Using environment "development".
== 20210220152118-seed-log: migrating =======

[31mERROR:[39m SQLITE_ERROR: no such table: Logs

bash-3.2$ node_modules/.bin/sequelize db:seed:allmodel:generate --name Log --attributes title:string,content:text,created_at:date,heart:boolean,namespace:string,tag:string[C[C[C[C[C[C[C[C[C[C[C[C[C[C[C[C[C[C[C[C[C[C[C[C[C[C[C[C[C[C[C[C[C[C[C[C[C[Cdb:migrate[Kseed:generate --name seed-log[18Pdb:seed:allundo:all[K[K[K[K[K[K[K[K[K[K[K[K[K[K[K[K[K[K[K[K[K[K[K[K[K[K[K[K[K[K[K[K[K[K[K[K[K[K[K[K[Knode_modules/.bin/sequelize model:generate --name Log --attributes title:string,content:text,heart:boolean,namespace:string,tag:string

[4mSequelize CLI [Node: 12.13.0, CLI: 6.2.0, ORM: 6.5.0][24m


[31mERROR:[39m The file [94m/Applications/MAMP/htdocs/js/dearlog/models/log.js[39m already exists. Run command with --force to overwrite it.

bash-3.2$ node_modules/.bin/sequelize db:migrate

[4mSequelize CLI [Node: 12.13.0, CLI: 6.2.0, ORM: 6.5.0][24m

Loaded configuration file "config/config.json".
Using environment "development".
No migrations were executed, database schema was already up to date.
bash-3.2$ node_modules/.bin/sequelize db:seed:all

[4mSequelize CLI [Node: 12.13.0, CLI: 6.2.0, ORM: 6.5.0][24m

Loaded configuration file "config/config.json".
Using environment "development".
== 20210220152118-seed-log: migrating =======

[31mERROR:[39m SQLITE_ERROR: no such table: Logs

bash-3.2$ node_modules/.bin/sequelize seed:generate --name seed-contact[K[K[K[K[K[K[Klog

[4mSequelize CLI [Node: 12.13.0, CLI: 6.2.0, ORM: 6.5.0][24m

seeders folder at "/Applications/MAMP/htdocs/js/dearlog/seeders" already exists.
New seed was created at [94m/Applications/MAMP/htdocs/js/dearlog/seeders/20210220155817-seed-log.js[39m .
bash-3.2$ node_modules/.bin/sequelize db:seed:all

[4mSequelize CLI [Node: 12.13.0, CLI: 6.2.0, ORM: 6.5.0][24m

Loaded configuration file "config/config.json".
Using environment "development".
== 20210220155817-seed-log: migrating =======

[31mERROR:[39m moment is not defined

bash-3.2$ node_modules/.bin/sequelize db:seed:all

[4mSequelize CLI [Node: 12.13.0, CLI: 6.2.0, ORM: 6.5.0][24m

Loaded configuration file "config/config.json".
Using environment "development".
== 20210220155817-seed-log: migrating =======

[31mERROR:[39m SQLITE_ERROR: no such table: Logs

bash-3.2$ node_modules/.bin/sequelize db:seed:all

[4mSequelize CLI [Node: 12.13.0, CLI: 6.2.0, ORM: 6.5.0][24m

Loaded configuration file "config/config.json".
Using environment "development".
== 20210220155817-seed-log: migrating =======

[31mERROR:[39m DataTypes is not defined

bash-3.2$ node_modules/.bin/sequelize db:seed:allseed:generate --name seed-log[18Pdb:seed:all[1Pmigratemodel:generate --name Log --attributes title:string,content:text,heart:boolean,namespace:string,tag:string[C[C[C[C[C[C[C[C[C[C[C[C[C[C[C[C[C[C[C[C[C[C[C[C[C[C[C[C[C[C[C[C[C[C[C[C[C[Cdb:migrate[K

[4mSequelize CLI [Node: 12.13.0, CLI: 6.2.0, ORM: 6.5.0][24m

Loaded configuration file "config/config.json".
Using environment "development".
No migrations were executed, database schema was already up to date.
bash-3.2$ node_modules/.bin/sequelize db:migrate;[K:undoi[K

[4mSequelize CLI [Node: 12.13.0, CLI: 6.2.0, ORM: 6.5.0][24m

Loaded configuration file "config/config.json".
Using environment "development".
== 20210220150841-create-log: reverting =======
== 20210220150841-create-log: reverted (0.008s)

bash-3.2$ node_modules/.bin/sequelize db:migrate:undo[K

[4mSequelize CLI [Node: 12.13.0, CLI: 6.2.0, ORM: 6.5.0][24m

Loaded configuration file "config/config.json".
Using environment "development".
== 20210220150841-create-log: migrating =======
== 20210220150841-create-log: migrated (0.015s)

bash-3.2$ node_modules/.bin/sequelize db:migrate:undo[Kseed:all

[4mSequelize CLI [Node: 12.13.0, CLI: 6.2.0, ORM: 6.5.0][24m

Loaded configuration file "config/config.json".
Using environment "development".
== 20210220155817-seed-log: migrating =======
== 20210220155817-seed-log: migrated (0.007s)

bash-3.2$ node_modules/.bin/sequelize db:seed:all[1Pmigrate:undo[Kseed:allseed:generate --name seed-log[18Pdb:seed:all[1Pmigratemodel:generate --name Log --attributes title:string,content:text,heart:boolean,namespace:string,tag:string[C[C[C[C[C[C[C[C[C[C[C[C[C[C[C[C[C[C[C[C[C[C[C[C[C[C[C[C[C[C[C[C[C[C[C[C[C[Cdb:seed:all[Kmodel:generate --name Log --attributes title:string,content:text,created_at:date,heart:boolean,namespace:string,tag:string[C[C[C[C[C[C[C[C[C[C[C[C[C[C[C[C[C[C[C[C[C[C[C[C[C[C[C[C[C[C[C[C[C[C[C[C[C[Cdb:migrate[Kseed:generate --name seed-log[18Pdb:seed:allundo:all

[4mSequelize CLI [Node: 12.13.0, CLI: 6.2.0, ORM: 6.5.0][24m

Loaded configuration file "config/config.json".
Using environment "development".
== 20210220155817-seed-log: reverting =======
== 20210220155817-seed-log: reverted (0.006s)

bash-3.2$ node_modules/.bin/sequelize db:seed:undo:all[5Pall

[4mSequelize CLI [Node: 12.13.0, CLI: 6.2.0, ORM: 6.5.0][24m

Loaded configuration file "config/config.json".
Using environment "development".
== 20210220155817-seed-log: migrating =======
== 20210220155817-seed-log: migrated (0.007s)

bash-3.2$ git status
On branch master
Changes not staged for commit:
  (use "git add <file>..." to update what will be committed)
  (use "git checkout -- <file>..." to discard changes in working directory)

	[31mmodified:   _log.txt[m
	[31mmodified:   package.json[m
	[31mmodified:   server/index.js[m

Untracked files:
  (use "git add <file>..." to include in what will be committed)

	[31mconfig/[m
	[31mdb/[m
	[31mmigrations/[m
	[31mmodels/[m
	[31msandbox/[m
	[31mseeders/[m

no changes added to commit (use "git add" and/or "git commit -a")
bash-3.2$ gi[K[Kgit add /[K.
bash-3.2$ git add .status
On branch master
Changes to be committed:
  (use "git reset HEAD <file>..." to unstage)

	[32mmodified:   _log.txt[m
	[32mnew file:   config/config.json[m
	[32mnew file:   db/database-dev.sqlite3[m
	[32mnew file:   migrations/20210220150841-create-log.js[m
	[32mnew file:   models/index.js[m
	[32mnew file:   models/log.js[m
	[32mmodified:   package.json[m
	[32mnew file:   sandbox/moment.js[m
	[32mnew file:   seeders/20210220155817-seed-log.js[m
	[32mmodified:   server/index.js[m

bash-3.2$ git status[1Padd .statusnode_modules/.bin/sequelize db:seed:allundo:all[5Pall[C[C[C[C[C[C[C[C[C[Cgit status[K[1Padd .status[Kgit commit )[K-m[3Pstatus[1Padd .status
On branch master
Changes to be committed:
  (use "git reset HEAD <file>..." to unstage)

	[32mmodified:   _log.txt[m
	[32mnew file:   config/config.json[m
	[32mnew file:   db/database-dev.sqlite3[m
	[32mnew file:   migrations/20210220150841-create-log.js[m
	[32mnew file:   models/index.js[m
	[32mnew file:   models/log.js[m
	[32mmodified:   package.json[m
	[32mnew file:   sandbox/moment.js[m
	[32mnew file:   seeders/20210220155817-seed-log.js[m
	[32mmodified:   server/index.js[m

bash-3.2$ git status[1Padd .status[K[K[K[K[K[Kcommit -me[K ""s"e"t" "O"R"M"uORM"pORM" ORM"
[master d2d4b99] set up ORM
 Committer: julien himmer <julienhimmer@kgfgfgfgjhkjkljuhuyhythdesxdsxxdfghjvbnjlmp--jjun.local>
Your name and email address were configured automatically based
on your username and hostname. Please check that they are accurate.
You can suppress this message by setting them explicitly. Run the
following command and follow the instructions in your editor to edit
your configuration file:

    git config --global --edit

After doing this, you may fix the identity used for this commit with:

    git commit --amend --reset-author

 10 files changed, 737 insertions(+), 3 deletions(-)
 create mode 100644 config/config.json
 create mode 100644 db/database-dev.sqlite3
 create mode 100644 migrations/20210220150841-create-log.js
 create mode 100644 models/index.js
 create mode 100644 models/log.js
 create mode 100644 sandbox/moment.js
 create mode 100644 seeders/20210220155817-seed-log.js
bash-3.2$ /Applications/MAMP/htdocs/js/dearlog/public/assets/css [C[C[C[C[C[C[C[C[C[C[1@c[1@d[1@ 
bash-3.2$ touch style.css
bash-3.2$ git status
On branch master
Changes not staged for commit:
  (use "git add <file>..." to update what will be committed)
  (use "git checkout -- <file>..." to discard changes in working directory)

	[31mmodified:   ../../../_log.txt[m
	[31mmodified:   ../../../server/index.js[m

Untracked files:
  (use "git add <file>..." to include in what will be committed)

	[31m../../[m

no changes added to commit (use "git add" and/or "git commit -a")
bash-3.2$ cd ..
bash-3.2$ ls
css
bash-3.2$ cd ..
bash-3.2$ cd ..
bash-3.2$ ls
_log.txt		db			models			package-lock.json	public			seeders
config			migrations		node_modules		package.json		sandbox			server
bash-3.2$ lscd ..[3Plscd ..git status
On branch master
Changes not staged for commit:
  (use "git add <file>..." to update what will be committed)
  (use "git checkout -- <file>..." to discard changes in working directory)

	[31mmodified:   _log.txt[m
	[31mmodified:   server/index.js[m

Untracked files:
  (use "git add <file>..." to include in what will be committed)

	[31mpublic/[m

no changes added to commit (use "git add" and/or "git commit -a")
bash-3.2$ git add .
bash-3.2$ git commit -m [5Padd .statusls[Kgit status
On branch master
Changes to be committed:
  (use "git reset HEAD <file>..." to unstage)

	[32mmodified:   _log.txt[m
	[32mnew file:   public/assets/css/style.css[m
	[32mnew file:   public/index.html[m
	[32mmodified:   server/index.js[m

bash-3.2$ git status[1Padd .statusls[Kcd ..[3Plsgit status[1Padd .status[Kgit commit -m ""c"r"e"a"t"i"n"g" "p"u"b"c"l"i"[1P"[1P"[1P"l"i"c" "a"c"c"e"s"s" "a"n"d" "g"e"t" "p"o"t"[1P"s"s"[1P"t" "d"e"l"e"t"e" "p"u"t" "a"p"i"
[master 5128e05] creating public access and get post delete put api
 Committer: julien himmer <julienhimmer@kgfgfgfgjhkjkljuhuyhythdesxdsxxdfghjvbnjlmp--jjun.local>
Your name and email address were configured automatically based
on your username and hostname. Please check that they are accurate.
You can suppress this message by setting them explicitly. Run the
following command and follow the instructions in your editor to edit
your configuration file:

    git config --global --edit

After doing this, you may fix the identity used for this commit with:

    git commit --amend --reset-author

 4 files changed, 163 insertions(+), 3 deletions(-)
 create mode 100644 public/assets/css/style.css
 create mode 100644 public/index.html
 rewrite server/index.js (94%)
bash-3.2$ git commit -m "creating public access and get post delete put api"[C[C[C[C[C[C[C[C[C[C[C[C[C[Cstatus[K[1Padd .statusls[Kcd ..[3Plscd ..git statustouch style.css[C[C[C[C[C[C[C[C[C[Ccd /Applications/MAMP/htdocs/js/dearlog/public/assets/css [C[C[C[C[C[C[C[C[C[C[32Pgit commit -m "set up ORM"[C[C[C[C[C[C[C[C[C[Ccd /Applications/MAMP/htdocs/js/dearlog/public/assets/css [C[C[C[C[C[C[C[C[C[C[32Pgit commit -m "set up ORM"[C[C[C[C[C[C[C[C[C[C[C[C[C[Cstatus[K
On branch master
Changes not staged for commit:
  (use "git add <file>..." to update what will be committed)
  (use "git checkout -- <file>..." to discard changes in working directory)

	[31mmodified:   _log.txt[m
	[31mmodified:   db/database-dev.sqlite3[m
	[31mmodified:   server/index.js[m

no changes added to commit (use "git add" and/or "git commit -a")
bash-3.2$ git statuscommit -m "creating public access and get post delete put api"[C[C[C[C[C[C[C[C[C[C[C[C[C[Cstatus[K[1Padd .statusls[Kcd ..[3Plscd ..git statustouch style.css[C[C[C[C[C[C[C[C[C[Ccd /Applications/MAMP/htdocs/js/dearlog/public/assets/css [C[C[C[C[C[C[C[C[C[C[32Pgit commit -m "set up ORM"[C[C[C[C[C[C[C[C[C[C[C[C[C[Cstatus[K[1Padd .statusnode_modules/.bin/sequelize db:seed:allundo:all[5Pall[1Pmigrateseed:allundo:all

[4mSequelize CLI [Node: 12.13.0, CLI: 6.2.0, ORM: 6.5.0][24m

Loaded configuration file "config/config.json".
Using environment "development".
== 20210220155817-seed-log: reverting =======
== 20210220155817-seed-log: reverted (0.006s)

bash-3.2$ node_modules/.bin/sequelize db:seed:undo:all[C[C[C[C[C[C[C[C[C[Cgit status[Kcommit -m "creating public access and get post delete put api"[C[C[C[C[C[C[C[C[C[C[C[C[C[Cstatus[K[1Padd .statusls[Kcd ..[3Plscd ..git statustouch style.css[C[C[C[C[C[C[C[C[C[Ccd /Applications/MAMP/htdocs/js/dearlog/public/assets/css [C[C[C[C[C[C[C[C[C[C[32Pgit commit -m "set up ORM"[C[C[C[C[C[C[C[C[C[C[C[C[C[Cstatus[K[1Padd .statusnode_modules/.bin/sequelize db:seed:allundo:all[5Pall

[4mSequelize CLI [Node: 12.13.0, CLI: 6.2.0, ORM: 6.5.0][24m

Loaded configuration file "config/config.json".
Using environment "development".
== 20210220155817-seed-log: migrating =======
== 20210220155817-seed-log: migrated (0.008s)

bash-3.2$ ls
_log.txt		db			models			package-lock.json	public			seeders
config			migrations		node_modules		package.json		sandbox			server
bash-3.2$ cd sandbox/
bash-3.2$ node ./sn[K[Ks[Ksa[K[K[K[K[K[K[K[K[Kls
moment.js
bash-3.2$ node ./mon[Kment.js 
/Applications/MAMP/htdocs/js/dearlog/sandbox/moment.js:5
dateTime = moment( string)
^

ReferenceError: moment is not defined
    at Object.<anonymous> (/Applications/MAMP/htdocs/js/dearlog/sandbox/moment.js:5:1)
[90m    at Module._compile (internal/modules/cjs/loader.js:956:30)[39m
[90m    at Object.Module._extensions..js (internal/modules/cjs/loader.js:973:10)[39m
[90m    at Module.load (internal/modules/cjs/loader.js:812:32)[39m
[90m    at Function.Module._load (internal/modules/cjs/loader.js:724:14)[39m
[90m    at Function.Module.runMain (internal/modules/cjs/loader.js:1025:10)[39m
[90m    at internal/main/run_main_module.js:17:11[39m
bash-3.2$ node ./moment.js 
Deprecation warning: value provided is not in a recognized RFC2822 or ISO format. moment construction falls back to js Date(), which is not reliable across all browsers and versions. Non RFC2822/ISO date formats are discouraged. Please refer to http://momentjs.com/guides/#/warnings/js-date/ for more info.
Arguments: 
[0] _isAMomentObject: true, _isUTC: false, _useUTC: false, _l: undefined, _i: 2021-02-20 17:59:52.485 +00:00, _f: undefined, _strict: undefined, _locale: [object Object]
Error
    at Function.createFromInputFallback (/Applications/MAMP/htdocs/js/dearlog/node_modules/moment/moment.js:319:25)
    at configFromString (/Applications/MAMP/htdocs/js/dearlog/node_modules/moment/moment.js:2536:19)
    at configFromInput (/Applications/MAMP/htdocs/js/dearlog/node_modules/moment/moment.js:2977:13)
    at prepareConfig (/Applications/MAMP/htdocs/js/dearlog/node_modules/moment/moment.js:2960:13)
    at createFromConfig (/Applications/MAMP/htdocs/js/dearlog/node_modules/moment/moment.js:2927:44)
    at createLocalOrUTC (/Applications/MAMP/htdocs/js/dearlog/node_modules/moment/moment.js:3021:16)
    at createLocal (/Applications/MAMP/htdocs/js/dearlog/node_modules/moment/moment.js:3025:16)
    at hooks (/Applications/MAMP/htdocs/js/dearlog/node_modules/moment/moment.js:16:29)
    at Object.<anonymous> (/Applications/MAMP/htdocs/js/dearlog/sandbox/moment.js:7:12)
    at Module._compile (internal/modules/cjs/loader.js:956:30)
Moment<2021-02-20T18:59:52+01:00>
bash-3.2$ node ./moment.js 
/Applications/MAMP/htdocs/js/dearlog/sandbox/moment.js:12
aus1_s =  moment.tz(string, dateFormat, region);
                 ^

TypeError: moment.tz is not a function
    at Object.<anonymous> (/Applications/MAMP/htdocs/js/dearlog/sandbox/moment.js:12:18)
[90m    at Module._compile (internal/modules/cjs/loader.js:956:30)[39m
[90m    at Object.Module._extensions..js (internal/modules/cjs/loader.js:973:10)[39m
[90m    at Module.load (internal/modules/cjs/loader.js:812:32)[39m
[90m    at Function.Module._load (internal/modules/cjs/loader.js:724:14)[39m
[90m    at Function.Module.runMain (internal/modules/cjs/loader.js:1025:10)[39m
[90m    at internal/main/run_main_module.js:17:11[39m
bash-3.2$ node ./moment.js 
[36m[Function: format][39m
bash-3.2$ node ./moment.js 
2021-02-20T18:59:52+01:00
bash-3.2$ node ./moment.js 
2021-02-20T19:11:59+01:00
bash-3.2$ node ./moment.js 
20 February 19:11
bash-3.2$ git -[Kstatus
On branch master
Changes not staged for commit:
  (use "git add <file>..." to update what will be committed)
  (use "git checkout -- <file>..." to discard changes in working directory)

	[31mmodified:   ../_log.txt[m
	[31mmodified:   ../config/config.json[m
	[31mmodified:   ../db/database-dev.sqlite3[m
	[31mmodified:   ../models/index.js[m
	[31mmodified:   ../models/log.js[m
	[31mmodified:   moment.js[m
	[31mmodified:   ../server/index.js[m

no changes added to commit (use "git add" and/or "git commit -a")
bash-3.2$ git status[Kgit statusnode ./moment.js [C[C[C[C[C[C[C[C[C[C[7Pgit status[K[K[K[K[K[Kadd .
bash-3.2$ git commit -m "é"[K[K"a"p"i" "a"m"[1P"l"m"o"s"t" "f"i"n"i"s"h"e"d"
[master a9ed598] api almost finished
 Committer: julien himmer <julienhimmer@kgfgfgfgjhkjkljuhuyhythdesxdsxxdfghjvbnjlmp--jjun.local>
Your name and email address were configured automatically based
on your username and hostname. Please check that they are accurate.
You can suppress this message by setting them explicitly. Run the
following command and follow the instructions in your editor to edit
your configuration file:

    git config --global --edit

After doing this, you may fix the identity used for this commit with:

    git commit --amend --reset-author

 1 file changed, 7 insertions(+), 1 deletion(-)
bash-3.2$ git commit -m "api almost finished"[C[C[C[C[C[C[C[C[C[C[C[C[C[Cadd .[Kstatus
On branch master
Changes not staged for commit:
  (use "git add <file>..." to update what will be committed)
  (use "git checkout -- <file>..." to discard changes in working directory)

	[31mmodified:   ../_log.txt[m
	[31mmodified:   ../config/config.json[m
	[31mmodified:   ../db/database-dev.sqlite3[m
	[31mmodified:   ../models/index.js[m
	[31mmodified:   ../models/log.js[m
	[31mmodified:   ../server/index.js[m

no changes added to commit (use "git add" and/or "git commit -a")
bash-3.2$ git status
On branch master
Changes not staged for commit:
  (use "git add <file>..." to update what will be committed)
  (use "git checkout -- <file>..." to discard changes in working directory)

	[31mmodified:   ../_log.txt[m
	[31mmodified:   ../config/config.json[m
	[31mmodified:   ../db/database-dev.sqlite3[m
	[31mmodified:   ../models/index.js[m
	[31mmodified:   ../models/log.js[m
	[31mmodified:   ../server/index.js[m

no changes added to commit (use "git add" and/or "git commit -a")
bash-3.2$ git statuscommit -m "api almost finished"[C[C[C[C[C[C[C[C[C[C[C[C[C[Cadd .[K
bash-3.2$ git add .status
On branch master
Changes not staged for commit:
  (use "git add <file>..." to update what will be committed)
  (use "git checkout -- <file>..." to discard changes in working directory)

	[31mmodified:   ../_log.txt[m
	[31mmodified:   ../config/config.json[m
	[31mmodified:   ../db/database-dev.sqlite3[m
	[31mmodified:   ../models/index.js[m
	[31mmodified:   ../models/log.js[m
	[31mmodified:   ../server/index.js[m

no changes added to commit (use "git add" and/or "git commit -a")
bash-3.2$ 